../../../../../../../Drivers/STM32WLxx_HAL_Driver/Inc/stm32wlxx_ll_bus.h:449:22:LL_AHB2_GRP1_EnableClock	1
C:/Users/Marina/STM32CubeWL_ContPulse/Projects/NUCLEO-WL55JC/Examples/GPIO/GPIO_EXTI/Src/main.c:75:6:sampling	5
C:/Users/Marina/STM32CubeWL_ContPulse/Projects/NUCLEO-WL55JC/Examples/GPIO/GPIO_EXTI/Src/main.c:123:5:main	4
C:/Users/Marina/STM32CubeWL_ContPulse/Projects/NUCLEO-WL55JC/Examples/GPIO/GPIO_EXTI/Src/main.c:196:6:SystemClock_Config	3
C:/Users/Marina/STM32CubeWL_ContPulse/Projects/NUCLEO-WL55JC/Examples/GPIO/GPIO_EXTI/Src/main.c:239:13:EXTI2_IRQHandler_Config	1
C:/Users/Marina/STM32CubeWL_ContPulse/Projects/NUCLEO-WL55JC/Examples/GPIO/GPIO_EXTI/Src/main.c:267:6:HAL_GPIO_EXTI_Callback	3
C:/Users/Marina/STM32CubeWL_ContPulse/Projects/NUCLEO-WL55JC/Examples/GPIO/GPIO_EXTI/Src/main.c:285:6:Error_Handler	1
