../../../../../../../Drivers/STM32WLxx_HAL_Driver/Inc/stm32wlxx_ll_rcc.h:1257:22:LL_RCC_LSE_SetDriveCapability	16	static
../../../../../../../Drivers/STM32WLxx_HAL_Driver/Inc/stm32wlxx_ll_bus.h:449:22:LL_AHB2_GRP1_EnableClock	24	static
../../../../../../../Drivers/STM32WLxx_HAL_Driver/Inc/stm32wlxx_ll_bus.h:489:22:LL_AHB2_GRP1_DisableClock	16	static
C:/Users/Marina/STM32CubeWL_ContPulse/Projects/NUCLEO-WL55JC/Examples/GPIO/GPIO_EXTI/Src/main.c:63:6:task_sampling_bt1	8	static
C:/Users/Marina/STM32CubeWL_ContPulse/Projects/NUCLEO-WL55JC/Examples/GPIO/GPIO_EXTI/Src/main.c:106:6:task_sampling_bt2	8	static
C:/Users/Marina/STM32CubeWL_ContPulse/Projects/NUCLEO-WL55JC/Examples/GPIO/GPIO_EXTI/Src/main.c:144:6:task_print_pulse_count	8	static
C:/Users/Marina/STM32CubeWL_ContPulse/Projects/NUCLEO-WL55JC/Examples/GPIO/GPIO_EXTI/Src/main.c:150:6:UTIL_SEQ_Idle	8	static
C:/Users/Marina/STM32CubeWL_ContPulse/Projects/NUCLEO-WL55JC/Examples/GPIO/GPIO_EXTI/Src/main.c:155:6:timer_20s_callback	16	static
C:/Users/Marina/STM32CubeWL_ContPulse/Projects/NUCLEO-WL55JC/Examples/GPIO/GPIO_EXTI/Src/main.c:161:6:timer_1ms_callback	16	static
C:/Users/Marina/STM32CubeWL_ContPulse/Projects/NUCLEO-WL55JC/Examples/GPIO/GPIO_EXTI/Src/main.c:167:6:timer_3ms_callback	16	static
C:/Users/Marina/STM32CubeWL_ContPulse/Projects/NUCLEO-WL55JC/Examples/GPIO/GPIO_EXTI/Src/main.c:173:5:main	24	static
C:/Users/Marina/STM32CubeWL_ContPulse/Projects/NUCLEO-WL55JC/Examples/GPIO/GPIO_EXTI/Src/main.c:262:6:SystemClock_Config	112	static
C:/Users/Marina/STM32CubeWL_ContPulse/Projects/NUCLEO-WL55JC/Examples/GPIO/GPIO_EXTI/Src/main.c:305:13:EXTI2_IRQHandler_Config	32	static
C:/Users/Marina/STM32CubeWL_ContPulse/Projects/NUCLEO-WL55JC/Examples/GPIO/GPIO_EXTI/Src/main.c:327:13:EXTI0_IRQHandler_Config	32	static
C:/Users/Marina/STM32CubeWL_ContPulse/Projects/NUCLEO-WL55JC/Examples/GPIO/GPIO_EXTI/Src/main.c:349:6:Config_GPIO_ForLP	32	static
C:/Users/Marina/STM32CubeWL_ContPulse/Projects/NUCLEO-WL55JC/Examples/GPIO/GPIO_EXTI/Src/main.c:381:6:HAL_GPIO_EXTI_Callback	16	static
C:/Users/Marina/STM32CubeWL_ContPulse/Projects/NUCLEO-WL55JC/Examples/GPIO/GPIO_EXTI/Src/main.c:402:6:Error_Handler	4	static
