../../../../../../../Drivers/STM32WLxx_HAL_Driver/Inc/stm32wlxx_ll_bus.h:449:22:LL_AHB2_GRP1_EnableClock	24	static
C:/Users/Marina/STM32CubeWL_ContPulse/Projects/NUCLEO-WL55JC/Examples/GPIO/GPIO_EXTI/Src/main.c:59:6:task_sampling	8	static
C:/Users/Marina/STM32CubeWL_ContPulse/Projects/NUCLEO-WL55JC/Examples/GPIO/GPIO_EXTI/Src/main.c:99:6:task_print_pulse_count	8	static
C:/Users/Marina/STM32CubeWL_ContPulse/Projects/NUCLEO-WL55JC/Examples/GPIO/GPIO_EXTI/Src/main.c:105:6:UTIL_SEQ_Idle	8	static
C:/Users/Marina/STM32CubeWL_ContPulse/Projects/NUCLEO-WL55JC/Examples/GPIO/GPIO_EXTI/Src/main.c:114:6:timer_20s_callback	16	static
C:/Users/Marina/STM32CubeWL_ContPulse/Projects/NUCLEO-WL55JC/Examples/GPIO/GPIO_EXTI/Src/main.c:120:6:timer_1ms_callback	16	static
C:/Users/Marina/STM32CubeWL_ContPulse/Projects/NUCLEO-WL55JC/Examples/GPIO/GPIO_EXTI/Src/main.c:126:5:main	24	static
C:/Users/Marina/STM32CubeWL_ContPulse/Projects/NUCLEO-WL55JC/Examples/GPIO/GPIO_EXTI/Src/main.c:192:6:SystemClock_Config	112	static
C:/Users/Marina/STM32CubeWL_ContPulse/Projects/NUCLEO-WL55JC/Examples/GPIO/GPIO_EXTI/Src/main.c:235:13:EXTI2_IRQHandler_Config	32	static
C:/Users/Marina/STM32CubeWL_ContPulse/Projects/NUCLEO-WL55JC/Examples/GPIO/GPIO_EXTI/Src/main.c:263:6:HAL_GPIO_EXTI_Callback	16	static
C:/Users/Marina/STM32CubeWL_ContPulse/Projects/NUCLEO-WL55JC/Examples/GPIO/GPIO_EXTI/Src/main.c:279:6:Error_Handler	4	static
