../Application/User/rtc.c:116:21:UTIL_TIMER_Init	8	static
../Application/User/rtc.c:134:21:UTIL_TIMER_DeInit	8	static
../Application/User/rtc.c:139:21:UTIL_TIMER_Create	24	static
../Application/User/rtc.c:160:21:UTIL_TIMER_Start	48	static,ignoring_inline_asm
../Application/User/rtc.c:210:21:UTIL_TIMER_StartWithPeriod	24	static
../Application/User/rtc.c:230:21:UTIL_TIMER_Stop	40	static,ignoring_inline_asm
../Application/User/rtc.c:296:21:UTIL_TIMER_SetPeriod	24	static
../Application/User/rtc.c:316:21:UTIL_TIMER_SetReloadMode	24	static
../Application/User/rtc.c:331:21:UTIL_TIMER_GetRemainingTime	24	static
../Application/User/rtc.c:353:10:UTIL_TIMER_IsRunning	16	static
../Application/User/rtc.c:365:10:UTIL_TIMER_GetFirstRemainingTime	16	static
../Application/User/rtc.c:376:6:UTIL_TIMER_IRQ_Handler	48	static,ignoring_inline_asm
../Application/User/rtc.c:428:19:UTIL_TIMER_GetCurrentTime	16	static
../Application/User/rtc.c:434:19:UTIL_TIMER_GetElapsedTime	24	static
../Application/User/rtc.c:442:22:UTIL_TIMER_GetTimerList	4	static
../Application/User/rtc.c:464:6:TimerExists	24	static
../Application/User/rtc.c:484:6:TimerSetTimeout	32	static
../Application/User/rtc.c:505:6:TimerInsertTimer	24	static
../Application/User/rtc.c:537:6:TimerInsertNewHeadTimer	24	static
