../../../../../../../Drivers/STM32WLxx_HAL_Driver/Inc/stm32wlxx_ll_rtc.h:1526:26:LL_RTC_TIME_GetSubSecond	16	static
C:/Users/Marina/IoG/iog-fw/fw/src/sdk/lp-fwk/src/fw/third-party/st/timer/timer_if.c:175:21:TIMER_IF_Init	16	static
C:/Users/Marina/IoG/iog-fw/fw/src/sdk/lp-fwk/src/fw/third-party/st/timer/timer_if.c:209:21:TIMER_IF_StartTimer	64	static
C:/Users/Marina/IoG/iog-fw/fw/src/sdk/lp-fwk/src/fw/third-party/st/timer/timer_if.c:237:21:TIMER_IF_StopTimer	16	static
C:/Users/Marina/IoG/iog-fw/fw/src/sdk/lp-fwk/src/fw/third-party/st/timer/timer_if.c:255:10:TIMER_IF_SetTimerContext	8	static
C:/Users/Marina/IoG/iog-fw/fw/src/sdk/lp-fwk/src/fw/third-party/st/timer/timer_if.c:269:10:TIMER_IF_GetTimerContext	4	static
C:/Users/Marina/IoG/iog-fw/fw/src/sdk/lp-fwk/src/fw/third-party/st/timer/timer_if.c:280:10:TIMER_IF_GetTimerElapsedTime	8	static
C:/Users/Marina/IoG/iog-fw/fw/src/sdk/lp-fwk/src/fw/third-party/st/timer/timer_if.c:291:10:TIMER_IF_GetTimerValue	8	static
C:/Users/Marina/IoG/iog-fw/fw/src/sdk/lp-fwk/src/fw/third-party/st/timer/timer_if.c:311:10:TIMER_IF_GetMinimumTimeout	4	static
C:/Users/Marina/IoG/iog-fw/fw/src/sdk/lp-fwk/src/fw/third-party/st/timer/timer_if.c:322:10:TIMER_IF_Convert_ms2Tick	24	static
C:/Users/Marina/IoG/iog-fw/fw/src/sdk/lp-fwk/src/fw/third-party/st/timer/timer_if.c:333:10:TIMER_IF_Convert_Tick2ms	40	static
C:/Users/Marina/IoG/iog-fw/fw/src/sdk/lp-fwk/src/fw/third-party/st/timer/timer_if.c:344:6:TIMER_IF_DelayMs	24	static,ignoring_inline_asm
C:/Users/Marina/IoG/iog-fw/fw/src/sdk/lp-fwk/src/fw/third-party/st/timer/timer_if.c:362:6:HAL_RTC_AlarmAEventCallback	16	static
C:/Users/Marina/IoG/iog-fw/fw/src/sdk/lp-fwk/src/fw/third-party/st/timer/timer_if.c:373:6:HAL_RTCEx_SSRUEventCallback	24	static
C:/Users/Marina/IoG/iog-fw/fw/src/sdk/lp-fwk/src/fw/third-party/st/timer/timer_if.c:388:10:TIMER_IF_GetTime	80	static
C:/Users/Marina/IoG/iog-fw/fw/src/sdk/lp-fwk/src/fw/third-party/st/timer/timer_if.c:411:6:TIMER_IF_BkUp_Write_Seconds	16	static
C:/Users/Marina/IoG/iog-fw/fw/src/sdk/lp-fwk/src/fw/third-party/st/timer/timer_if.c:422:6:TIMER_IF_BkUp_Write_SubSeconds	16	static
C:/Users/Marina/IoG/iog-fw/fw/src/sdk/lp-fwk/src/fw/third-party/st/timer/timer_if.c:433:10:TIMER_IF_BkUp_Read_Seconds	8	static
C:/Users/Marina/IoG/iog-fw/fw/src/sdk/lp-fwk/src/fw/third-party/st/timer/timer_if.c:444:10:TIMER_IF_BkUp_Read_SubSeconds	8	static
C:/Users/Marina/IoG/iog-fw/fw/src/sdk/lp-fwk/src/fw/third-party/st/timer/timer_if.c:460:13:TIMER_IF_BkUp_Write_MSBticks	16	static
C:/Users/Marina/IoG/iog-fw/fw/src/sdk/lp-fwk/src/fw/third-party/st/timer/timer_if.c:471:17:TIMER_IF_BkUp_Read_MSBticks	16	static
C:/Users/Marina/IoG/iog-fw/fw/src/sdk/lp-fwk/src/fw/third-party/st/timer/timer_if.c:484:24:GetTimerTicks	8	static
