../../../../../../../Drivers/STM32WLxx_HAL_Driver/Inc/stm32wlxx_ll_rcc.h:2331:22:LL_RCC_EnableRTC	4	static
../../../../../../../Drivers/STM32WLxx_HAL_Driver/Inc/stm32wlxx_ll_rcc.h:2341:22:LL_RCC_DisableRTC	4	static
../../../../../../../Drivers/STM32WLxx_HAL_Driver/Inc/stm32wlxx_ll_bus.h:914:22:LL_APB1_GRP1_EnableClock	24	static
../../../../../../../Drivers/STM32WLxx_HAL_Driver/Inc/stm32wlxx_ll_bus.h:1018:22:LL_APB1_GRP1_DisableClock	16	static
../../../../../../../Drivers/STM32WLxx_HAL_Driver/Inc/stm32wlxx_ll_rtc.h:1127:22:LL_RTC_EnableWriteProtection	16	static
../../../../../../../Drivers/STM32WLxx_HAL_Driver/Inc/stm32wlxx_ll_rtc.h:1138:22:LL_RTC_DisableWriteProtection	16	static
../../../../../../../Drivers/STM32WLxx_HAL_Driver/Inc/stm32wlxx_ll_rtc.h:3230:22:LL_RTC_WAKEUP_SetClock	16	static
../hal/hal_rtc.c:139:6:hal_rtc_init	8	static
../hal/hal_rtc.c:206:1:hal_rtc_deinit	8	static
../hal/hal_rtc.c:218:10:RtcTick2Ms	24	static
../hal/hal_rtc.c:232:10:RtcSetTimerContext	8	static
../hal/hal_rtc.c:239:10:RtcGetTimerElapsedTime	40	static
../hal/hal_rtc.c:255:10:RtcGetTimerContext	4	static
../hal/hal_rtc.c:267:6:RtcSetAlarm	16	static
../hal/hal_rtc.c:272:6:RtcStopAlarm	4	static
../hal/hal_rtc.c:277:6:RtcStartAlarm	16	static
../hal/hal_rtc.c:282:6:HAL_RTC_MspInit	72	static
../hal/hal_rtc.c:316:6:HAL_RTC_MspDeInit	16	static
../hal/hal_rtc.c:337:10:RtcGetCalendarValue	72	static
../hal/hal_rtc.c:379:10:RtcGetCalendarTime	64	static
../hal/hal_rtc.c:398:6:RtcBkupRegWrite	16	static
../hal/hal_rtc.c:403:6:RtcBkupRegRead	16	static
