Archive member included to satisfy reference by file (symbol)

C:/ST/STM32CubeIDE_1.16.1/STM32CubeIDE/plugins/com.st.stm32cube.ide.mcu.externaltools.gnu-tools-for-stm32.12.3.rel1.win32_1.0.200.202406191623/tools/bin/../lib/gcc/arm-none-eabi/12.3.1/../../../../arm-none-eabi/lib/thumb/v7e-m/nofp\libc_nano.a(libc_a-exit.o)
                              C:/ST/STM32CubeIDE_1.16.1/STM32CubeIDE/plugins/com.st.stm32cube.ide.mcu.externaltools.gnu-tools-for-stm32.12.3.rel1.win32_1.0.200.202406191623/tools/bin/../lib/gcc/arm-none-eabi/12.3.1/../../../../arm-none-eabi/lib/thumb/v7e-m/nofp/crt0.o (exit)
C:/ST/STM32CubeIDE_1.16.1/STM32CubeIDE/plugins/com.st.stm32cube.ide.mcu.externaltools.gnu-tools-for-stm32.12.3.rel1.win32_1.0.200.202406191623/tools/bin/../lib/gcc/arm-none-eabi/12.3.1/../../../../arm-none-eabi/lib/thumb/v7e-m/nofp\libc_nano.a(libc_a-findfp.o)
                              C:/ST/STM32CubeIDE_1.16.1/STM32CubeIDE/plugins/com.st.stm32cube.ide.mcu.externaltools.gnu-tools-for-stm32.12.3.rel1.win32_1.0.200.202406191623/tools/bin/../lib/gcc/arm-none-eabi/12.3.1/../../../../arm-none-eabi/lib/thumb/v7e-m/nofp\libc_nano.a(libc_a-exit.o) (__stdio_exit_handler)
C:/ST/STM32CubeIDE_1.16.1/STM32CubeIDE/plugins/com.st.stm32cube.ide.mcu.externaltools.gnu-tools-for-stm32.12.3.rel1.win32_1.0.200.202406191623/tools/bin/../lib/gcc/arm-none-eabi/12.3.1/../../../../arm-none-eabi/lib/thumb/v7e-m/nofp\libc_nano.a(libc_a-fwalk.o)
                              C:/ST/STM32CubeIDE_1.16.1/STM32CubeIDE/plugins/com.st.stm32cube.ide.mcu.externaltools.gnu-tools-for-stm32.12.3.rel1.win32_1.0.200.202406191623/tools/bin/../lib/gcc/arm-none-eabi/12.3.1/../../../../arm-none-eabi/lib/thumb/v7e-m/nofp\libc_nano.a(libc_a-findfp.o) (_fwalk_sglue)
C:/ST/STM32CubeIDE_1.16.1/STM32CubeIDE/plugins/com.st.stm32cube.ide.mcu.externaltools.gnu-tools-for-stm32.12.3.rel1.win32_1.0.200.202406191623/tools/bin/../lib/gcc/arm-none-eabi/12.3.1/../../../../arm-none-eabi/lib/thumb/v7e-m/nofp\libc_nano.a(libc_a-stdio.o)
                              C:/ST/STM32CubeIDE_1.16.1/STM32CubeIDE/plugins/com.st.stm32cube.ide.mcu.externaltools.gnu-tools-for-stm32.12.3.rel1.win32_1.0.200.202406191623/tools/bin/../lib/gcc/arm-none-eabi/12.3.1/../../../../arm-none-eabi/lib/thumb/v7e-m/nofp\libc_nano.a(libc_a-findfp.o) (__sread)
C:/ST/STM32CubeIDE_1.16.1/STM32CubeIDE/plugins/com.st.stm32cube.ide.mcu.externaltools.gnu-tools-for-stm32.12.3.rel1.win32_1.0.200.202406191623/tools/bin/../lib/gcc/arm-none-eabi/12.3.1/../../../../arm-none-eabi/lib/thumb/v7e-m/nofp\libc_nano.a(libc_a-memset.o)
                              C:/ST/STM32CubeIDE_1.16.1/STM32CubeIDE/plugins/com.st.stm32cube.ide.mcu.externaltools.gnu-tools-for-stm32.12.3.rel1.win32_1.0.200.202406191623/tools/bin/../lib/gcc/arm-none-eabi/12.3.1/../../../../arm-none-eabi/lib/thumb/v7e-m/nofp/crt0.o (memset)
C:/ST/STM32CubeIDE_1.16.1/STM32CubeIDE/plugins/com.st.stm32cube.ide.mcu.externaltools.gnu-tools-for-stm32.12.3.rel1.win32_1.0.200.202406191623/tools/bin/../lib/gcc/arm-none-eabi/12.3.1/../../../../arm-none-eabi/lib/thumb/v7e-m/nofp\libc_nano.a(libc_a-closer.o)
                              C:/ST/STM32CubeIDE_1.16.1/STM32CubeIDE/plugins/com.st.stm32cube.ide.mcu.externaltools.gnu-tools-for-stm32.12.3.rel1.win32_1.0.200.202406191623/tools/bin/../lib/gcc/arm-none-eabi/12.3.1/../../../../arm-none-eabi/lib/thumb/v7e-m/nofp\libc_nano.a(libc_a-stdio.o) (_close_r)
C:/ST/STM32CubeIDE_1.16.1/STM32CubeIDE/plugins/com.st.stm32cube.ide.mcu.externaltools.gnu-tools-for-stm32.12.3.rel1.win32_1.0.200.202406191623/tools/bin/../lib/gcc/arm-none-eabi/12.3.1/../../../../arm-none-eabi/lib/thumb/v7e-m/nofp\libc_nano.a(libc_a-reent.o)
                              C:/ST/STM32CubeIDE_1.16.1/STM32CubeIDE/plugins/com.st.stm32cube.ide.mcu.externaltools.gnu-tools-for-stm32.12.3.rel1.win32_1.0.200.202406191623/tools/bin/../lib/gcc/arm-none-eabi/12.3.1/../../../../arm-none-eabi/lib/thumb/v7e-m/nofp\libc_nano.a(libc_a-closer.o) (errno)
C:/ST/STM32CubeIDE_1.16.1/STM32CubeIDE/plugins/com.st.stm32cube.ide.mcu.externaltools.gnu-tools-for-stm32.12.3.rel1.win32_1.0.200.202406191623/tools/bin/../lib/gcc/arm-none-eabi/12.3.1/../../../../arm-none-eabi/lib/thumb/v7e-m/nofp\libc_nano.a(libc_a-impure.o)
                              C:/ST/STM32CubeIDE_1.16.1/STM32CubeIDE/plugins/com.st.stm32cube.ide.mcu.externaltools.gnu-tools-for-stm32.12.3.rel1.win32_1.0.200.202406191623/tools/bin/../lib/gcc/arm-none-eabi/12.3.1/../../../../arm-none-eabi/lib/thumb/v7e-m/nofp\libc_nano.a(libc_a-reent.o) (_impure_ptr)
C:/ST/STM32CubeIDE_1.16.1/STM32CubeIDE/plugins/com.st.stm32cube.ide.mcu.externaltools.gnu-tools-for-stm32.12.3.rel1.win32_1.0.200.202406191623/tools/bin/../lib/gcc/arm-none-eabi/12.3.1/../../../../arm-none-eabi/lib/thumb/v7e-m/nofp\libc_nano.a(libc_a-lseekr.o)
[...]
Memory Configuration

Name             Origin             Length             Attributes
ROM              0x08000000         0x00040000         xr
RAM1             0x20000000         0x00008000         xrw
RAM2             0x20009000         0x00008000         xrw
*default*        0x00000000         0xffffffff

Linker script and memory map

LOAD C:/ST/STM32CubeIDE_1.16.1/STM32CubeIDE/plugins/com.st.stm32cube.ide.mcu.externaltools.gnu-tools-for-stm32.12.3.rel1.win32_1.0.200.202406191623/tools/bin/../lib/gcc/arm-none-eabi/12.3.1/thumb/v7e-m/nofp/crti.o
LOAD C:/ST/STM32CubeIDE_1.16.1/STM32CubeIDE/plugins/com.st.stm32cube.ide.mcu.externaltools.gnu-tools-for-stm32.12.3.rel1.win32_1.0.200.202406191623/tools/bin/../lib/gcc/arm-none-eabi/12.3.1/thumb/v7e-m/nofp/crtbegin.o
LOAD C:/ST/STM32CubeIDE_1.16.1/STM32CubeIDE/plugins/com.st.stm32cube.ide.mcu.externaltools.gnu-tools-for-stm32.12.3.rel1.win32_1.0.200.202406191623/tools/bin/../lib/gcc/arm-none-eabi/12.3.1/../../../../arm-none-eabi/lib/thumb/v7e-m/nofp/crt0.o
LOAD ./Application/Startup/startup_stm32wl55jcix.o
LOAD ./Application/User/main.o
LOAD ./Application/User/rtc.o
LOAD ./Application/User/stm32_seq.o
LOAD ./Application/User/stm32wlxx_hal_msp.o
LOAD ./Application/User/stm32wlxx_it.o
LOAD ./Application/User/syscalls.o
LOAD ./Application/User/sysmem.o
LOAD ./Drivers/BSP/STM32WLxx_Nucleo/stm32wlxx_nucleo.o
LOAD ./Drivers/CMSIS/system_stm32wlxx.o
LOAD ./Drivers/STM32WLxx_HAL_Driver/Src/stm32wlxx_hal_rtc.o
LOAD ./Drivers/STM32WLxx_HAL_Driver/Src/stm32wlxx_hal_rtc_ex.o
LOAD ./Drivers/STM32WLxx_HAL_Driver/stm32wlxx_hal.o
LOAD ./Drivers/STM32WLxx_HAL_Driver/stm32wlxx_hal_cortex.o
LOAD ./Drivers/STM32WLxx_HAL_Driver/stm32wlxx_hal_dma.o
LOAD ./Drivers/STM32WLxx_HAL_Driver/stm32wlxx_hal_dma_ex.o
LOAD ./Drivers/STM32WLxx_HAL_Driver/stm32wlxx_hal_exti.o
LOAD ./Drivers/STM32WLxx_HAL_Driver/stm32wlxx_hal_flash.o
LOAD ./Drivers/STM32WLxx_HAL_Driver/stm32wlxx_hal_flash_ex.o
LOAD ./Drivers/STM32WLxx_HAL_Driver/stm32wlxx_hal_gpio.o
LOAD ./Drivers/STM32WLxx_HAL_Driver/stm32wlxx_hal_pwr.o
LOAD ./Drivers/STM32WLxx_HAL_Driver/stm32wlxx_hal_pwr_ex.o
LOAD ./Drivers/STM32WLxx_HAL_Driver/stm32wlxx_hal_rcc.o
LOAD ./Drivers/STM32WLxx_HAL_Driver/stm32wlxx_hal_rcc_ex.o
LOAD ./Drivers/STM32WLxx_HAL_Driver/stm32wlxx_hal_tim.o
LOAD ./Drivers/STM32WLxx_HAL_Driver/stm32wlxx_hal_tim_ex.o
LOAD ./hal/hal_rtc.o
LOAD ./misc/stm32_tiny_vsnprintf.o
LOAD ./segger/SEGGER_RTT.o
LOAD ./segger/SEGGER_RTT_Syscalls_GCC.o
LOAD ./segger/SEGGER_RTT_printf.o
LOAD ./stm32_mem.o
LOAD ./timer/timer_if.o
LOAD ./tiny_lpm/stm32_lpm.o
START GROUP
LOAD C:/ST/STM32CubeIDE_1.16.1/STM32CubeIDE/plugins/com.st.stm32cube.ide.mcu.externaltools.gnu-tools-for-stm32.12.3.rel1.win32_1.0.200.202406191623/tools/bin/../lib/gcc/arm-none-eabi/12.3.1/../../../../arm-none-eabi/lib/thumb/v7e-m/nofp\libc_nano.a
LOAD C:/ST/STM32CubeIDE_1.16.1/STM32CubeIDE/plugins/com.st.stm32cube.ide.mcu.externaltools.gnu-tools-for-stm32.12.3.rel1.win32_1.0.200.202406191623/tools/bin/../lib/gcc/arm-none-eabi/12.3.1/../../../../arm-none-eabi/lib/thumb/v7e-m/nofp\libm.a
END GROUP
START GROUP
LOAD C:/ST/STM32CubeIDE_1.16.1/STM32CubeIDE/plugins/com.st.stm32cube.ide.mcu.externaltools.gnu-tools-for-stm32.12.3.rel1.win32_1.0.200.202406191623/tools/bin/../lib/gcc/arm-none-eabi/12.3.1/thumb/v7e-m/nofp\libgcc.a
LOAD C:/ST/STM32CubeIDE_1.16.1/STM32CubeIDE/plugins/com.st.stm32cube.ide.mcu.externaltools.gnu-tools-for-stm32.12.3.rel1.win32_1.0.200.202406191623/tools/bin/../lib/gcc/arm-none-eabi/12.3.1/../../../../arm-none-eabi/lib/thumb/v7e-m/nofp\libc_nano.a
END GROUP
START GROUP
LOAD C:/ST/STM32CubeIDE_1.16.1/STM32CubeIDE/plugins/com.st.stm32cube.ide.mcu.externaltools.gnu-tools-for-stm32.12.3.rel1.win32_1.0.200.202406191623/tools/bin/../lib/gcc/arm-none-eabi/12.3.1/thumb/v7e-m/nofp\libgcc.a
LOAD C:/ST/STM32CubeIDE_1.16.1/STM32CubeIDE/plugins/com.st.stm32cube.ide.mcu.externaltools.gnu-tools-for-stm32.12.3.rel1.win32_1.0.200.202406191623/tools/bin/../lib/gcc/arm-none-eabi/12.3.1/../../../../arm-none-eabi/lib/thumb/v7e-m/nofp\libc_nano.a
LOAD C:/ST/STM32CubeIDE_1.16.1/STM32CubeIDE/plugins/com.st.stm32cube.ide.mcu.externaltools.gnu-tools-for-stm32.12.3.rel1.win32_1.0.200.202406191623/tools/bin/../lib/gcc/arm-none-eabi/12.3.1/../../../../arm-none-eabi/lib/thumb/v7e-m/nofp\libnosys.a
END GROUP
START GROUP
LOAD C:/ST/STM32CubeIDE_1.16.1/STM32CubeIDE/plugins/com.st.stm32cube.ide.mcu.externaltools.gnu-tools-for-stm32.12.3.rel1.win32_1.0.200.202406191623/tools/bin/../lib/gcc/arm-none-eabi/12.3.1/thumb/v7e-m/nofp\libgcc.a
LOAD C:/ST/STM32CubeIDE_1.16.1/STM32CubeIDE/plugins/com.st.stm32cube.ide.mcu.externaltools.gnu-tools-for-stm32.12.3.rel1.win32_1.0.200.202406191623/tools/bin/../lib/gcc/arm-none-eabi/12.3.1/../../../../arm-none-eabi/lib/thumb/v7e-m/nofp\libc_nano.a
LOAD C:/ST/STM32CubeIDE_1.16.1/STM32CubeIDE/plugins/com.st.stm32cube.ide.mcu.externaltools.gnu-tools-for-stm32.12.3.rel1.win32_1.0.200.202406191623/tools/bin/../lib/gcc/arm-none-eabi/12.3.1/../../../../arm-none-eabi/lib/thumb/v7e-m/nofp\libnosys.a
END GROUP
LOAD C:/ST/STM32CubeIDE_1.16.1/STM32CubeIDE/plugins/com.st.stm32cube.ide.mcu.externaltools.gnu-tools-for-stm32.12.3.rel1.win32_1.0.200.202406191623/tools/bin/../lib/gcc/arm-none-eabi/12.3.1/thumb/v7e-m/nofp/crtend.o
LOAD C:/ST/STM32CubeIDE_1.16.1/STM32CubeIDE/plugins/com.st.stm32cube.ide.mcu.externaltools.gnu-tools-for-stm32.12.3.rel1.win32_1.0.200.202406191623/tools/bin/../lib/gcc/arm-none-eabi/12.3.1/thumb/v7e-m/nofp/crtn.o
                0x20008000                        _estack = (ORIGIN (RAM1) + LENGTH (RAM1))
                0x00000200                        _Min_Heap_Size = 0x200
                0x00000400                        _Min_Stack_Size = 0x400

.isr_vector     0x08000000      0x138
                0x08000000                        . = ALIGN (0x8)
 *(.isr_vector)
 .isr_vector    0x08000000      0x138 ./Application/Startup/startup_stm32wl55jcix.o
                0x08000000                g_pfnVectors
                0x08000138                        . = ALIGN (0x8)

.text           0x08000138     0x49d0
                0x08000138                        . = ALIGN (0x8)
 *(.text)
 .text          0x08000138       0x40 C:/ST/STM32CubeIDE_1.16.1/STM32CubeIDE/plugins/com.st.stm32cube.ide.mcu.externaltools.gnu-tools-for-stm32.12.3.rel1.win32_1.0.200.202406191623/tools/bin/../lib/gcc/arm-none-eabi/12.3.1/thumb/v7e-m/nofp/crtbegin.o
 .text          0x08000178       0x30 C:/ST/STM32CubeIDE_1.16.1/STM32CubeIDE/plugins/com.st.stm32cube.ide.mcu.externaltools.gnu-tools-for-stm32.12.3.rel1.win32_1.0.200.202406191623/tools/bin/../lib/gcc/arm-none-eabi/12.3.1/thumb/v7e-m/nofp\libgcc.a(_aeabi_uldivmod.o)
                0x08000178                __aeabi_uldivmod
 .text          0x080001a8      0x2bc C:/ST/STM32CubeIDE_1.16.1/STM32CubeIDE/plugins/com.st.stm32cube.ide.mcu.externaltools.gnu-tools-for-stm32.12.3.rel1.win32_1.0.200.202406191623/tools/bin/../lib/gcc/arm-none-eabi/12.3.1/thumb/v7e-m/nofp\libgcc.a(_udivmoddi4.o)
                0x080001a8                __udivmoddi4
 .text          0x08000464        0x4 C:/ST/STM32CubeIDE_1.16.1/STM32CubeIDE/plugins/com.st.stm32cube.ide.mcu.externaltools.gnu-tools-for-stm32.12.3.rel1.win32_1.0.200.202406191623/tools/bin/../lib/gcc/arm-none-eabi/12.3.1/thumb/v7e-m/nofp\libgcc.a(_dvmd_tls.o)
                0x08000464                __aeabi_idiv0
                0x08000464                __aeabi_ldiv0
 *(.text*)
 .text.Reset_Handler
                0x08000468       0x50 ./Application/Startup/startup_stm32wl55jcix.o
                0x08000468                Reset_Handler
 .text.Default_Handler
                0x080004b8        0x2 ./Application/Startup/startup_stm32wl55jcix.o
                0x080004b8                RTC_Alarm_IRQHandler
                0x080004b8                TIM1_CC_IRQHandler
                0x080004b8                EXTI3_IRQHandler
                0x080004b8                LPTIM2_IRQHandler
                0x080004b8                I2C3_ER_IRQHandler
                0x080004b8                LPTIM3_IRQHandler
                0x080004b8                EXTI0_IRQHandler
                0x080004b8                I2C2_EV_IRQHandler
                0x080004b8                UsageFault_Handler
                0x080004b8                TAMP_STAMP_LSECSS_SSRU_IRQHandler
                0x080004b8                SPI1_IRQHandler
                0x080004b8                DMA2_Channel2_IRQHandler
                0x080004b8                DMA1_Channel4_IRQHandler
                0x080004b8                PKA_IRQHandler
                0x080004b8                TIM17_IRQHandler
                0x080004b8                DMA1_Channel7_IRQHandler
                0x080004b8                SUBGHZSPI_IRQHandler
                0x080004b8                IPCC_C1_TX_IRQHandler
                0x080004b8                DMA2_Channel1_IRQHandler
                0x080004b8                I2C1_EV_IRQHandler
                0x080004b8                SUBGHZ_Radio_IRQHandler
                0x080004b8                DMAMUX1_OVR_IRQHandler
                0x080004b8                DMA1_Channel6_IRQHandler
                0x080004b8                TIM16_IRQHandler
                0x080004b8                DMA2_Channel4_IRQHandler
                0x080004b8                RCC_IRQHandler
                0x080004b8                TIM1_TRG_COM_IRQHandler
                0x080004b8                DMA1_Channel1_IRQHandler
                0x080004b8                Default_Handler
                0x080004b8                DMA2_Channel7_IRQHandler
                0x080004b8                EXTI15_10_IRQHandler
                0x080004b8                IPCC_C1_RX_IRQHandler
                0x080004b8                ADC_IRQHandler
                0x080004b8                C2SEV_PWR_C2H_IRQHandler
                0x080004b8                I2C3_EV_IRQHandler
                0x080004b8                EXTI9_5_IRQHandler
                0x080004b8                RTC_WKUP_IRQHandler
                0x080004b8                PVD_PVM_IRQHandler
                0x080004b8                SPI2_IRQHandler
                0x080004b8                DMA2_Channel5_IRQHandler
                0x080004b8                DMA1_Channel5_IRQHandler
                0x080004b8                EXTI4_IRQHandler
                0x080004b8                RNG_IRQHandler
                0x080004b8                DMA1_Channel3_IRQHandler
                0x080004b8                COMP_IRQHandler
                0x080004b8                HSEM_IRQHandler
                0x080004b8                TIM1_UP_IRQHandler
                0x080004b8                WWDG_IRQHandler
                0x080004b8                LPUART1_IRQHandler
                0x080004b8                DMA2_Channel6_IRQHandler
                0x080004b8                TIM2_IRQHandler
                0x080004b8                TIM1_BRK_IRQHandler
                0x080004b8                DAC_IRQHandler
                0x080004b8                EXTI1_IRQHandler
                0x080004b8                AES_IRQHandler
                0x080004b8                USART2_IRQHandler
                0x080004b8                I2C2_ER_IRQHandler
                0x080004b8                DMA1_Channel2_IRQHandler
                0x080004b8                FLASH_IRQHandler
                0x080004b8                BusFault_Handler
                0x080004b8                USART1_IRQHandler
                0x080004b8                I2C1_ER_IRQHandler
                0x080004b8                LPTIM1_IRQHandler
                0x080004b8                DMA2_Channel3_IRQHandler
 .text.LL_AHB2_GRP1_EnableClock
                0x080004ba       0x30 ./Application/User/main.o
 *fill*         0x080004ea        0x2 
 .text.task_sampling
                0x080004ec       0x94 ./Application/User/main.o
                0x080004ec                task_sampling
 .text.task_print_pulse_count
                0x08000580       0x20 ./Application/User/main.o
                0x08000580                task_print_pulse_count
 .text.UTIL_SEQ_Idle
                0x080005a0       0x1e ./Application/User/main.o
                0x080005a0                UTIL_SEQ_Idle
 .text.timer_20s_callback
                0x080005be       0x18 ./Application/User/main.o
                0x080005be                timer_20s_callback
 .text.timer_1ms_callback
                0x080005d6       0x18 ./Application/User/main.o
                0x080005d6                timer_1ms_callback
 *fill*         0x080005ee        0x2 
 .text.main     0x080005f0       0xac ./Application/User/main.o
                0x080005f0                main
 .text.SystemClock_Config
                0x0800069c       0xa4 ./Application/User/main.o
                0x0800069c                SystemClock_Config
 .text.EXTI2_IRQHandler_Config
                0x08000740       0x3e ./Application/User/main.o
 *fill*         0x0800077e        0x2 
 .text.HAL_GPIO_EXTI_Callback
                0x08000780       0x24 ./Application/User/main.o
                0x08000780                HAL_GPIO_EXTI_Callback
 .text.Error_Handler
                0x080007a4        0x8 ./Application/User/main.o
                0x080007a4                Error_Handler
 .text.UTIL_TIMER_Init
                0x080007ac       0x38 ./Application/User/rtc.o
                0x080007ac                UTIL_TIMER_Init
 .text.UTIL_TIMER_Create
                0x080007e4       0x6c ./Application/User/rtc.o
                0x080007e4                UTIL_TIMER_Create
 .text.UTIL_TIMER_Start
                0x08000850       0xdc ./Application/User/rtc.o
                0x08000850                UTIL_TIMER_Start
 .text.UTIL_TIMER_Stop
                0x0800092c       0xe0 ./Application/User/rtc.o
                0x0800092c                UTIL_TIMER_Stop
 .text.UTIL_TIMER_IRQ_Handler
                0x08000a0c      0x100 ./Application/User/rtc.o
                0x08000a0c                UTIL_TIMER_IRQ_Handler
 .text.TimerExists
                0x08000b0c       0x38 ./Application/User/rtc.o
                0x08000b0c                TimerExists
 .text.TimerSetTimeout
                0x08000b44       0x54 ./Application/User/rtc.o
                0x08000b44                TimerSetTimeout
 .text.TimerInsertTimer
                0x08000b98       0x60 ./Application/User/rtc.o
                0x08000b98                TimerInsertTimer
 .text.TimerInsertNewHeadTimer
                0x08000bf8       0x3c ./Application/User/rtc.o
                0x08000bf8                TimerInsertNewHeadTimer
 .text.UTIL_SEQ_Init
                0x08000c34       0x8c ./Application/User/stm32_seq.o
                0x08000c34                UTIL_SEQ_Init
 .text.UTIL_SEQ_Run
                0x08000cc0      0x1f8 ./Application/User/stm32_seq.o
                0x08000cc0                UTIL_SEQ_Run
 .text.UTIL_SEQ_RegTask
                0x08000eb8       0x44 ./Application/User/stm32_seq.o
                0x08000eb8                UTIL_SEQ_RegTask
 .text.UTIL_SEQ_SetTask
                0x08000efc       0x58 ./Application/User/stm32_seq.o
                0x08000efc                UTIL_SEQ_SetTask
 .text.UTIL_SEQ_PreIdle
                0x08000f54        0xc ./Application/User/stm32_seq.o
                0x08000f54                UTIL_SEQ_PreIdle
 .text.UTIL_SEQ_PostIdle
                0x08000f60        0xc ./Application/User/stm32_seq.o
                0x08000f60                UTIL_SEQ_PostIdle
 .text.SEQ_BitPosition
                0x08000f6c       0x70 ./Application/User/stm32_seq.o
                0x08000f6c                SEQ_BitPosition
 .text.HAL_MspInit
                0x08000fdc        0xc ./Application/User/stm32wlxx_hal_msp.o
                0x08000fdc                HAL_MspInit
 .text.NMI_Handler
                0x08000fe8        0xc ./Application/User/stm32wlxx_it.o
                0x08000fe8                NMI_Handler
 .text.HardFault_Handler
                0x08000ff4        0x8 ./Application/User/stm32wlxx_it.o
                0x08000ff4                HardFault_Handler
 .text.MemManage_Handler
                0x08000ffc        0x8 ./Application/User/stm32wlxx_it.o
                0x08000ffc                MemManage_Handler
 .text.SVC_Handler
                0x08001004        0xc ./Application/User/stm32wlxx_it.o
                0x08001004                SVC_Handler
 .text.DebugMon_Handler
                0x08001010        0xc ./Application/User/stm32wlxx_it.o
                0x08001010                DebugMon_Handler
 .text.PendSV_Handler
                0x0800101c        0xc ./Application/User/stm32wlxx_it.o
                0x0800101c                PendSV_Handler
 .text.SysTick_Handler
                0x08001028        0xc ./Application/User/stm32wlxx_it.o
                0x08001028                SysTick_Handler
 .text.EXTI2_IRQHandler
                0x08001034        0xe ./Application/User/stm32wlxx_it.o
                0x08001034                EXTI2_IRQHandler
 .text.LL_AHB2_GRP1_EnableClock
                0x08001042       0x30 ./Drivers/BSP/STM32WLxx_Nucleo/stm32wlxx_nucleo.o
 *fill*         0x08001072        0x2 
 .text.BSP_LED_Init
                0x08001074       0x74 ./Drivers/BSP/STM32WLxx_Nucleo/stm32wlxx_nucleo.o
                0x08001074                BSP_LED_Init
 .text.BSP_LED_Toggle
                0x080010e8       0x34 ./Drivers/BSP/STM32WLxx_Nucleo/stm32wlxx_nucleo.o
                0x080010e8                BSP_LED_Toggle
 .text.SystemInit
                0x0800111c        0xc ./Drivers/CMSIS/system_stm32wlxx.o
                0x0800111c                SystemInit
 .text.HAL_RTC_Init
                0x08001128      0x1a4 ./Drivers/STM32WLxx_HAL_Driver/Src/stm32wlxx_hal_rtc.o
                0x08001128                HAL_RTC_Init
 .text.HAL_RTC_RegisterCallback
                0x080012cc      0x140 ./Drivers/STM32WLxx_HAL_Driver/Src/stm32wlxx_hal_rtc.o
                0x080012cc                HAL_RTC_RegisterCallback
 .text.HAL_RTC_GetTime
                0x0800140c       0xc4 ./Drivers/STM32WLxx_HAL_Driver/Src/stm32wlxx_hal_rtc.o
                0x0800140c                HAL_RTC_GetTime
 .text.HAL_RTC_GetDate
                0x080014d0       0x9c ./Drivers/STM32WLxx_HAL_Driver/Src/stm32wlxx_hal_rtc.o
                0x080014d0                HAL_RTC_GetDate
 .text.HAL_RTC_SetAlarm_IT
                0x0800156c      0x218 ./Drivers/STM32WLxx_HAL_Driver/Src/stm32wlxx_hal_rtc.o
                0x0800156c                HAL_RTC_SetAlarm_IT
 .text.HAL_RTC_DeactivateAlarm
                0x08001784       0xb8 ./Drivers/STM32WLxx_HAL_Driver/Src/stm32wlxx_hal_rtc.o
                0x08001784                HAL_RTC_DeactivateAlarm
 .text.HAL_RTC_WaitForSynchro
                0x0800183c       0x4c ./Drivers/STM32WLxx_HAL_Driver/Src/stm32wlxx_hal_rtc.o
                0x0800183c                HAL_RTC_WaitForSynchro
 .text.RTC_EnterInitMode
                0x08001888       0x68 ./Drivers/STM32WLxx_HAL_Driver/Src/stm32wlxx_hal_rtc.o
                0x08001888                RTC_EnterInitMode
 .text.RTC_ExitInitMode
                0x080018f0       0x7c ./Drivers/STM32WLxx_HAL_Driver/Src/stm32wlxx_hal_rtc.o
                0x080018f0                RTC_ExitInitMode
 .text.RTC_ByteToBcd2
                0x0800196c       0x3e ./Drivers/STM32WLxx_HAL_Driver/Src/stm32wlxx_hal_rtc.o
                0x0800196c                RTC_ByteToBcd2
 .text.RTC_Bcd2ToByte
                0x080019aa       0x36 ./Drivers/STM32WLxx_HAL_Driver/Src/stm32wlxx_hal_rtc.o
                0x080019aa                RTC_Bcd2ToByte
 .text.HAL_RTCEx_TimeStampEventCallback
                0x080019e0       0x12 ./Drivers/STM32WLxx_HAL_Driver/Src/stm32wlxx_hal_rtc_ex.o
                0x080019e0                HAL_RTCEx_TimeStampEventCallback
 .text.HAL_RTCEx_WakeUpTimerEventCallback
                0x080019f2       0x12 ./Drivers/STM32WLxx_HAL_Driver/Src/stm32wlxx_hal_rtc_ex.o
                0x080019f2                HAL_RTCEx_WakeUpTimerEventCallback
 .text.HAL_RTCEx_EnableBypassShadow
                0x08001a04       0x64 ./Drivers/STM32WLxx_HAL_Driver/Src/stm32wlxx_hal_rtc_ex.o
                0x08001a04                HAL_RTCEx_EnableBypassShadow
 .text.HAL_RTCEx_SetSSRU_IT
                0x08001a68       0x78 ./Drivers/STM32WLxx_HAL_Driver/Src/stm32wlxx_hal_rtc_ex.o
                0x08001a68                HAL_RTCEx_SetSSRU_IT
 .text.HAL_RTCEx_AlarmBEventCallback
                0x08001ae0       0x12 ./Drivers/STM32WLxx_HAL_Driver/Src/stm32wlxx_hal_rtc_ex.o
                0x08001ae0                HAL_RTCEx_AlarmBEventCallback
 .text.HAL_RTCEx_Tamper1EventCallback
                0x08001af2       0x12 ./Drivers/STM32WLxx_HAL_Driver/Src/stm32wlxx_hal_rtc_ex.o
                0x08001af2                HAL_RTCEx_Tamper1EventCallback
 .text.HAL_RTCEx_Tamper2EventCallback
                0x08001b04       0x12 ./Drivers/STM32WLxx_HAL_Driver/Src/stm32wlxx_hal_rtc_ex.o
                0x08001b04                HAL_RTCEx_Tamper2EventCallback
 .text.HAL_RTCEx_Tamper3EventCallback
                0x08001b16       0x12 ./Drivers/STM32WLxx_HAL_Driver/Src/stm32wlxx_hal_rtc_ex.o
                0x08001b16                HAL_RTCEx_Tamper3EventCallback
 .text.HAL_RTCEx_InternalTamper3EventCallback
                0x08001b28       0x12 ./Drivers/STM32WLxx_HAL_Driver/Src/stm32wlxx_hal_rtc_ex.o
                0x08001b28                HAL_RTCEx_InternalTamper3EventCallback
 .text.HAL_RTCEx_InternalTamper5EventCallback
                0x08001b3a       0x12 ./Drivers/STM32WLxx_HAL_Driver/Src/stm32wlxx_hal_rtc_ex.o
                0x08001b3a                HAL_RTCEx_InternalTamper5EventCallback
 .text.HAL_RTCEx_InternalTamper6EventCallback
                0x08001b4c       0x12 ./Drivers/STM32WLxx_HAL_Driver/Src/stm32wlxx_hal_rtc_ex.o
                0x08001b4c                HAL_RTCEx_InternalTamper6EventCallback
 .text.HAL_RTCEx_InternalTamper8EventCallback
                0x08001b5e       0x12 ./Drivers/STM32WLxx_HAL_Driver/Src/stm32wlxx_hal_rtc_ex.o
                0x08001b5e                HAL_RTCEx_InternalTamper8EventCallback
 .text.HAL_RTCEx_BKUPWrite
                0x08001b70       0x30 ./Drivers/STM32WLxx_HAL_Driver/Src/stm32wlxx_hal_rtc_ex.o
                0x08001b70                HAL_RTCEx_BKUPWrite
 .text.HAL_RTCEx_BKUPRead
                0x08001ba0       0x2c ./Drivers/STM32WLxx_HAL_Driver/Src/stm32wlxx_hal_rtc_ex.o
                0x08001ba0                HAL_RTCEx_BKUPRead
 .text.HAL_Init
                0x08001bcc       0x40 ./Drivers/STM32WLxx_HAL_Driver/stm32wlxx_hal.o
                0x08001bcc                HAL_Init
 .text.HAL_InitTick
                0x08001c0c       0x74 ./Drivers/STM32WLxx_HAL_Driver/stm32wlxx_hal.o
                0x08001c0c                HAL_InitTick
 .text.HAL_IncTick
                0x08001c80       0x24 ./Drivers/STM32WLxx_HAL_Driver/stm32wlxx_hal.o
                0x08001c80                HAL_IncTick
 .text.HAL_GetTick
                0x08001ca4       0x14 ./Drivers/STM32WLxx_HAL_Driver/stm32wlxx_hal.o
                0x08001ca4                HAL_GetTick
 .text.HAL_SuspendTick
                0x08001cb8       0x1c ./Drivers/STM32WLxx_HAL_Driver/stm32wlxx_hal.o
                0x08001cb8                HAL_SuspendTick
 .text.HAL_ResumeTick
                0x08001cd4       0x1c ./Drivers/STM32WLxx_HAL_Driver/stm32wlxx_hal.o
                0x08001cd4                HAL_ResumeTick
 .text.__NVIC_SetPriorityGrouping
                0x08001cf0       0x48 ./Drivers/STM32WLxx_HAL_Driver/stm32wlxx_hal_cortex.o
 .text.__NVIC_GetPriorityGrouping
                0x08001d38       0x1c ./Drivers/STM32WLxx_HAL_Driver/stm32wlxx_hal_cortex.o
 .text.__NVIC_EnableIRQ
                0x08001d54       0x38 ./Drivers/STM32WLxx_HAL_Driver/stm32wlxx_hal_cortex.o
 .text.__NVIC_DisableIRQ
                0x08001d8c       0x48 ./Drivers/STM32WLxx_HAL_Driver/stm32wlxx_hal_cortex.o
 .text.__NVIC_SetPriority
                0x08001dd4       0x54 ./Drivers/STM32WLxx_HAL_Driver/stm32wlxx_hal_cortex.o
 .text.NVIC_EncodePriority
                0x08001e28       0x64 ./Drivers/STM32WLxx_HAL_Driver/stm32wlxx_hal_cortex.o
 .text.SysTick_Config
                0x08001e8c       0x44 ./Drivers/STM32WLxx_HAL_Driver/stm32wlxx_hal_cortex.o
 .text.HAL_NVIC_SetPriorityGrouping
                0x08001ed0       0x16 ./Drivers/STM32WLxx_HAL_Driver/stm32wlxx_hal_cortex.o
                0x08001ed0                HAL_NVIC_SetPriorityGrouping
 .text.HAL_NVIC_SetPriority
                0x08001ee6       0x34 ./Drivers/STM32WLxx_HAL_Driver/stm32wlxx_hal_cortex.o
                0x08001ee6                HAL_NVIC_SetPriority
 .text.HAL_NVIC_EnableIRQ
                0x08001f1a       0x1c ./Drivers/STM32WLxx_HAL_Driver/stm32wlxx_hal_cortex.o
                0x08001f1a                HAL_NVIC_EnableIRQ
 .text.HAL_NVIC_DisableIRQ
                0x08001f36       0x1c ./Drivers/STM32WLxx_HAL_Driver/stm32wlxx_hal_cortex.o
                0x08001f36                HAL_NVIC_DisableIRQ
 .text.HAL_SYSTICK_Config
                0x08001f52       0x18 ./Drivers/STM32WLxx_HAL_Driver/stm32wlxx_hal_cortex.o
                0x08001f52                HAL_SYSTICK_Config
 *fill*         0x08001f6a        0x2 
 .text.HAL_GPIO_Init
                0x08001f6c      0x2c0 ./Drivers/STM32WLxx_HAL_Driver/stm32wlxx_hal_gpio.o
                0x08001f6c                HAL_GPIO_Init
 .text.HAL_GPIO_ReadPin
                0x0800222c       0x2e ./Drivers/STM32WLxx_HAL_Driver/stm32wlxx_hal_gpio.o
                0x0800222c                HAL_GPIO_ReadPin
 .text.HAL_GPIO_WritePin
                0x0800225a       0x2e ./Drivers/STM32WLxx_HAL_Driver/stm32wlxx_hal_gpio.o
                0x0800225a                HAL_GPIO_WritePin
 .text.HAL_GPIO_TogglePin
                0x08002288       0x32 ./Drivers/STM32WLxx_HAL_Driver/stm32wlxx_hal_gpio.o
                0x08002288                HAL_GPIO_TogglePin
 *fill*         0x080022ba        0x2 
 .text.HAL_GPIO_EXTI_IRQHandler
                0x080022bc       0x30 ./Drivers/STM32WLxx_HAL_Driver/stm32wlxx_hal_gpio.o
                0x080022bc                HAL_GPIO_EXTI_IRQHandler
 .text.HAL_PWR_EnableBkUpAccess
                0x080022ec       0x1c ./Drivers/STM32WLxx_HAL_Driver/stm32wlxx_hal_pwr.o
                0x080022ec                HAL_PWR_EnableBkUpAccess
 .text.HAL_PWR_EnterSTOPMode
                0x08002308       0x2e ./Drivers/STM32WLxx_HAL_Driver/stm32wlxx_hal_pwr.o
                0x08002308                HAL_PWR_EnterSTOPMode
 *fill*         0x08002336        0x2 
 .text.HAL_PWREx_GetVoltageRange
                0x08002338       0x18 ./Drivers/STM32WLxx_HAL_Driver/stm32wlxx_hal_pwr_ex.o
                0x08002338                HAL_PWREx_GetVoltageRange
 .text.HAL_PWREx_EnterSTOP0Mode
                0x08002350       0x50 ./Drivers/STM32WLxx_HAL_Driver/stm32wlxx_hal_pwr_ex.o
                0x08002350                HAL_PWREx_EnterSTOP0Mode
 .text.HAL_PWREx_EnterSTOP1Mode
                0x080023a0       0x54 ./Drivers/STM32WLxx_HAL_Driver/stm32wlxx_hal_pwr_ex.o
                0x080023a0                HAL_PWREx_EnterSTOP1Mode
 .text.LL_PWR_IsEnabledBkUpAccess
                0x080023f4       0x24 ./Drivers/STM32WLxx_HAL_Driver/stm32wlxx_hal_rcc.o
 .text.LL_RCC_HSE_EnableTcxo
                0x08002418       0x1c ./Drivers/STM32WLxx_HAL_Driver/stm32wlxx_hal_rcc.o
 .text.LL_RCC_HSE_DisableTcxo
                0x08002434       0x1c ./Drivers/STM32WLxx_HAL_Driver/stm32wlxx_hal_rcc.o
 .text.LL_RCC_HSE_IsEnabledDiv2
                0x08002450       0x22 ./Drivers/STM32WLxx_HAL_Driver/stm32wlxx_hal_rcc.o
 .text.LL_RCC_HSE_Enable
                0x08002472       0x1c ./Drivers/STM32WLxx_HAL_Driver/stm32wlxx_hal_rcc.o
 .text.LL_RCC_HSE_Disable
                0x0800248e       0x1c ./Drivers/STM32WLxx_HAL_Driver/stm32wlxx_hal_rcc.o
 .text.LL_RCC_HSE_IsReady
                0x080024aa       0x22 ./Drivers/STM32WLxx_HAL_Driver/stm32wlxx_hal_rcc.o
 .text.LL_RCC_HSI_Enable
                0x080024cc       0x1c ./Drivers/STM32WLxx_HAL_Driver/stm32wlxx_hal_rcc.o
 .text.LL_RCC_HSI_Disable
                0x080024e8       0x1c ./Drivers/STM32WLxx_HAL_Driver/stm32wlxx_hal_rcc.o
 .text.LL_RCC_HSI_IsReady
                0x08002504       0x22 ./Drivers/STM32WLxx_HAL_Driver/stm32wlxx_hal_rcc.o
 .text.LL_RCC_HSI_SetCalibTrimming
                0x08002526       0x28 ./Drivers/STM32WLxx_HAL_Driver/stm32wlxx_hal_rcc.o
 .text.LL_RCC_LSE_IsReady
                0x0800254e       0x22 ./Drivers/STM32WLxx_HAL_Driver/stm32wlxx_hal_rcc.o
 .text.LL_RCC_LSI_Enable
                0x08002570       0x20 ./Drivers/STM32WLxx_HAL_Driver/stm32wlxx_hal_rcc.o
 .text.LL_RCC_LSI_Disable
                0x08002590       0x20 ./Drivers/STM32WLxx_HAL_Driver/stm32wlxx_hal_rcc.o
 .text.LL_RCC_LSI_IsReady
                0x080025b0       0x22 ./Drivers/STM32WLxx_HAL_Driver/stm32wlxx_hal_rcc.o
 .text.LL_RCC_MSI_Enable
                0x080025d2       0x1c ./Drivers/STM32WLxx_HAL_Driver/stm32wlxx_hal_rcc.o
 .text.LL_RCC_MSI_Disable
                0x080025ee       0x1c ./Drivers/STM32WLxx_HAL_Driver/stm32wlxx_hal_rcc.o
 .text.LL_RCC_MSI_IsReady
                0x0800260a       0x20 ./Drivers/STM32WLxx_HAL_Driver/stm32wlxx_hal_rcc.o
 .text.LL_RCC_MSI_IsEnabledRangeSelect
                0x0800262a       0x20 ./Drivers/STM32WLxx_HAL_Driver/stm32wlxx_hal_rcc.o
 .text.LL_RCC_MSI_GetRange
                0x0800264a       0x16 ./Drivers/STM32WLxx_HAL_Driver/stm32wlxx_hal_rcc.o
 .text.LL_RCC_MSI_GetRangeAfterStandby
                0x08002660       0x18 ./Drivers/STM32WLxx_HAL_Driver/stm32wlxx_hal_rcc.o
 .text.LL_RCC_MSI_SetCalibTrimming
                0x08002678       0x28 ./Drivers/STM32WLxx_HAL_Driver/stm32wlxx_hal_rcc.o
 .text.LL_RCC_SetSysClkSource
                0x080026a0       0x26 ./Drivers/STM32WLxx_HAL_Driver/stm32wlxx_hal_rcc.o
 .text.LL_RCC_GetSysClkSource
                0x080026c6       0x16 ./Drivers/STM32WLxx_HAL_Driver/stm32wlxx_hal_rcc.o
 .text.LL_RCC_SetAHBPrescaler
                0x080026dc       0x26 ./Drivers/STM32WLxx_HAL_Driver/stm32wlxx_hal_rcc.o
 .text.LL_C2_RCC_SetAHBPrescaler
                0x08002702       0x2a ./Drivers/STM32WLxx_HAL_Driver/stm32wlxx_hal_rcc.o
 .text.LL_RCC_SetAHB3Prescaler
                0x0800272c       0x2c ./Drivers/STM32WLxx_HAL_Driver/stm32wlxx_hal_rcc.o
 .text.LL_RCC_SetAPB1Prescaler
                0x08002758       0x26 ./Drivers/STM32WLxx_HAL_Driver/stm32wlxx_hal_rcc.o
 .text.LL_RCC_SetAPB2Prescaler
                0x0800277e       0x26 ./Drivers/STM32WLxx_HAL_Driver/stm32wlxx_hal_rcc.o
 .text.LL_RCC_GetAHBPrescaler
                0x080027a4       0x16 ./Drivers/STM32WLxx_HAL_Driver/stm32wlxx_hal_rcc.o
 .text.LL_RCC_GetAHB3Prescaler
                0x080027ba       0x1a ./Drivers/STM32WLxx_HAL_Driver/stm32wlxx_hal_rcc.o
 .text.LL_RCC_PLL_Enable
                0x080027d4       0x1c ./Drivers/STM32WLxx_HAL_Driver/stm32wlxx_hal_rcc.o
 .text.LL_RCC_PLL_Disable
                0x080027f0       0x1c ./Drivers/STM32WLxx_HAL_Driver/stm32wlxx_hal_rcc.o
 .text.LL_RCC_PLL_IsReady
                0x0800280c       0x22 ./Drivers/STM32WLxx_HAL_Driver/stm32wlxx_hal_rcc.o
 .text.LL_RCC_PLL_GetN
                0x0800282e       0x18 ./Drivers/STM32WLxx_HAL_Driver/stm32wlxx_hal_rcc.o
 .text.LL_RCC_PLL_GetR
                0x08002846       0x16 ./Drivers/STM32WLxx_HAL_Driver/stm32wlxx_hal_rcc.o
 .text.LL_RCC_PLL_GetDivider
                0x0800285c       0x16 ./Drivers/STM32WLxx_HAL_Driver/stm32wlxx_hal_rcc.o
 .text.LL_RCC_PLL_GetMainSource
                0x08002872       0x16 ./Drivers/STM32WLxx_HAL_Driver/stm32wlxx_hal_rcc.o
 .text.LL_RCC_IsActiveFlag_HPRE
                0x08002888       0x22 ./Drivers/STM32WLxx_HAL_Driver/stm32wlxx_hal_rcc.o
 .text.LL_RCC_IsActiveFlag_C2HPRE
                0x080028aa       0x24 ./Drivers/STM32WLxx_HAL_Driver/stm32wlxx_hal_rcc.o
 .text.LL_RCC_IsActiveFlag_SHDHPRE
                0x080028ce       0x24 ./Drivers/STM32WLxx_HAL_Driver/stm32wlxx_hal_rcc.o
 .text.LL_RCC_IsActiveFlag_PPRE1
                0x080028f2       0x22 ./Drivers/STM32WLxx_HAL_Driver/stm32wlxx_hal_rcc.o
 .text.LL_RCC_IsActiveFlag_PPRE2
                0x08002914       0x22 ./Drivers/STM32WLxx_HAL_Driver/stm32wlxx_hal_rcc.o
 *fill*         0x08002936        0x2 
 .text.HAL_RCC_OscConfig
                0x08002938      0x704 ./Drivers/STM32WLxx_HAL_Driver/stm32wlxx_hal_rcc.o
                0x08002938                HAL_RCC_OscConfig
 .text.HAL_RCC_ClockConfig
                0x0800303c      0x284 ./Drivers/STM32WLxx_HAL_Driver/stm32wlxx_hal_rcc.o
                0x0800303c                HAL_RCC_ClockConfig
 .text.HAL_RCC_GetSysClockFreq
                0x080032c0      0x140 ./Drivers/STM32WLxx_HAL_Driver/stm32wlxx_hal_rcc.o
                0x080032c0                HAL_RCC_GetSysClockFreq
 .text.HAL_RCC_GetHCLKFreq
                0x08003400       0x28 ./Drivers/STM32WLxx_HAL_Driver/stm32wlxx_hal_rcc.o
                0x08003400                HAL_RCC_GetHCLKFreq
 .text.RCC_SetFlashLatencyFromMSIRange
                0x08003428       0x60 ./Drivers/STM32WLxx_HAL_Driver/stm32wlxx_hal_rcc.o
 .text.RCC_SetFlashLatency
                0x08003488      0x104 ./Drivers/STM32WLxx_HAL_Driver/stm32wlxx_hal_rcc.o
 .text.LL_RCC_LSE_IsReady
                0x0800358c       0x22 ./Drivers/STM32WLxx_HAL_Driver/stm32wlxx_hal_rcc_ex.o
 .text.LL_RCC_SetUSARTClockSource
                0x080035ae       0x30 ./Drivers/STM32WLxx_HAL_Driver/stm32wlxx_hal_rcc_ex.o
 .text.LL_RCC_SetI2SClockSource
                0x080035de       0x2a ./Drivers/STM32WLxx_HAL_Driver/stm32wlxx_hal_rcc_ex.o
 .text.LL_RCC_SetLPUARTClockSource
                0x08003608       0x2a ./Drivers/STM32WLxx_HAL_Driver/stm32wlxx_hal_rcc_ex.o
 .text.LL_RCC_SetI2CClockSource
                0x08003632       0x38 ./Drivers/STM32WLxx_HAL_Driver/stm32wlxx_hal_rcc_ex.o
 .text.LL_RCC_SetLPTIMClockSource
                0x0800366a       0x32 ./Drivers/STM32WLxx_HAL_Driver/stm32wlxx_hal_rcc_ex.o
 .text.LL_RCC_SetRNGClockSource
                0x0800369c       0x2a ./Drivers/STM32WLxx_HAL_Driver/stm32wlxx_hal_rcc_ex.o
 .text.LL_RCC_SetADCClockSource
                0x080036c6       0x2a ./Drivers/STM32WLxx_HAL_Driver/stm32wlxx_hal_rcc_ex.o
 .text.LL_RCC_SetRTCClockSource
                0x080036f0       0x2a ./Drivers/STM32WLxx_HAL_Driver/stm32wlxx_hal_rcc_ex.o
 .text.LL_RCC_GetRTCClockSource
                0x0800371a       0x18 ./Drivers/STM32WLxx_HAL_Driver/stm32wlxx_hal_rcc_ex.o
 .text.LL_RCC_ForceBackupDomainReset
                0x08003732       0x20 ./Drivers/STM32WLxx_HAL_Driver/stm32wlxx_hal_rcc_ex.o
 .text.LL_RCC_ReleaseBackupDomainReset
                0x08003752       0x20 ./Drivers/STM32WLxx_HAL_Driver/stm32wlxx_hal_rcc_ex.o
 *fill*         0x08003772        0x2 
 .text.HAL_RCCEx_PeriphCLKConfig
                0x08003774      0x234 ./Drivers/STM32WLxx_HAL_Driver/stm32wlxx_hal_rcc_ex.o
                0x08003774                HAL_RCCEx_PeriphCLKConfig
 .text.LL_RCC_EnableRTC
                0x080039a8       0x20 ./hal/hal_rtc.o
 .text.LL_RCC_DisableRTC
                0x080039c8       0x20 ./hal/hal_rtc.o
 .text.LL_APB1_GRP1_EnableClock
                0x080039e8       0x30 ./hal/hal_rtc.o
 .text.LL_APB1_GRP1_DisableClock
                0x08003a18       0x24 ./hal/hal_rtc.o
 .text.LL_RTC_EnableWriteProtection
                0x08003a3c       0x18 ./hal/hal_rtc.o
 .text.LL_RTC_DisableWriteProtection
                0x08003a54       0x1e ./hal/hal_rtc.o
 .text.LL_RTC_WAKEUP_SetClock
                0x08003a72       0x24 ./hal/hal_rtc.o
 *fill*         0x08003a96        0x2 
 .text.hal_rtc_init
                0x08003a98       0xb0 ./hal/hal_rtc.o
                0x08003a98                hal_rtc_init
 .text.RtcSetTimerContext
                0x08003b48       0x28 ./hal/hal_rtc.o
                0x08003b48                RtcSetTimerContext
 .text.HAL_RTC_MspInit
                0x08003b70       0x78 ./hal/hal_rtc.o
                0x08003b70                HAL_RTC_MspInit
 .text.HAL_RTC_MspDeInit
                0x08003be8       0x38 ./hal/hal_rtc.o
                0x08003be8                HAL_RTC_MspDeInit
 .text.RtcGetCalendarValue
                0x08003c20      0x138 ./hal/hal_rtc.o
 .text._DoInit  0x08003d58       0xa4 ./segger/SEGGER_RTT.o
 .text._WriteBlocking
                0x08003dfc       0xb4 ./segger/SEGGER_RTT.o
 .text._WriteNoCheck
                0x08003eb0       0x80 ./segger/SEGGER_RTT.o
 .text._GetAvailWriteSpace
                0x08003f30       0x44 ./segger/SEGGER_RTT.o
 .text.SEGGER_RTT_WriteNoLock
                0x08003f74       0xa0 ./segger/SEGGER_RTT.o
                0x08003f74                SEGGER_RTT_WriteNoLock
 .text.SEGGER_RTT_Write
                0x08004014       0x48 ./segger/SEGGER_RTT.o
                0x08004014                SEGGER_RTT_Write
 .text.SEGGER_RTT_Init
                0x0800405c        0xc ./segger/SEGGER_RTT.o
                0x0800405c                SEGGER_RTT_Init
 .text._StoreChar
                0x08004068       0x7c ./segger/SEGGER_RTT_printf.o
 .text._PrintUnsigned
                0x080040e4      0x158 ./segger/SEGGER_RTT_printf.o
 .text._PrintInt
                0x0800423c      0x14e ./segger/SEGGER_RTT_printf.o
 *fill*         0x0800438a        0x2 
 .text.SEGGER_RTT_vprintf
                0x0800438c      0x3ac ./segger/SEGGER_RTT_printf.o
                0x0800438c                SEGGER_RTT_vprintf
 .text.SEGGER_RTT_printf
                0x08004738       0x30 ./segger/SEGGER_RTT_printf.o
                0x08004738                SEGGER_RTT_printf
 .text.UTIL_MEM_set_8
                0x08004768       0x36 ./stm32_mem.o
                0x08004768                UTIL_MEM_set_8
 .text.LL_RTC_TIME_GetSubSecond
                0x0800479e       0x16 ./timer/timer_if.o
 .text.TIMER_IF_Init
                0x080047b4       0x64 ./timer/timer_if.o
                0x080047b4                TIMER_IF_Init
 .text.TIMER_IF_StartTimer
                0x08004818       0x70 ./timer/timer_if.o
                0x08004818                TIMER_IF_StartTimer
 .text.TIMER_IF_StopTimer
                0x08004888       0x34 ./timer/timer_if.o
                0x08004888                TIMER_IF_StopTimer
 .text.TIMER_IF_SetTimerContext
                0x080048bc       0x1c ./timer/timer_if.o
                0x080048bc                TIMER_IF_SetTimerContext
 .text.TIMER_IF_GetTimerContext
                0x080048d8       0x14 ./timer/timer_if.o
                0x080048d8                TIMER_IF_GetTimerContext
 .text.TIMER_IF_GetTimerElapsedTime
                0x080048ec       0x18 ./timer/timer_if.o
                0x080048ec                TIMER_IF_GetTimerElapsedTime
 .text.TIMER_IF_GetTimerValue
                0x08004904       0x20 ./timer/timer_if.o
                0x08004904                TIMER_IF_GetTimerValue
 .text.TIMER_IF_GetMinimumTimeout
                0x08004924        0xe ./timer/timer_if.o
                0x08004924                TIMER_IF_GetMinimumTimeout
 .text.TIMER_IF_Convert_ms2Tick
                0x08004932       0x32 ./timer/timer_if.o
                0x08004932                TIMER_IF_Convert_ms2Tick
 .text.TIMER_IF_Convert_Tick2ms
                0x08004964       0x8a ./timer/timer_if.o
                0x08004964                TIMER_IF_Convert_Tick2ms
 .text.HAL_RTC_AlarmAEventCallback
                0x080049ee       0x14 ./timer/timer_if.o
                0x080049ee                HAL_RTC_AlarmAEventCallback
 .text.HAL_RTCEx_SSRUEventCallback
                0x08004a02       0x20 ./timer/timer_if.o
                0x08004a02                HAL_RTCEx_SSRUEventCallback
 *fill*         0x08004a22        0x2 
 .text.TIMER_IF_BkUp_Write_MSBticks
                0x08004a24       0x20 ./timer/timer_if.o
 .text.TIMER_IF_BkUp_Read_MSBticks
                0x08004a44       0x20 ./timer/timer_if.o
 .text.GetTimerTicks
                0x08004a64       0x18 ./timer/timer_if.o
 .text.memset   0x08004a7c       0x10 C:/ST/STM32CubeIDE_1.16.1/STM32CubeIDE/plugins/com.st.stm32cube.ide.mcu.externaltools.gnu-tools-for-stm32.12.3.rel1.win32_1.0.200.202406191623/tools/bin/../lib/gcc/arm-none-eabi/12.3.1/../../../../arm-none-eabi/lib/thumb/v7e-m/nofp\libc_nano.a(libc_a-memset.o)
                0x08004a7c                memset
 .text.__libc_init_array
                0x08004a8c       0x48 C:/ST/STM32CubeIDE_1.16.1/STM32CubeIDE/plugins/com.st.stm32cube.ide.mcu.externaltools.gnu-tools-for-stm32.12.3.rel1.win32_1.0.200.202406191623/tools/bin/../lib/gcc/arm-none-eabi/12.3.1/../../../../arm-none-eabi/lib/thumb/v7e-m/nofp\libc_nano.a(libc_a-init.o)
                0x08004a8c                __libc_init_array
 .text.memcpy   0x08004ad4       0x1c C:/ST/STM32CubeIDE_1.16.1/STM32CubeIDE/plugins/com.st.stm32cube.ide.mcu.externaltools.gnu-tools-for-stm32.12.3.rel1.win32_1.0.200.202406191623/tools/bin/../lib/gcc/arm-none-eabi/12.3.1/../../../../arm-none-eabi/lib/thumb/v7e-m/nofp\libc_nano.a(libc_a-memcpy-stub.o)
                0x08004ad4                memcpy
 *(.glue_7)
 .glue_7        0x08004af0        0x0 linker stubs
 *(.glue_7t)
 .glue_7t       0x08004af0        0x0 linker stubs
 *(.eh_frame)
 .eh_frame      0x08004af0        0x0 C:/ST/STM32CubeIDE_1.16.1/STM32CubeIDE/plugins/com.st.stm32cube.ide.mcu.externaltools.gnu-tools-for-stm32.12.3.rel1.win32_1.0.200.202406191623/tools/bin/../lib/gcc/arm-none-eabi/12.3.1/thumb/v7e-m/nofp/crtbegin.o
 *(.init)
 .init          0x08004af0        0x4 C:/ST/STM32CubeIDE_1.16.1/STM32CubeIDE/plugins/com.st.stm32cube.ide.mcu.externaltools.gnu-tools-for-stm32.12.3.rel1.win32_1.0.200.202406191623/tools/bin/../lib/gcc/arm-none-eabi/12.3.1/thumb/v7e-m/nofp/crti.o
                0x08004af0                _init
 .init          0x08004af4        0x8 C:/ST/STM32CubeIDE_1.16.1/STM32CubeIDE/plugins/com.st.stm32cube.ide.mcu.externaltools.gnu-tools-for-stm32.12.3.rel1.win32_1.0.200.202406191623/tools/bin/../lib/gcc/arm-none-eabi/12.3.1/thumb/v7e-m/nofp/crtn.o
 *(.fini)
 .fini          0x08004afc        0x4 C:/ST/STM32CubeIDE_1.16.1/STM32CubeIDE/plugins/com.st.stm32cube.ide.mcu.externaltools.gnu-tools-for-stm32.12.3.rel1.win32_1.0.200.202406191623/tools/bin/../lib/gcc/arm-none-eabi/12.3.1/thumb/v7e-m/nofp/crti.o
                0x08004afc                _fini
 .fini          0x08004b00        0x8 C:/ST/STM32CubeIDE_1.16.1/STM32CubeIDE/plugins/com.st.stm32cube.ide.mcu.externaltools.gnu-tools-for-stm32.12.3.rel1.win32_1.0.200.202406191623/tools/bin/../lib/gcc/arm-none-eabi/12.3.1/thumb/v7e-m/nofp/crtn.o
                0x08004b08                        . = ALIGN (0x8)
                0x08004b08                        _etext = .

.vfp11_veneer   0x08004b08        0x0
 .vfp11_veneer  0x08004b08        0x0 linker stubs

.v4_bx          0x08004b08        0x0
 .v4_bx         0x08004b08        0x0 linker stubs

.iplt           0x08004b08        0x0
 .iplt          0x08004b08        0x0 C:/ST/STM32CubeIDE_1.16.1/STM32CubeIDE/plugins/com.st.stm32cube.ide.mcu.externaltools.gnu-tools-for-stm32.12.3.rel1.win32_1.0.200.202406191623/tools/bin/../lib/gcc/arm-none-eabi/12.3.1/thumb/v7e-m/nofp/crtbegin.o

.rodata         0x08004b08      0x168
                0x08004b08                        . = ALIGN (0x8)
 *(.rodata)
 .rodata        0x08004b08       0x2d ./Application/User/main.o
 *fill*         0x08004b35        0x3 
 .rodata        0x08004b38       0x1c ./Drivers/STM32WLxx_HAL_Driver/stm32wlxx_hal_rcc.o
 .rodata        0x08004b54       0x17 ./segger/SEGGER_RTT.o
 *(.rodata*)
 *fill*         0x08004b6b        0x1 
 .rodata.SEQ_clz_table_4bit
                0x08004b6c       0x10 ./Application/User/stm32_seq.o
                0x08004b6c                SEQ_clz_table_4bit
 .rodata.LED_PIN
                0x08004b7c        0x6 ./Drivers/BSP/STM32WLxx_Nucleo/stm32wlxx_nucleo.o
 *fill*         0x08004b82        0x2 
 .rodata.AHBPrescTable
                0x08004b84       0x40 ./Drivers/CMSIS/system_stm32wlxx.o
                0x08004b84                AHBPrescTable
 .rodata.MSIRangeTable
                0x08004bc4       0x40 ./Drivers/CMSIS/system_stm32wlxx.o
                0x08004bc4                MSIRangeTable
 .rodata.sAlarm.0
                0x08004c04       0x2c ./hal/hal_rtc.o
 .rodata._aV2C.1
                0x08004c30       0x10 ./segger/SEGGER_RTT_printf.o
 .rodata.UTIL_TimerDriver
                0x08004c40       0x2c ./timer/timer_if.o
                0x08004c40                UTIL_TimerDriver
                0x08004c70                        . = ALIGN (0x8)
 *fill*         0x08004c6c        0x4 

.ARM.extab      0x08004c70        0x0
                0x08004c70                        . = ALIGN (0x8)
 *(.ARM.extab* .gnu.linkonce.armextab.*)
                0x08004c70                        . = ALIGN (0x8)

.ARM            0x08004c70        0x8
                0x08004c70                        . = ALIGN (0x8)
                0x08004c70                        __exidx_start = .
 *(.ARM.exidx*)
 .ARM.exidx     0x08004c70        0x8 C:/ST/STM32CubeIDE_1.16.1/STM32CubeIDE/plugins/com.st.stm32cube.ide.mcu.externaltools.gnu-tools-for-stm32.12.3.rel1.win32_1.0.200.202406191623/tools/bin/../lib/gcc/arm-none-eabi/12.3.1/thumb/v7e-m/nofp\libgcc.a(_udivmoddi4.o)
                0x08004c78                        __exidx_end = .
                0x08004c78                        . = ALIGN (0x8)

.rel.dyn        0x08004c78        0x0
 .rel.iplt      0x08004c78        0x0 C:/ST/STM32CubeIDE_1.16.1/STM32CubeIDE/plugins/com.st.stm32cube.ide.mcu.externaltools.gnu-tools-for-stm32.12.3.rel1.win32_1.0.200.202406191623/tools/bin/../lib/gcc/arm-none-eabi/12.3.1/thumb/v7e-m/nofp/crtbegin.o

.preinit_array  0x08004c78        0x0
                0x08004c78                        . = ALIGN (0x8)
                0x08004c78                        PROVIDE (__preinit_array_start = .)
 *(.preinit_array*)
                0x08004c78                        PROVIDE (__preinit_array_end = .)
                0x08004c78                        . = ALIGN (0x8)

.init_array     0x08004c78        0x8
                0x08004c78                        . = ALIGN (0x8)
                0x08004c78                        PROVIDE (__init_array_start = .)
 *(SORT_BY_NAME(.init_array.*))
 *(.init_array*)
 .init_array    0x08004c78        0x4 C:/ST/STM32CubeIDE_1.16.1/STM32CubeIDE/plugins/com.st.stm32cube.ide.mcu.externaltools.gnu-tools-for-stm32.12.3.rel1.win32_1.0.200.202406191623/tools/bin/../lib/gcc/arm-none-eabi/12.3.1/thumb/v7e-m/nofp/crtbegin.o
                0x08004c7c                        PROVIDE (__init_array_end = .)
                0x08004c80                        . = ALIGN (0x8)
 *fill*         0x08004c7c        0x4 

.fini_array     0x08004c80        0x8
                0x08004c80                        . = ALIGN (0x8)
                [!provide]                        PROVIDE (__fini_array_start = .)
 *(SORT_BY_NAME(.fini_array.*))
 *(.fini_array*)
 .fini_array    0x08004c80        0x4 C:/ST/STM32CubeIDE_1.16.1/STM32CubeIDE/plugins/com.st.stm32cube.ide.mcu.externaltools.gnu-tools-for-stm32.12.3.rel1.win32_1.0.200.202406191623/tools/bin/../lib/gcc/arm-none-eabi/12.3.1/thumb/v7e-m/nofp/crtbegin.o
                [!provide]                        PROVIDE (__fini_array_end = .)
                0x08004c88                        . = ALIGN (0x8)
 *fill*         0x08004c84        0x4 
                0x08004c88                        _sidata = LOADADDR (.data)

.data           0x20000000      0x430 load address 0x08004c88
                0x20000000                        . = ALIGN (0x8)
                0x20000000                        _sdata = .
 *(.data)
 .data          0x20000000      0x410 ./segger/SEGGER_RTT.o
 *(.data*)
 .data.TaskMask
                0x20000410        0x4 ./Application/User/stm32_seq.o
 .data.SuperMask
                0x20000414        0x4 ./Application/User/stm32_seq.o
 .data.LED_PORT
                0x20000418        0xc ./Drivers/BSP/STM32WLxx_Nucleo/stm32wlxx_nucleo.o
 .data.SystemCoreClock
                0x20000424        0x4 ./Drivers/CMSIS/system_stm32wlxx.o
                0x20000424                SystemCoreClock
 .data.uwTickPrio
                0x20000428        0x4 ./Drivers/STM32WLxx_HAL_Driver/stm32wlxx_hal.o
                0x20000428                uwTickPrio
 .data.uwTickFreq
                0x2000042c        0x1 ./Drivers/STM32WLxx_HAL_Driver/stm32wlxx_hal.o
                0x2000042c                uwTickFreq
                0x20000430                        . = ALIGN (0x8)
 *fill*         0x2000042d        0x3 
                0x20000430                        _edata = .

.igot.plt       0x20000430        0x0 load address 0x080050b8
 .igot.plt      0x20000430        0x0 C:/ST/STM32CubeIDE_1.16.1/STM32CubeIDE/plugins/com.st.stm32cube.ide.mcu.externaltools.gnu-tools-for-stm32.12.3.rel1.win32_1.0.200.202406191623/tools/bin/../lib/gcc/arm-none-eabi/12.3.1/thumb/v7e-m/nofp/crtbegin.o
                0x20000430                        . = ALIGN (0x8)

.bss            0x20000430      0x2e0 load address 0x080050b8
                0x20000430                        _sbss = .
                0x20000430                        __bss_start__ = _sbss
 *(.bss)
 .bss           0x20000430       0x1c C:/ST/STM32CubeIDE_1.16.1/STM32CubeIDE/plugins/com.st.stm32cube.ide.mcu.externaltools.gnu-tools-for-stm32.12.3.rel1.win32_1.0.200.202406191623/tools/bin/../lib/gcc/arm-none-eabi/12.3.1/thumb/v7e-m/nofp/crtbegin.o
 *(.bss*)
 .bss.pulse_cnt
                0x2000044c        0x4 ./Application/User/main.o
                0x2000044c                pulse_cnt
 .bss.is_sampling
                0x20000450        0x1 ./Application/User/main.o
                0x20000450                is_sampling
 *fill*         0x20000451        0x3 
 .bss.timer_1ms
                0x20000454       0x24 ./Application/User/main.o
 .bss.pin_set_cnt.2
                0x20000478        0x4 ./Application/User/main.o
 .bss.samples_cnt.1
                0x2000047c        0x4 ./Application/User/main.o
 .bss.timer_20s.0
                0x20000480       0x24 ./Application/User/main.o
 .bss.TimerListHead
                0x200004a4        0x4 ./Application/User/rtc.o
 .bss.TaskSet   0x200004a8        0x4 ./Application/User/stm32_seq.o
 .bss.EvtSet    0x200004ac        0x4 ./Application/User/stm32_seq.o
 .bss.EvtWaited
                0x200004b0        0x4 ./Application/User/stm32_seq.o
 .bss.CurrentTaskIdx
                0x200004b4        0x4 ./Application/User/stm32_seq.o
 .bss.TaskCb    0x200004b8       0x80 ./Application/User/stm32_seq.o
 .bss.TaskPrio  0x20000538       0x10 ./Application/User/stm32_seq.o
 .bss.uwTick    0x20000548        0x4 ./Drivers/STM32WLxx_HAL_Driver/stm32wlxx_hal.o
                0x20000548                uwTick
 .bss.RtcInitialized
                0x2000054c        0x1 ./hal/hal_rtc.o
 *fill*         0x2000054d        0x3 
 .bss.RtcTimerContext
                0x20000550       0x1c ./hal/hal_rtc.o
 .bss.hrtc      0x2000056c       0x70 ./hal/hal_rtc.o
                0x2000056c                hrtc
 .bss._SEGGER_RTT
                0x200005dc       0xa8 ./segger/SEGGER_RTT.o
                0x200005dc                _SEGGER_RTT
 .bss.acBuffer.0
                0x20000684       0x80 ./segger/SEGGER_RTT_printf.o
 .bss.RTC_Initialized
                0x20000704        0x1 ./timer/timer_if.o
 *fill*         0x20000705        0x3 
 .bss.RtcTimerContext
                0x20000708        0x4 ./timer/timer_if.o
 *(COMMON)
                0x20000710                        . = ALIGN (0x8)
 *fill*         0x2000070c        0x4 
                0x20000710                        _ebss = .
                0x20000710                        __bss_end__ = _ebss
                0x20000710                        . = ALIGN (0x8)

RAM1_region     0x20000710        0x0 load address 0x080050b8
                0x20000710                        _sRAM1_region = .
 *(.RAM1_region)
                0x20000710                        . = ALIGN (0x8)
                0x20000710                        _eRAM1_region = .
                0x20000710                        . = ALIGN (0x8)

RAM2_region     0x20009000        0x0
                0x20009000                        _sRAM2_region = .
 *(.RAM2_region)
                0x20009000                        . = ALIGN (0x8)
                0x20009000                        _eRAM2_region = .

._user_heap_stack
                0x20000710      0x600
                0x20000710                        . = ALIGN (0x8)
                [!provide]                        PROVIDE (end = .)
                0x20000710                        PROVIDE (_end = .)
                0x20000910                        . = (. + _Min_Heap_Size)
 *fill*         0x20000710      0x200 
                0x20000d10                        . = (. + _Min_Stack_Size)
 *fill*         0x20000910      0x400 
                0x20000d10                        . = ALIGN (0x8)

/DISCARD/
 libc.a(*)
 libm.a(*)
 libgcc.a(*)

.ARM.attributes
                0x00000000       0x2a
 *(.ARM.attributes)
 .ARM.attributes
                0x00000000       0x1e C:/ST/STM32CubeIDE_1.16.1/STM32CubeIDE/plugins/com.st.stm32cube.ide.mcu.externaltools.gnu-tools-for-stm32.12.3.rel1.win32_1.0.200.202406191623/tools/bin/../lib/gcc/arm-none-eabi/12.3.1/thumb/v7e-m/nofp/crti.o
 .ARM.attributes
                0x0000001e       0x2e C:/ST/STM32CubeIDE_1.16.1/STM32CubeIDE/plugins/com.st.stm32cube.ide.mcu.externaltools.gnu-tools-for-stm32.12.3.rel1.win32_1.0.200.202406191623/tools/bin/../lib/gcc/arm-none-eabi/12.3.1/thumb/v7e-m/nofp/crtbegin.o
 .ARM.attributes
                0x0000004c       0x21 ./Application/Startup/startup_stm32wl55jcix.o
 .ARM.attributes
                0x0000006d       0x2e ./Application/User/main.o
 .ARM.attributes
                0x0000009b       0x2e ./Application/User/rtc.o
 .ARM.attributes
                0x000000c9       0x2e ./Application/User/stm32_seq.o
 .ARM.attributes
                0x000000f7       0x2e ./Application/User/stm32wlxx_hal_msp.o
 .ARM.attributes
                0x00000125       0x2e ./Application/User/stm32wlxx_it.o
 .ARM.attributes
                0x00000153       0x2e ./Drivers/BSP/STM32WLxx_Nucleo/stm32wlxx_nucleo.o
 .ARM.attributes
                0x00000181       0x2e ./Drivers/CMSIS/system_stm32wlxx.o
 .ARM.attributes
                0x000001af       0x2e ./Drivers/STM32WLxx_HAL_Driver/Src/stm32wlxx_hal_rtc.o
 .ARM.attributes
                0x000001dd       0x2e ./Drivers/STM32WLxx_HAL_Driver/Src/stm32wlxx_hal_rtc_ex.o
 .ARM.attributes
                0x0000020b       0x2e ./Drivers/STM32WLxx_HAL_Driver/stm32wlxx_hal.o
 .ARM.attributes
                0x00000239       0x2e ./Drivers/STM32WLxx_HAL_Driver/stm32wlxx_hal_cortex.o
 .ARM.attributes
                0x00000267       0x2e ./Drivers/STM32WLxx_HAL_Driver/stm32wlxx_hal_gpio.o
 .ARM.attributes
                0x00000295       0x2e ./Drivers/STM32WLxx_HAL_Driver/stm32wlxx_hal_pwr.o
 .ARM.attributes
                0x000002c3       0x2e ./Drivers/STM32WLxx_HAL_Driver/stm32wlxx_hal_pwr_ex.o
 .ARM.attributes
                0x000002f1       0x2e ./Drivers/STM32WLxx_HAL_Driver/stm32wlxx_hal_rcc.o
 .ARM.attributes
                0x0000031f       0x2e ./Drivers/STM32WLxx_HAL_Driver/stm32wlxx_hal_rcc_ex.o
 .ARM.attributes
                0x0000034d       0x2e ./hal/hal_rtc.o
 .ARM.attributes
                0x0000037b       0x2e ./segger/SEGGER_RTT.o
 .ARM.attributes
                0x000003a9       0x2e ./segger/SEGGER_RTT_printf.o
 .ARM.attributes
                0x000003d7       0x2e ./stm32_mem.o
 .ARM.attributes
                0x00000405       0x2e ./timer/timer_if.o
 .ARM.attributes
                0x00000433       0x2e C:/ST/STM32CubeIDE_1.16.1/STM32CubeIDE/plugins/com.st.stm32cube.ide.mcu.externaltools.gnu-tools-for-stm32.12.3.rel1.win32_1.0.200.202406191623/tools/bin/../lib/gcc/arm-none-eabi/12.3.1/../../../../arm-none-eabi/lib/thumb/v7e-m/nofp\libc_nano.a(libc_a-memset.o)
 .ARM.attributes
                0x00000461       0x2e C:/ST/STM32CubeIDE_1.16.1/STM32CubeIDE/plugins/com.st.stm32cube.ide.mcu.externaltools.gnu-tools-for-stm32.12.3.rel1.win32_1.0.200.202406191623/tools/bin/../lib/gcc/arm-none-eabi/12.3.1/../../../../arm-none-eabi/lib/thumb/v7e-m/nofp\libc_nano.a(libc_a-init.o)
 .ARM.attributes
                0x0000048f       0x2e C:/ST/STM32CubeIDE_1.16.1/STM32CubeIDE/plugins/com.st.stm32cube.ide.mcu.externaltools.gnu-tools-for-stm32.12.3.rel1.win32_1.0.200.202406191623/tools/bin/../lib/gcc/arm-none-eabi/12.3.1/../../../../arm-none-eabi/lib/thumb/v7e-m/nofp\libc_nano.a(libc_a-memcpy-stub.o)
 .ARM.attributes
                0x000004bd       0x1e C:/ST/STM32CubeIDE_1.16.1/STM32CubeIDE/plugins/com.st.stm32cube.ide.mcu.externaltools.gnu-tools-for-stm32.12.3.rel1.win32_1.0.200.202406191623/tools/bin/../lib/gcc/arm-none-eabi/12.3.1/thumb/v7e-m/nofp\libgcc.a(_aeabi_uldivmod.o)
 .ARM.attributes
                0x000004db       0x2e C:/ST/STM32CubeIDE_1.16.1/STM32CubeIDE/plugins/com.st.stm32cube.ide.mcu.externaltools.gnu-tools-for-stm32.12.3.rel1.win32_1.0.200.202406191623/tools/bin/../lib/gcc/arm-none-eabi/12.3.1/thumb/v7e-m/nofp\libgcc.a(_udivmoddi4.o)
 .ARM.attributes
                0x00000509       0x1e C:/ST/STM32CubeIDE_1.16.1/STM32CubeIDE/plugins/com.st.stm32cube.ide.mcu.externaltools.gnu-tools-for-stm32.12.3.rel1.win32_1.0.200.202406191623/tools/bin/../lib/gcc/arm-none-eabi/12.3.1/thumb/v7e-m/nofp\libgcc.a(_dvmd_tls.o)
 .ARM.attributes
                0x00000527       0x1e C:/ST/STM32CubeIDE_1.16.1/STM32CubeIDE/plugins/com.st.stm32cube.ide.mcu.externaltools.gnu-tools-for-stm32.12.3.rel1.win32_1.0.200.202406191623/tools/bin/../lib/gcc/arm-none-eabi/12.3.1/thumb/v7e-m/nofp/crtn.o
OUTPUT(GPIO_EXTI.elf elf32-littlearm)
LOAD linker stubs
LOAD C:/ST/STM32CubeIDE_1.16.1/STM32CubeIDE/plugins/com.st.stm32cube.ide.mcu.externaltools.gnu-tools-for-stm32.12.3.rel1.win32_1.0.200.202406191623/tools/bin/../lib/gcc/arm-none-eabi/12.3.1/../../../../arm-none-eabi/lib/thumb/v7e-m/nofp\libc.a
LOAD C:/ST/STM32CubeIDE_1.16.1/STM32CubeIDE/plugins/com.st.stm32cube.ide.mcu.externaltools.gnu-tools-for-stm32.12.3.rel1.win32_1.0.200.202406191623/tools/bin/../lib/gcc/arm-none-eabi/12.3.1/../../../../arm-none-eabi/lib/thumb/v7e-m/nofp\libm.a
LOAD C:/ST/STM32CubeIDE_1.16.1/STM32CubeIDE/plugins/com.st.stm32cube.ide.mcu.externaltools.gnu-tools-for-stm32.12.3.rel1.win32_1.0.200.202406191623/tools/bin/../lib/gcc/arm-none-eabi/12.3.1/thumb/v7e-m/nofp\libgcc.a

.debug_line     0x00000000    0x11b85
 .debug_line    0x00000000       0x7b ./Application/Startup/startup_stm32wl55jcix.o
 .debug_line    0x0000007b      0xd8f ./Application/User/main.o
 .debug_line    0x00000e0a      0xb47 ./Application/User/rtc.o
 .debug_line    0x00001951      0xbdb ./Application/User/stm32_seq.o
 .debug_line    0x0000252c      0x8c5 ./Application/User/stm32wlxx_hal_msp.o
 .debug_line    0x00002df1      0x96b ./Application/User/stm32wlxx_it.o
 .debug_line    0x0000375c      0xaa8 ./Drivers/BSP/STM32WLxx_Nucleo/stm32wlxx_nucleo.o
 .debug_line    0x00004204      0x8dd ./Drivers/CMSIS/system_stm32wlxx.o
 .debug_line    0x00004ae1     0x1209 ./Drivers/STM32WLxx_HAL_Driver/Src/stm32wlxx_hal_rtc.o
 .debug_line    0x00005cea     0x1533 ./Drivers/STM32WLxx_HAL_Driver/Src/stm32wlxx_hal_rtc_ex.o
 .debug_line    0x0000721d      0xfa2 ./Drivers/STM32WLxx_HAL_Driver/stm32wlxx_hal.o
 .debug_line    0x000081bf      0xddb ./Drivers/STM32WLxx_HAL_Driver/stm32wlxx_hal_cortex.o
 .debug_line    0x00008f9a      0xc46 ./Drivers/STM32WLxx_HAL_Driver/stm32wlxx_hal_gpio.o
 .debug_line    0x00009be0      0xa98 ./Drivers/STM32WLxx_HAL_Driver/stm32wlxx_hal_pwr.o
 .debug_line    0x0000a678      0xf4a ./Drivers/STM32WLxx_HAL_Driver/stm32wlxx_hal_pwr_ex.o
 .debug_line    0x0000b5c2     0x17c8 ./Drivers/STM32WLxx_HAL_Driver/stm32wlxx_hal_rcc.o
 .debug_line    0x0000cd8a     0x148a ./Drivers/STM32WLxx_HAL_Driver/stm32wlxx_hal_rcc_ex.o
 .debug_line    0x0000e214      0xbdd ./hal/hal_rtc.o
 .debug_line    0x0000edf1      0xe93 ./segger/SEGGER_RTT.o
 .debug_line    0x0000fc84      0x925 ./segger/SEGGER_RTT_printf.o
 .debug_line    0x000105a9      0x6d2 ./stm32_mem.o
 .debug_line    0x00010c7b      0xf0a ./timer/timer_if.o

.debug_line_str
                0x00000000       0x97
 .debug_line_str
                0x00000000       0x97 ./Application/Startup/startup_stm32wl55jcix.o

.debug_info     0x00000000     0xf658
 .debug_info    0x00000000       0x30 ./Application/Startup/startup_stm32wl55jcix.o
 .debug_info    0x00000030     0x14af ./Application/User/main.o
 .debug_info    0x000014df      0x86b ./Application/User/rtc.o
 .debug_info    0x00001d4a      0x981 ./Application/User/stm32_seq.o
 .debug_info    0x000026cb       0xce ./Application/User/stm32wlxx_hal_msp.o
 .debug_info    0x00002799      0x170 ./Application/User/stm32wlxx_it.o
 .debug_info    0x00002909      0xd0d ./Drivers/BSP/STM32WLxx_Nucleo/stm32wlxx_nucleo.o
 .debug_info    0x00003616      0x515 ./Drivers/CMSIS/system_stm32wlxx.o
 .debug_info    0x00003b2b     0x1173 ./Drivers/STM32WLxx_HAL_Driver/Src/stm32wlxx_hal_rtc.o
 .debug_info    0x00004c9e     0x156c ./Drivers/STM32WLxx_HAL_Driver/Src/stm32wlxx_hal_rtc_ex.o
 .debug_info    0x0000620a     0x1165 ./Drivers/STM32WLxx_HAL_Driver/stm32wlxx_hal.o
 .debug_info    0x0000736f      0xd39 ./Drivers/STM32WLxx_HAL_Driver/stm32wlxx_hal_cortex.o
 .debug_info    0x000080a8      0x708 ./Drivers/STM32WLxx_HAL_Driver/stm32wlxx_hal_gpio.o
 .debug_info    0x000087b0      0x8e8 ./Drivers/STM32WLxx_HAL_Driver/stm32wlxx_hal_pwr.o
 .debug_info    0x00009098      0xde7 ./Drivers/STM32WLxx_HAL_Driver/stm32wlxx_hal_pwr_ex.o
 .debug_info    0x00009e7f     0x13ef ./Drivers/STM32WLxx_HAL_Driver/stm32wlxx_hal_rcc.o
 .debug_info    0x0000b26e      0xf21 ./Drivers/STM32WLxx_HAL_Driver/stm32wlxx_hal_rcc_ex.o
 .debug_info    0x0000c18f     0x1230 ./hal/hal_rtc.o
 .debug_info    0x0000d3bf     0x10d1 ./segger/SEGGER_RTT.o
 .debug_info    0x0000e490      0x413 ./segger/SEGGER_RTT_printf.o
 .debug_info    0x0000e8a3      0x1bd ./stm32_mem.o
 .debug_info    0x0000ea60      0xbf8 ./timer/timer_if.o

.debug_abbrev   0x00000000     0x30b0
 .debug_abbrev  0x00000000       0x24 ./Application/Startup/startup_stm32wl55jcix.o
 .debug_abbrev  0x00000024      0x341 ./Application/User/main.o
 .debug_abbrev  0x00000365      0x2f4 ./Application/User/rtc.o
 .debug_abbrev  0x00000659      0x278 ./Application/User/stm32_seq.o
 .debug_abbrev  0x000008d1       0x7e ./Application/User/stm32wlxx_hal_msp.o
 .debug_abbrev  0x0000094f       0xca ./Application/User/stm32wlxx_it.o
 .debug_abbrev  0x00000a19      0x28c ./Drivers/BSP/STM32WLxx_Nucleo/stm32wlxx_nucleo.o
 .debug_abbrev  0x00000ca5      0x13e ./Drivers/CMSIS/system_stm32wlxx.o
 .debug_abbrev  0x00000de3      0x245 ./Drivers/STM32WLxx_HAL_Driver/Src/stm32wlxx_hal_rtc.o
 .debug_abbrev  0x00001028      0x264 ./Drivers/STM32WLxx_HAL_Driver/Src/stm32wlxx_hal_rtc_ex.o
 .debug_abbrev  0x0000128c      0x344 ./Drivers/STM32WLxx_HAL_Driver/stm32wlxx_hal.o
 .debug_abbrev  0x000015d0      0x2e8 ./Drivers/STM32WLxx_HAL_Driver/stm32wlxx_hal_cortex.o
 .debug_abbrev  0x000018b8      0x1e9 ./Drivers/STM32WLxx_HAL_Driver/stm32wlxx_hal_gpio.o
 .debug_abbrev  0x00001aa1      0x209 ./Drivers/STM32WLxx_HAL_Driver/stm32wlxx_hal_pwr.o
 .debug_abbrev  0x00001caa      0x302 ./Drivers/STM32WLxx_HAL_Driver/stm32wlxx_hal_pwr_ex.o
 .debug_abbrev  0x00001fac      0x32d ./Drivers/STM32WLxx_HAL_Driver/stm32wlxx_hal_rcc.o
 .debug_abbrev  0x000022d9      0x2cb ./Drivers/STM32WLxx_HAL_Driver/stm32wlxx_hal_rcc_ex.o
 .debug_abbrev  0x000025a4      0x345 ./hal/hal_rtc.o
 .debug_abbrev  0x000028e9      0x22e ./segger/SEGGER_RTT.o
 .debug_abbrev  0x00002b17      0x1bc ./segger/SEGGER_RTT_printf.o
 .debug_abbrev  0x00002cd3       0xbd ./stm32_mem.o
 .debug_abbrev  0x00002d90      0x320 ./timer/timer_if.o

.debug_aranges  0x00000000     0x13b0
 .debug_aranges
                0x00000000       0x28 ./Application/Startup/startup_stm32wl55jcix.o
 .debug_aranges
                0x00000028       0x70 ./Application/User/main.o
 .debug_aranges
                0x00000098       0xb0 ./Application/User/rtc.o
 .debug_aranges
                0x00000148       0xa8 ./Application/User/stm32_seq.o
 .debug_aranges
                0x000001f0       0x20 ./Application/User/stm32wlxx_hal_msp.o
 .debug_aranges
                0x00000210       0x58 ./Application/User/stm32wlxx_it.o
 .debug_aranges
                0x00000268       0x98 ./Drivers/BSP/STM32WLxx_Nucleo/stm32wlxx_nucleo.o
 .debug_aranges
                0x00000300       0x28 ./Drivers/CMSIS/system_stm32wlxx.o
 .debug_aranges
                0x00000328       0xf8 ./Drivers/STM32WLxx_HAL_Driver/Src/stm32wlxx_hal_rtc.o
 .debug_aranges
                0x00000420      0x1b0 ./Drivers/STM32WLxx_HAL_Driver/Src/stm32wlxx_hal_rtc_ex.o
 .debug_aranges
                0x000005d0      0x240 ./Drivers/STM32WLxx_HAL_Driver/stm32wlxx_hal.o
 .debug_aranges
                0x00000810      0x128 ./Drivers/STM32WLxx_HAL_Driver/stm32wlxx_hal_cortex.o
 .debug_aranges
                0x00000938       0x60 ./Drivers/STM32WLxx_HAL_Driver/stm32wlxx_hal_gpio.o
 .debug_aranges
                0x00000998       0xc8 ./Drivers/STM32WLxx_HAL_Driver/stm32wlxx_hal_pwr.o
 .debug_aranges
                0x00000a60      0x200 ./Drivers/STM32WLxx_HAL_Driver/stm32wlxx_hal_pwr_ex.o
 .debug_aranges
                0x00000c60      0x230 ./Drivers/STM32WLxx_HAL_Driver/stm32wlxx_hal_rcc.o
 .debug_aranges
                0x00000e90      0x1e8 ./Drivers/STM32WLxx_HAL_Driver/stm32wlxx_hal_rcc_ex.o
 .debug_aranges
                0x00001078       0xc8 ./hal/hal_rtc.o
 .debug_aranges
                0x00001140      0x138 ./segger/SEGGER_RTT.o
 .debug_aranges
                0x00001278       0x40 ./segger/SEGGER_RTT_printf.o
 .debug_aranges
                0x000012b8       0x30 ./stm32_mem.o
 .debug_aranges
                0x000012e8       0xc8 ./timer/timer_if.o

.debug_str      0x00000000    0xb7b15
 .debug_str     0x00000000       0xb3 ./Application/Startup/startup_stm32wl55jcix.o
 .debug_str     0x000000b3    0xb000a ./Application/User/main.o
                              0xb0a70 (size before relaxing)
 .debug_str     0x000b00bd      0x349 ./Application/User/rtc.o
                               0x873d (size before relaxing)
 .debug_str     0x000b0406      0x39a ./Application/User/stm32_seq.o
                               0x8781 (size before relaxing)
 .debug_str     0x000b07a0       0x79 ./Application/User/stm32wlxx_hal_msp.o
                              0xaa59b (size before relaxing)
 .debug_str     0x000b0819      0x11c ./Application/User/stm32wlxx_it.o
                              0xaa652 (size before relaxing)
 .debug_str     0x000b0935      0x326 ./Drivers/BSP/STM32WLxx_Nucleo/stm32wlxx_nucleo.o
                              0xaafb1 (size before relaxing)
 .debug_str     0x000b0c5b       0xeb ./Drivers/CMSIS/system_stm32wlxx.o
                              0xa9d20 (size before relaxing)
 .debug_str     0x000b0d46      0x5dd ./Drivers/STM32WLxx_HAL_Driver/Src/stm32wlxx_hal_rtc.o
                              0xaa653 (size before relaxing)
 .debug_str     0x000b1323      0x664 ./Drivers/STM32WLxx_HAL_Driver/Src/stm32wlxx_hal_rtc_ex.o
                              0xaa817 (size before relaxing)
 .debug_str     0x000b1987      0x8ce ./Drivers/STM32WLxx_HAL_Driver/stm32wlxx_hal.o
                              0xaaade (size before relaxing)
 .debug_str     0x000b2255      0x3b5 ./Drivers/STM32WLxx_HAL_Driver/stm32wlxx_hal_cortex.o
                              0xaa414 (size before relaxing)
 .debug_str     0x000b260a       0xd1 ./Drivers/STM32WLxx_HAL_Driver/stm32wlxx_hal_gpio.o
                              0xa9d4f (size before relaxing)
 .debug_str     0x000b26db      0x553 ./Drivers/STM32WLxx_HAL_Driver/stm32wlxx_hal_pwr.o
                              0xaa14e (size before relaxing)
 .debug_str     0x000b2c2e      0x6d8 ./Drivers/STM32WLxx_HAL_Driver/stm32wlxx_hal_pwr_ex.o
                              0xaa4ae (size before relaxing)
 .debug_str     0x000b3306      0xad6 ./Drivers/STM32WLxx_HAL_Driver/stm32wlxx_hal_rcc.o
                              0xaaac2 (size before relaxing)
 .debug_str     0x000b3ddc      0x6d5 ./Drivers/STM32WLxx_HAL_Driver/stm32wlxx_hal_rcc_ex.o
                              0xaa61d (size before relaxing)
 .debug_str     0x000b44b1     0x21b2 ./hal/hal_rtc.o
                              0xad5ac (size before relaxing)
 .debug_str     0x000b6663      0x716 ./segger/SEGGER_RTT.o
                               0x78e5 (size before relaxing)
 .debug_str     0x000b6d79      0x178 ./segger/SEGGER_RTT_printf.o
                               0x72f4 (size before relaxing)
 .debug_str     0x000b6ef1       0x76 ./stm32_mem.o
                               0x8238 (size before relaxing)
 .debug_str     0x000b6f67      0xbae ./timer/timer_if.o
                              0xb1bd9 (size before relaxing)

.debug_rnglists
                0x00000000      0xeb2
 .debug_rnglists
                0x00000000       0x19 ./Application/Startup/startup_stm32wl55jcix.o
 .debug_rnglists
                0x00000019       0x52 ./Application/User/main.o
 .debug_rnglists
                0x0000006b       0x82 ./Application/User/rtc.o
 .debug_rnglists
                0x000000ed       0x7c ./Application/User/stm32_seq.o
 .debug_rnglists
                0x00000169       0x13 ./Application/User/stm32wlxx_hal_msp.o
 .debug_rnglists
                0x0000017c       0x3d ./Application/User/stm32wlxx_it.o
 .debug_rnglists
                0x000001b9       0x6e ./Drivers/BSP/STM32WLxx_Nucleo/stm32wlxx_nucleo.o
 .debug_rnglists
                0x00000227       0x1a ./Drivers/CMSIS/system_stm32wlxx.o
 .debug_rnglists
                0x00000241       0xc1 ./Drivers/STM32WLxx_HAL_Driver/Src/stm32wlxx_hal_rtc.o
 .debug_rnglists
                0x00000302      0x14e ./Drivers/STM32WLxx_HAL_Driver/Src/stm32wlxx_hal_rtc_ex.o
 .debug_rnglists
                0x00000450      0x1ab ./Drivers/STM32WLxx_HAL_Driver/stm32wlxx_hal.o
 .debug_rnglists
                0x000005fb       0xd9 ./Drivers/STM32WLxx_HAL_Driver/stm32wlxx_hal_cortex.o
 .debug_rnglists
                0x000006d4       0x45 ./Drivers/STM32WLxx_HAL_Driver/stm32wlxx_hal_gpio.o
 .debug_rnglists
                0x00000719       0x91 ./Drivers/STM32WLxx_HAL_Driver/stm32wlxx_hal_pwr.o
 .debug_rnglists
                0x000007aa      0x180 ./Drivers/STM32WLxx_HAL_Driver/stm32wlxx_hal_pwr_ex.o
 .debug_rnglists
                0x0000092a      0x1a6 ./Drivers/STM32WLxx_HAL_Driver/stm32wlxx_hal_rcc.o
 .debug_rnglists
                0x00000ad0      0x16e ./Drivers/STM32WLxx_HAL_Driver/stm32wlxx_hal_rcc_ex.o
 .debug_rnglists
                0x00000c3e       0x93 ./hal/hal_rtc.o
 .debug_rnglists
                0x00000cd1       0xf5 ./segger/SEGGER_RTT.o
 .debug_rnglists
                0x00000dc6       0x3a ./segger/SEGGER_RTT_printf.o
 .debug_rnglists
                0x00000e00       0x1f ./stm32_mem.o
 .debug_rnglists
                0x00000e1f       0x93 ./timer/timer_if.o

.debug_macro    0x00000000    0x1e392
 .debug_macro   0x00000000      0x498 ./Application/User/main.o
 .debug_macro   0x00000498      0xaba ./Application/User/main.o
 .debug_macro   0x00000f52      0x11e ./Application/User/main.o
 .debug_macro   0x00001070       0x2e ./Application/User/main.o
 .debug_macro   0x0000109e       0x3a ./Application/User/main.o
 .debug_macro   0x000010d8       0x22 ./Application/User/main.o
 .debug_macro   0x000010fa       0x8e ./Application/User/main.o
 .debug_macro   0x00001188       0x51 ./Application/User/main.o
 .debug_macro   0x000011d9      0x103 ./Application/User/main.o
 .debug_macro   0x000012dc       0x6a ./Application/User/main.o
 .debug_macro   0x00001346      0x1df ./Application/User/main.o
 .debug_macro   0x00001525       0x1c ./Application/User/main.o
 .debug_macro   0x00001541       0x22 ./Application/User/main.o
 .debug_macro   0x00001563       0xfb ./Application/User/main.o
 .debug_macro   0x0000165e     0x1011 ./Application/User/main.o
 .debug_macro   0x0000266f      0x11f ./Application/User/main.o
 .debug_macro   0x0000278e     0xf31a ./Application/User/main.o
 .debug_macro   0x00011aa8       0x6d ./Application/User/main.o
 .debug_macro   0x00011b15     0x341d ./Application/User/main.o
 .debug_macro   0x00014f32      0x189 ./Application/User/main.o
 .debug_macro   0x000150bb       0x5c ./Application/User/main.o
 .debug_macro   0x00015117      0x416 ./Application/User/main.o
 .debug_macro   0x0001552d      0x29c ./Application/User/main.o
 .debug_macro   0x000157c9      0x35a ./Application/User/main.o
 .debug_macro   0x00015b23      0x196 ./Application/User/main.o
 .debug_macro   0x00015cb9       0x4a ./Application/User/main.o
 .debug_macro   0x00015d03      0x236 ./Application/User/main.o
 .debug_macro   0x00015f39      0x229 ./Application/User/main.o
 .debug_macro   0x00016162      0x3fa ./Application/User/main.o
 .debug_macro   0x0001655c       0x2e ./Application/User/main.o
 .debug_macro   0x0001658a      0x107 ./Application/User/main.o
 .debug_macro   0x00016691      0x1ba ./Application/User/main.o
 .debug_macro   0x0001684b       0xe6 ./Application/User/main.o
 .debug_macro   0x00016931      0x283 ./Application/User/main.o
 .debug_macro   0x00016bb4      0x133 ./Application/User/main.o
 .debug_macro   0x00016ce7      0x36f ./Application/User/main.o
 .debug_macro   0x00017056      0x683 ./Application/User/main.o
 .debug_macro   0x000176d9      0x20e ./Application/User/main.o
 .debug_macro   0x000178e7      0xfb4 ./Application/User/main.o
 .debug_macro   0x0001889b      0x136 ./Application/User/main.o
 .debug_macro   0x000189d1      0x2db ./Application/User/main.o
 .debug_macro   0x00018cac      0x32f ./Application/User/main.o
 .debug_macro   0x00018fdb      0x679 ./Application/User/main.o
 .debug_macro   0x00019654       0xeb ./Application/User/main.o
 .debug_macro   0x0001973f      0x45a ./Application/User/main.o
 .debug_macro   0x00019b99      0x3c0 ./Application/User/main.o
 .debug_macro   0x00019f59       0x52 ./Application/User/main.o
 .debug_macro   0x00019fab       0x1c ./Application/User/main.o
 .debug_macro   0x00019fc7      0x13f ./Application/User/main.o
 .debug_macro   0x0001a106       0x16 ./Application/User/main.o
 .debug_macro   0x0001a11c       0x22 ./Application/User/main.o
 .debug_macro   0x0001a13e       0x22 ./Application/User/main.o
 .debug_macro   0x0001a160       0x10 ./Application/User/main.o
 .debug_macro   0x0001a170       0x58 ./Application/User/main.o
 .debug_macro   0x0001a1c8       0x61 ./Application/User/main.o
 .debug_macro   0x0001a229       0x24 ./Application/User/main.o
 .debug_macro   0x0001a24d       0x43 ./Application/User/main.o
 .debug_macro   0x0001a290       0x34 ./Application/User/main.o
 .debug_macro   0x0001a2c4       0x16 ./Application/User/main.o
 .debug_macro   0x0001a2da       0x43 ./Application/User/main.o
 .debug_macro   0x0001a31d       0x34 ./Application/User/main.o
 .debug_macro   0x0001a351       0x10 ./Application/User/main.o
 .debug_macro   0x0001a361       0x58 ./Application/User/main.o
 .debug_macro   0x0001a3b9       0x8e ./Application/User/main.o
 .debug_macro   0x0001a447       0x1c ./Application/User/main.o
 .debug_macro   0x0001a463      0x177 ./Application/User/main.o
 .debug_macro   0x0001a5da      0x369 ./Application/User/main.o
 .debug_macro   0x0001a943       0x10 ./Application/User/main.o
 .debug_macro   0x0001a953       0x35 ./Application/User/main.o
 .debug_macro   0x0001a988       0x20 ./Application/User/main.o
 .debug_macro   0x0001a9a8       0xcb ./Application/User/main.o
 .debug_macro   0x0001aa73       0x16 ./Application/User/main.o
 .debug_macro   0x0001aa89       0x10 ./Application/User/main.o
 .debug_macro   0x0001aa99       0x10 ./Application/User/main.o
 .debug_macro   0x0001aaa9       0x10 ./Application/User/main.o
 .debug_macro   0x0001aab9       0x1c ./Application/User/main.o
 .debug_macro   0x0001aad5       0x52 ./Application/User/main.o
 .debug_macro   0x0001ab27       0x22 ./Application/User/main.o
 .debug_macro   0x0001ab49       0x10 ./Application/User/main.o
 .debug_macro   0x0001ab59       0x52 ./Application/User/main.o
 .debug_macro   0x0001abab       0xcf ./Application/User/main.o
 .debug_macro   0x0001ac7a       0x1c ./Application/User/main.o
 .debug_macro   0x0001ac96       0x3d ./Application/User/main.o
 .debug_macro   0x0001acd3       0x35 ./Application/User/main.o
 .debug_macro   0x0001ad08       0xa6 ./Application/User/main.o
 .debug_macro   0x0001adae       0x49 ./Application/User/main.o
 .debug_macro   0x0001adf7       0x16 ./Application/User/main.o
 .debug_macro   0x0001ae0d       0x16 ./Application/User/main.o
 .debug_macro   0x0001ae23       0x16 ./Application/User/main.o
 .debug_macro   0x0001ae39       0x29 ./Application/User/main.o
 .debug_macro   0x0001ae62      0x123 ./Application/User/main.o
 .debug_macro   0x0001af85      0x1a7 ./Application/User/rtc.o
 .debug_macro   0x0001b12c      0x1b7 ./Application/User/stm32_seq.o
 .debug_macro   0x0001b2e3       0x1c ./Application/User/stm32_seq.o
 .debug_macro   0x0001b2ff      0x23a ./Application/User/stm32wlxx_hal_msp.o
 .debug_macro   0x0001b539      0x244 ./Application/User/stm32wlxx_it.o
 .debug_macro   0x0001b77d      0x231 ./Drivers/BSP/STM32WLxx_Nucleo/stm32wlxx_nucleo.o
 .debug_macro   0x0001b9ae       0x16 ./Drivers/BSP/STM32WLxx_Nucleo/stm32wlxx_nucleo.o
 .debug_macro   0x0001b9c4      0x20a ./Drivers/CMSIS/system_stm32wlxx.o
 .debug_macro   0x0001bbce      0x20b ./Drivers/STM32WLxx_HAL_Driver/Src/stm32wlxx_hal_rtc.o
 .debug_macro   0x0001bdd9      0x211 ./Drivers/STM32WLxx_HAL_Driver/Src/stm32wlxx_hal_rtc_ex.o
 .debug_macro   0x0001bfea      0x22e ./Drivers/STM32WLxx_HAL_Driver/stm32wlxx_hal.o
 .debug_macro   0x0001c218      0x20a ./Drivers/STM32WLxx_HAL_Driver/stm32wlxx_hal_cortex.o
 .debug_macro   0x0001c422      0x210 ./Drivers/STM32WLxx_HAL_Driver/stm32wlxx_hal_gpio.o
 .debug_macro   0x0001c632      0x264 ./Drivers/STM32WLxx_HAL_Driver/stm32wlxx_hal_pwr.o
 .debug_macro   0x0001c896      0x21c ./Drivers/STM32WLxx_HAL_Driver/stm32wlxx_hal_pwr_ex.o
 .debug_macro   0x0001cab2      0x26a ./Drivers/STM32WLxx_HAL_Driver/stm32wlxx_hal_rcc.o
 .debug_macro   0x0001cd1c      0x21c ./Drivers/STM32WLxx_HAL_Driver/stm32wlxx_hal_rcc_ex.o
 .debug_macro   0x0001cf38      0x2c5 ./hal/hal_rtc.o
 .debug_macro   0x0001d1fd      0x4d0 ./hal/hal_rtc.o
 .debug_macro   0x0001d6cd       0x2a ./hal/hal_rtc.o
 .debug_macro   0x0001d6f7      0x1b9 ./segger/SEGGER_RTT.o
 .debug_macro   0x0001d8b0      0x11c ./segger/SEGGER_RTT.o
 .debug_macro   0x0001d9cc       0x94 ./segger/SEGGER_RTT.o
 .debug_macro   0x0001da60       0x16 ./segger/SEGGER_RTT.o
 .debug_macro   0x0001da76      0x145 ./segger/SEGGER_RTT_printf.o
 .debug_macro   0x0001dbbb      0x17e ./stm32_mem.o
 .debug_macro   0x0001dd39      0x468 ./timer/timer_if.o
 .debug_macro   0x0001e1a1      0x19b ./timer/timer_if.o
 .debug_macro   0x0001e33c       0x56 ./timer/timer_if.o

.comment        0x00000000       0x43
 .comment       0x00000000       0x43 ./Application/User/main.o
                                 0x44 (size before relaxing)
 .comment       0x00000043       0x44 ./Application/User/rtc.o
 .comment       0x00000043       0x44 ./Application/User/stm32_seq.o
 .comment       0x00000043       0x44 ./Application/User/stm32wlxx_hal_msp.o
 .comment       0x00000043       0x44 ./Application/User/stm32wlxx_it.o
 .comment       0x00000043       0x44 ./Drivers/BSP/STM32WLxx_Nucleo/stm32wlxx_nucleo.o
 .comment       0x00000043       0x44 ./Drivers/CMSIS/system_stm32wlxx.o
 .comment       0x00000043       0x44 ./Drivers/STM32WLxx_HAL_Driver/Src/stm32wlxx_hal_rtc.o
 .comment       0x00000043       0x44 ./Drivers/STM32WLxx_HAL_Driver/Src/stm32wlxx_hal_rtc_ex.o
 .comment       0x00000043       0x44 ./Drivers/STM32WLxx_HAL_Driver/stm32wlxx_hal.o
 .comment       0x00000043       0x44 ./Drivers/STM32WLxx_HAL_Driver/stm32wlxx_hal_cortex.o
 .comment       0x00000043       0x44 ./Drivers/STM32WLxx_HAL_Driver/stm32wlxx_hal_gpio.o
 .comment       0x00000043       0x44 ./Drivers/STM32WLxx_HAL_Driver/stm32wlxx_hal_pwr.o
 .comment       0x00000043       0x44 ./Drivers/STM32WLxx_HAL_Driver/stm32wlxx_hal_pwr_ex.o
 .comment       0x00000043       0x44 ./Drivers/STM32WLxx_HAL_Driver/stm32wlxx_hal_rcc.o
 .comment       0x00000043       0x44 ./Drivers/STM32WLxx_HAL_Driver/stm32wlxx_hal_rcc_ex.o
 .comment       0x00000043       0x44 ./hal/hal_rtc.o
 .comment       0x00000043       0x44 ./segger/SEGGER_RTT.o
 .comment       0x00000043       0x44 ./segger/SEGGER_RTT_printf.o
 .comment       0x00000043       0x44 ./stm32_mem.o
 .comment       0x00000043       0x44 ./timer/timer_if.o

.debug_frame    0x00000000     0x5098
 .debug_frame   0x00000000      0x178 ./Application/User/main.o
 .debug_frame   0x00000178      0x2c0 ./Application/User/rtc.o
 .debug_frame   0x00000438      0x2ac ./Application/User/stm32_seq.o
 .debug_frame   0x000006e4       0x30 ./Application/User/stm32wlxx_hal_msp.o
 .debug_frame   0x00000714       0xf8 ./Application/User/stm32wlxx_it.o
 .debug_frame   0x0000080c      0x23c ./Drivers/BSP/STM32WLxx_Nucleo/stm32wlxx_nucleo.o
 .debug_frame   0x00000a48       0x58 ./Drivers/CMSIS/system_stm32wlxx.o
 .debug_frame   0x00000aa0      0x448 ./Drivers/STM32WLxx_HAL_Driver/Src/stm32wlxx_hal_rtc.o
 .debug_frame   0x00000ee8      0x7c4 ./Drivers/STM32WLxx_HAL_Driver/Src/stm32wlxx_hal_rtc_ex.o
 .debug_frame   0x000016ac      0x948 ./Drivers/STM32WLxx_HAL_Driver/stm32wlxx_hal.o
 .debug_frame   0x00001ff4      0x4e8 ./Drivers/STM32WLxx_HAL_Driver/stm32wlxx_hal_cortex.o
 .debug_frame   0x000024dc      0x174 ./Drivers/STM32WLxx_HAL_Driver/stm32wlxx_hal_gpio.o
 .debug_frame   0x00002650      0x31c ./Drivers/STM32WLxx_HAL_Driver/stm32wlxx_hal_pwr.o
 .debug_frame   0x0000296c      0x894 ./Drivers/STM32WLxx_HAL_Driver/stm32wlxx_hal_pwr_ex.o
 .debug_frame   0x00003200      0x8fc ./Drivers/STM32WLxx_HAL_Driver/stm32wlxx_hal_rcc.o
 .debug_frame   0x00003afc      0x7ec ./Drivers/STM32WLxx_HAL_Driver/stm32wlxx_hal_rcc_ex.o
 .debug_frame   0x000042e8      0x32c ./hal/hal_rtc.o
 .debug_frame   0x00004614      0x530 ./segger/SEGGER_RTT.o
 .debug_frame   0x00004b44       0xe0 ./segger/SEGGER_RTT_printf.o
 .debug_frame   0x00004c24       0x88 ./stm32_mem.o
 .debug_frame   0x00004cac      0x318 ./timer/timer_if.o
 .debug_frame   0x00004fc4       0x20 C:/ST/STM32CubeIDE_1.16.1/STM32CubeIDE/plugins/com.st.stm32cube.ide.mcu.externaltools.gnu-tools-for-stm32.12.3.rel1.win32_1.0.200.202406191623/tools/bin/../lib/gcc/arm-none-eabi/12.3.1/../../../../arm-none-eabi/lib/thumb/v7e-m/nofp\libc_nano.a(libc_a-memset.o)
 .debug_frame   0x00004fe4       0x2c C:/ST/STM32CubeIDE_1.16.1/STM32CubeIDE/plugins/com.st.stm32cube.ide.mcu.externaltools.gnu-tools-for-stm32.12.3.rel1.win32_1.0.200.202406191623/tools/bin/../lib/gcc/arm-none-eabi/12.3.1/../../../../arm-none-eabi/lib/thumb/v7e-m/nofp\libc_nano.a(libc_a-init.o)
 .debug_frame   0x00005010       0x28 C:/ST/STM32CubeIDE_1.16.1/STM32CubeIDE/plugins/com.st.stm32cube.ide.mcu.externaltools.gnu-tools-for-stm32.12.3.rel1.win32_1.0.200.202406191623/tools/bin/../lib/gcc/arm-none-eabi/12.3.1/../../../../arm-none-eabi/lib/thumb/v7e-m/nofp\libc_nano.a(libc_a-memcpy-stub.o)
 .debug_frame   0x00005038       0x2c C:/ST/STM32CubeIDE_1.16.1/STM32CubeIDE/plugins/com.st.stm32cube.ide.mcu.externaltools.gnu-tools-for-stm32.12.3.rel1.win32_1.0.200.202406191623/tools/bin/../lib/gcc/arm-none-eabi/12.3.1/thumb/v7e-m/nofp\libgcc.a(_aeabi_uldivmod.o)
 .debug_frame   0x00005064       0x34 C:/ST/STM32CubeIDE_1.16.1/STM32CubeIDE/plugins/com.st.stm32cube.ide.mcu.externaltools.gnu-tools-for-stm32.12.3.rel1.win32_1.0.200.202406191623/tools/bin/../lib/gcc/arm-none-eabi/12.3.1/thumb/v7e-m/nofp\libgcc.a(_udivmoddi4.o)
