Archive member included to satisfy reference by file (symbol)

C:/ST/STM32CubeIDE_1.16.1/STM32CubeIDE/plugins/com.st.stm32cube.ide.mcu.externaltools.gnu-tools-for-stm32.12.3.rel1.win32_1.0.200.202406191623/tools/bin/../lib/gcc/arm-none-eabi/12.3.1/../../../../arm-none-eabi/lib/thumb/v7e-m/nofp\libc_nano.a(libc_a-exit.o)
                              C:/ST/STM32CubeIDE_1.16.1/STM32CubeIDE/plugins/com.st.stm32cube.ide.mcu.externaltools.gnu-tools-for-stm32.12.3.rel1.win32_1.0.200.202406191623/tools/bin/../lib/gcc/arm-none-eabi/12.3.1/../../../../arm-none-eabi/lib/thumb/v7e-m/nofp/crt0.o (exit)
C:/ST/STM32CubeIDE_1.16.1/STM32CubeIDE/plugins/com.st.stm32cube.ide.mcu.externaltools.gnu-tools-for-stm32.12.3.rel1.win32_1.0.200.202406191623/tools/bin/../lib/gcc/arm-none-eabi/12.3.1/../../../../arm-none-eabi/lib/thumb/v7e-m/nofp\libc_nano.a(libc_a-findfp.o)
                              C:/ST/STM32CubeIDE_1.16.1/STM32CubeIDE/plugins/com.st.stm32cube.ide.mcu.externaltools.gnu-tools-for-stm32.12.3.rel1.win32_1.0.200.202406191623/tools/bin/../lib/gcc/arm-none-eabi/12.3.1/../../../../arm-none-eabi/lib/thumb/v7e-m/nofp\libc_nano.a(libc_a-exit.o) (__stdio_exit_handler)
C:/ST/STM32CubeIDE_1.16.1/STM32CubeIDE/plugins/com.st.stm32cube.ide.mcu.externaltools.gnu-tools-for-stm32.12.3.rel1.win32_1.0.200.202406191623/tools/bin/../lib/gcc/arm-none-eabi/12.3.1/../../../../arm-none-eabi/lib/thumb/v7e-m/nofp\libc_nano.a(libc_a-fwalk.o)
                              C:/ST/STM32CubeIDE_1.16.1/STM32CubeIDE/plugins/com.st.stm32cube.ide.mcu.externaltools.gnu-tools-for-stm32.12.3.rel1.win32_1.0.200.202406191623/tools/bin/../lib/gcc/arm-none-eabi/12.3.1/../../../../arm-none-eabi/lib/thumb/v7e-m/nofp\libc_nano.a(libc_a-findfp.o) (_fwalk_sglue)
C:/ST/STM32CubeIDE_1.16.1/STM32CubeIDE/plugins/com.st.stm32cube.ide.mcu.externaltools.gnu-tools-for-stm32.12.3.rel1.win32_1.0.200.202406191623/tools/bin/../lib/gcc/arm-none-eabi/12.3.1/../../../../arm-none-eabi/lib/thumb/v7e-m/nofp\libc_nano.a(libc_a-stdio.o)
                              C:/ST/STM32CubeIDE_1.16.1/STM32CubeIDE/plugins/com.st.stm32cube.ide.mcu.externaltools.gnu-tools-for-stm32.12.3.rel1.win32_1.0.200.202406191623/tools/bin/../lib/gcc/arm-none-eabi/12.3.1/../../../../arm-none-eabi/lib/thumb/v7e-m/nofp\libc_nano.a(libc_a-findfp.o) (__sread)
C:/ST/STM32CubeIDE_1.16.1/STM32CubeIDE/plugins/com.st.stm32cube.ide.mcu.externaltools.gnu-tools-for-stm32.12.3.rel1.win32_1.0.200.202406191623/tools/bin/../lib/gcc/arm-none-eabi/12.3.1/../../../../arm-none-eabi/lib/thumb/v7e-m/nofp\libc_nano.a(libc_a-memset.o)
                              C:/ST/STM32CubeIDE_1.16.1/STM32CubeIDE/plugins/com.st.stm32cube.ide.mcu.externaltools.gnu-tools-for-stm32.12.3.rel1.win32_1.0.200.202406191623/tools/bin/../lib/gcc/arm-none-eabi/12.3.1/../../../../arm-none-eabi/lib/thumb/v7e-m/nofp/crt0.o (memset)
C:/ST/STM32CubeIDE_1.16.1/STM32CubeIDE/plugins/com.st.stm32cube.ide.mcu.externaltools.gnu-tools-for-stm32.12.3.rel1.win32_1.0.200.202406191623/tools/bin/../lib/gcc/arm-none-eabi/12.3.1/../../../../arm-none-eabi/lib/thumb/v7e-m/nofp\libc_nano.a(libc_a-closer.o)
                              C:/ST/STM32CubeIDE_1.16.1/STM32CubeIDE/plugins/com.st.stm32cube.ide.mcu.externaltools.gnu-tools-for-stm32.12.3.rel1.win32_1.0.200.202406191623/tools/bin/../lib/gcc/arm-none-eabi/12.3.1/../../../../arm-none-eabi/lib/thumb/v7e-m/nofp\libc_nano.a(libc_a-stdio.o) (_close_r)
C:/ST/STM32CubeIDE_1.16.1/STM32CubeIDE/plugins/com.st.stm32cube.ide.mcu.externaltools.gnu-tools-for-stm32.12.3.rel1.win32_1.0.200.202406191623/tools/bin/../lib/gcc/arm-none-eabi/12.3.1/../../../../arm-none-eabi/lib/thumb/v7e-m/nofp\libc_nano.a(libc_a-reent.o)
                              C:/ST/STM32CubeIDE_1.16.1/STM32CubeIDE/plugins/com.st.stm32cube.ide.mcu.externaltools.gnu-tools-for-stm32.12.3.rel1.win32_1.0.200.202406191623/tools/bin/../lib/gcc/arm-none-eabi/12.3.1/../../../../arm-none-eabi/lib/thumb/v7e-m/nofp\libc_nano.a(libc_a-closer.o) (errno)
C:/ST/STM32CubeIDE_1.16.1/STM32CubeIDE/plugins/com.st.stm32cube.ide.mcu.externaltools.gnu-tools-for-stm32.12.3.rel1.win32_1.0.200.202406191623/tools/bin/../lib/gcc/arm-none-eabi/12.3.1/../../../../arm-none-eabi/lib/thumb/v7e-m/nofp\libc_nano.a(libc_a-impure.o)
                              C:/ST/STM32CubeIDE_1.16.1/STM32CubeIDE/plugins/com.st.stm32cube.ide.mcu.externaltools.gnu-tools-for-stm32.12.3.rel1.win32_1.0.200.202406191623/tools/bin/../lib/gcc/arm-none-eabi/12.3.1/../../../../arm-none-eabi/lib/thumb/v7e-m/nofp\libc_nano.a(libc_a-reent.o) (_impure_ptr)
C:/ST/STM32CubeIDE_1.16.1/STM32CubeIDE/plugins/com.st.stm32cube.ide.mcu.externaltools.gnu-tools-for-stm32.12.3.rel1.win32_1.0.200.202406191623/tools/bin/../lib/gcc/arm-none-eabi/12.3.1/../../../../arm-none-eabi/lib/thumb/v7e-m/nofp\libc_nano.a(libc_a-lseekr.o)
[...]
Memory Configuration

Name             Origin             Length             Attributes
ROM              0x08000000         0x00040000         xr
RAM1             0x20000000         0x00008000         xrw
RAM2             0x20008000         0x00008000         xrw
*default*        0x00000000         0xffffffff

Linker script and memory map

LOAD C:/ST/STM32CubeIDE_1.16.1/STM32CubeIDE/plugins/com.st.stm32cube.ide.mcu.externaltools.gnu-tools-for-stm32.12.3.rel1.win32_1.0.200.202406191623/tools/bin/../lib/gcc/arm-none-eabi/12.3.1/thumb/v7e-m/nofp/crti.o
LOAD C:/ST/STM32CubeIDE_1.16.1/STM32CubeIDE/plugins/com.st.stm32cube.ide.mcu.externaltools.gnu-tools-for-stm32.12.3.rel1.win32_1.0.200.202406191623/tools/bin/../lib/gcc/arm-none-eabi/12.3.1/thumb/v7e-m/nofp/crtbegin.o
LOAD C:/ST/STM32CubeIDE_1.16.1/STM32CubeIDE/plugins/com.st.stm32cube.ide.mcu.externaltools.gnu-tools-for-stm32.12.3.rel1.win32_1.0.200.202406191623/tools/bin/../lib/gcc/arm-none-eabi/12.3.1/../../../../arm-none-eabi/lib/thumb/v7e-m/nofp/crt0.o
LOAD ./Application/Startup/startup_stm32wl55jcix.o
LOAD ./Application/User/main.o
LOAD ./Application/User/rtc.o
LOAD ./Application/User/stm32_seq.o
LOAD ./Application/User/stm32wlxx_hal_msp.o
LOAD ./Application/User/stm32wlxx_it.o
LOAD ./Application/User/syscalls.o
LOAD ./Application/User/sysmem.o
LOAD ./Drivers/BSP/STM32WLxx_Nucleo/stm32wlxx_nucleo.o
LOAD ./Drivers/CMSIS/system_stm32wlxx.o
LOAD ./Drivers/STM32WLxx_HAL_Driver/Src/stm32wlxx_hal_rtc.o
LOAD ./Drivers/STM32WLxx_HAL_Driver/Src/stm32wlxx_hal_rtc_ex.o
LOAD ./Drivers/STM32WLxx_HAL_Driver/stm32wlxx_hal.o
LOAD ./Drivers/STM32WLxx_HAL_Driver/stm32wlxx_hal_cortex.o
LOAD ./Drivers/STM32WLxx_HAL_Driver/stm32wlxx_hal_dma.o
LOAD ./Drivers/STM32WLxx_HAL_Driver/stm32wlxx_hal_dma_ex.o
LOAD ./Drivers/STM32WLxx_HAL_Driver/stm32wlxx_hal_exti.o
LOAD ./Drivers/STM32WLxx_HAL_Driver/stm32wlxx_hal_flash.o
LOAD ./Drivers/STM32WLxx_HAL_Driver/stm32wlxx_hal_flash_ex.o
LOAD ./Drivers/STM32WLxx_HAL_Driver/stm32wlxx_hal_gpio.o
LOAD ./Drivers/STM32WLxx_HAL_Driver/stm32wlxx_hal_pwr.o
LOAD ./Drivers/STM32WLxx_HAL_Driver/stm32wlxx_hal_pwr_ex.o
LOAD ./Drivers/STM32WLxx_HAL_Driver/stm32wlxx_hal_rcc.o
LOAD ./Drivers/STM32WLxx_HAL_Driver/stm32wlxx_hal_rcc_ex.o
LOAD ./Drivers/STM32WLxx_HAL_Driver/stm32wlxx_hal_tim.o
LOAD ./Drivers/STM32WLxx_HAL_Driver/stm32wlxx_hal_tim_ex.o
LOAD ./hal/hal_rtc.o
LOAD ./misc/stm32_tiny_vsnprintf.o
LOAD ./segger/SEGGER_RTT.o
LOAD ./segger/SEGGER_RTT_Syscalls_GCC.o
LOAD ./segger/SEGGER_RTT_printf.o
LOAD ./stm32_mem.o
LOAD ./timer/timer_if.o
LOAD ./tiny_lpm/stm32_lpm.o
LOAD ./tiny_lpm/stm32_lpm_if.o
START GROUP
LOAD C:/ST/STM32CubeIDE_1.16.1/STM32CubeIDE/plugins/com.st.stm32cube.ide.mcu.externaltools.gnu-tools-for-stm32.12.3.rel1.win32_1.0.200.202406191623/tools/bin/../lib/gcc/arm-none-eabi/12.3.1/../../../../arm-none-eabi/lib/thumb/v7e-m/nofp\libc_nano.a
LOAD C:/ST/STM32CubeIDE_1.16.1/STM32CubeIDE/plugins/com.st.stm32cube.ide.mcu.externaltools.gnu-tools-for-stm32.12.3.rel1.win32_1.0.200.202406191623/tools/bin/../lib/gcc/arm-none-eabi/12.3.1/../../../../arm-none-eabi/lib/thumb/v7e-m/nofp\libm.a
END GROUP
START GROUP
LOAD C:/ST/STM32CubeIDE_1.16.1/STM32CubeIDE/plugins/com.st.stm32cube.ide.mcu.externaltools.gnu-tools-for-stm32.12.3.rel1.win32_1.0.200.202406191623/tools/bin/../lib/gcc/arm-none-eabi/12.3.1/thumb/v7e-m/nofp\libgcc.a
LOAD C:/ST/STM32CubeIDE_1.16.1/STM32CubeIDE/plugins/com.st.stm32cube.ide.mcu.externaltools.gnu-tools-for-stm32.12.3.rel1.win32_1.0.200.202406191623/tools/bin/../lib/gcc/arm-none-eabi/12.3.1/../../../../arm-none-eabi/lib/thumb/v7e-m/nofp\libc_nano.a
END GROUP
START GROUP
LOAD C:/ST/STM32CubeIDE_1.16.1/STM32CubeIDE/plugins/com.st.stm32cube.ide.mcu.externaltools.gnu-tools-for-stm32.12.3.rel1.win32_1.0.200.202406191623/tools/bin/../lib/gcc/arm-none-eabi/12.3.1/thumb/v7e-m/nofp\libgcc.a
LOAD C:/ST/STM32CubeIDE_1.16.1/STM32CubeIDE/plugins/com.st.stm32cube.ide.mcu.externaltools.gnu-tools-for-stm32.12.3.rel1.win32_1.0.200.202406191623/tools/bin/../lib/gcc/arm-none-eabi/12.3.1/../../../../arm-none-eabi/lib/thumb/v7e-m/nofp\libc_nano.a
LOAD C:/ST/STM32CubeIDE_1.16.1/STM32CubeIDE/plugins/com.st.stm32cube.ide.mcu.externaltools.gnu-tools-for-stm32.12.3.rel1.win32_1.0.200.202406191623/tools/bin/../lib/gcc/arm-none-eabi/12.3.1/../../../../arm-none-eabi/lib/thumb/v7e-m/nofp\libnosys.a
END GROUP
START GROUP
LOAD C:/ST/STM32CubeIDE_1.16.1/STM32CubeIDE/plugins/com.st.stm32cube.ide.mcu.externaltools.gnu-tools-for-stm32.12.3.rel1.win32_1.0.200.202406191623/tools/bin/../lib/gcc/arm-none-eabi/12.3.1/thumb/v7e-m/nofp\libgcc.a
LOAD C:/ST/STM32CubeIDE_1.16.1/STM32CubeIDE/plugins/com.st.stm32cube.ide.mcu.externaltools.gnu-tools-for-stm32.12.3.rel1.win32_1.0.200.202406191623/tools/bin/../lib/gcc/arm-none-eabi/12.3.1/../../../../arm-none-eabi/lib/thumb/v7e-m/nofp\libc_nano.a
LOAD C:/ST/STM32CubeIDE_1.16.1/STM32CubeIDE/plugins/com.st.stm32cube.ide.mcu.externaltools.gnu-tools-for-stm32.12.3.rel1.win32_1.0.200.202406191623/tools/bin/../lib/gcc/arm-none-eabi/12.3.1/../../../../arm-none-eabi/lib/thumb/v7e-m/nofp\libnosys.a
END GROUP
LOAD C:/ST/STM32CubeIDE_1.16.1/STM32CubeIDE/plugins/com.st.stm32cube.ide.mcu.externaltools.gnu-tools-for-stm32.12.3.rel1.win32_1.0.200.202406191623/tools/bin/../lib/gcc/arm-none-eabi/12.3.1/thumb/v7e-m/nofp/crtend.o
LOAD C:/ST/STM32CubeIDE_1.16.1/STM32CubeIDE/plugins/com.st.stm32cube.ide.mcu.externaltools.gnu-tools-for-stm32.12.3.rel1.win32_1.0.200.202406191623/tools/bin/../lib/gcc/arm-none-eabi/12.3.1/thumb/v7e-m/nofp/crtn.o
                0x20008000                        _estack = (ORIGIN (RAM1) + LENGTH (RAM1))
                0x00000200                        _Min_Heap_Size = 0x200
                0x00000400                        _Min_Stack_Size = 0x400

.isr_vector     0x08000000      0x138
                0x08000000                        . = ALIGN (0x8)
 *(.isr_vector)
 .isr_vector    0x08000000      0x138 ./Application/Startup/startup_stm32wl55jcix.o
                0x08000000                g_pfnVectors
                0x08000138                        . = ALIGN (0x8)

.text           0x08000138     0x4f18
                0x08000138                        . = ALIGN (0x8)
 *(.text)
 .text          0x08000138       0x40 C:/ST/STM32CubeIDE_1.16.1/STM32CubeIDE/plugins/com.st.stm32cube.ide.mcu.externaltools.gnu-tools-for-stm32.12.3.rel1.win32_1.0.200.202406191623/tools/bin/../lib/gcc/arm-none-eabi/12.3.1/thumb/v7e-m/nofp/crtbegin.o
 .text          0x08000178       0x30 C:/ST/STM32CubeIDE_1.16.1/STM32CubeIDE/plugins/com.st.stm32cube.ide.mcu.externaltools.gnu-tools-for-stm32.12.3.rel1.win32_1.0.200.202406191623/tools/bin/../lib/gcc/arm-none-eabi/12.3.1/thumb/v7e-m/nofp\libgcc.a(_aeabi_uldivmod.o)
                0x08000178                __aeabi_uldivmod
 .text          0x080001a8      0x2bc C:/ST/STM32CubeIDE_1.16.1/STM32CubeIDE/plugins/com.st.stm32cube.ide.mcu.externaltools.gnu-tools-for-stm32.12.3.rel1.win32_1.0.200.202406191623/tools/bin/../lib/gcc/arm-none-eabi/12.3.1/thumb/v7e-m/nofp\libgcc.a(_udivmoddi4.o)
                0x080001a8                __udivmoddi4
 .text          0x08000464        0x4 C:/ST/STM32CubeIDE_1.16.1/STM32CubeIDE/plugins/com.st.stm32cube.ide.mcu.externaltools.gnu-tools-for-stm32.12.3.rel1.win32_1.0.200.202406191623/tools/bin/../lib/gcc/arm-none-eabi/12.3.1/thumb/v7e-m/nofp\libgcc.a(_dvmd_tls.o)
                0x08000464                __aeabi_idiv0
                0x08000464                __aeabi_ldiv0
 *(.text*)
 .text.Reset_Handler
                0x08000468       0x50 ./Application/Startup/startup_stm32wl55jcix.o
                0x08000468                Reset_Handler
 .text.Default_Handler
                0x080004b8        0x2 ./Application/Startup/startup_stm32wl55jcix.o
                0x080004b8                TIM1_CC_IRQHandler
                0x080004b8                EXTI3_IRQHandler
                0x080004b8                LPTIM2_IRQHandler
                0x080004b8                I2C3_ER_IRQHandler
                0x080004b8                LPTIM3_IRQHandler
                0x080004b8                EXTI0_IRQHandler
                0x080004b8                I2C2_EV_IRQHandler
                0x080004b8                UsageFault_Handler
                0x080004b8                TAMP_STAMP_LSECSS_SSRU_IRQHandler
                0x080004b8                SPI1_IRQHandler
                0x080004b8                DMA2_Channel2_IRQHandler
                0x080004b8                DMA1_Channel4_IRQHandler
                0x080004b8                PKA_IRQHandler
                0x080004b8                TIM17_IRQHandler
                0x080004b8                DMA1_Channel7_IRQHandler
                0x080004b8                SUBGHZSPI_IRQHandler
                0x080004b8                IPCC_C1_TX_IRQHandler
                0x080004b8                DMA2_Channel1_IRQHandler
                0x080004b8                I2C1_EV_IRQHandler
                0x080004b8                SUBGHZ_Radio_IRQHandler
                0x080004b8                DMAMUX1_OVR_IRQHandler
                0x080004b8                DMA1_Channel6_IRQHandler
                0x080004b8                TIM16_IRQHandler
                0x080004b8                DMA2_Channel4_IRQHandler
                0x080004b8                RCC_IRQHandler
                0x080004b8                TIM1_TRG_COM_IRQHandler
                0x080004b8                DMA1_Channel1_IRQHandler
                0x080004b8                Default_Handler
                0x080004b8                DMA2_Channel7_IRQHandler
                0x080004b8                EXTI15_10_IRQHandler
                0x080004b8                IPCC_C1_RX_IRQHandler
                0x080004b8                ADC_IRQHandler
                0x080004b8                C2SEV_PWR_C2H_IRQHandler
                0x080004b8                I2C3_EV_IRQHandler
                0x080004b8                EXTI9_5_IRQHandler
                0x080004b8                RTC_WKUP_IRQHandler
                0x080004b8                PVD_PVM_IRQHandler
                0x080004b8                SPI2_IRQHandler
                0x080004b8                DMA2_Channel5_IRQHandler
                0x080004b8                DMA1_Channel5_IRQHandler
                0x080004b8                EXTI4_IRQHandler
                0x080004b8                RNG_IRQHandler
                0x080004b8                DMA1_Channel3_IRQHandler
                0x080004b8                COMP_IRQHandler
                0x080004b8                HSEM_IRQHandler
                0x080004b8                TIM1_UP_IRQHandler
                0x080004b8                WWDG_IRQHandler
                0x080004b8                LPUART1_IRQHandler
                0x080004b8                DMA2_Channel6_IRQHandler
                0x080004b8                TIM2_IRQHandler
                0x080004b8                TIM1_BRK_IRQHandler
                0x080004b8                DAC_IRQHandler
                0x080004b8                EXTI1_IRQHandler
                0x080004b8                AES_IRQHandler
                0x080004b8                USART2_IRQHandler
                0x080004b8                I2C2_ER_IRQHandler
                0x080004b8                DMA1_Channel2_IRQHandler
                0x080004b8                FLASH_IRQHandler
                0x080004b8                BusFault_Handler
                0x080004b8                USART1_IRQHandler
                0x080004b8                I2C1_ER_IRQHandler
                0x080004b8                LPTIM1_IRQHandler
                0x080004b8                DMA2_Channel3_IRQHandler
 .text.LL_RCC_LSE_SetDriveCapability
                0x080004ba       0x2a ./Application/User/main.o
 .text.LL_AHB2_GRP1_EnableClock
                0x080004e4       0x30 ./Application/User/main.o
 .text.LL_AHB2_GRP1_DisableClock
                0x08000514       0x24 ./Application/User/main.o
 .text.task_sampling_bt1
                0x08000538       0x94 ./Application/User/main.o
                0x08000538                task_sampling_bt1
 .text.task_sampling_bt2
                0x080005cc       0x90 ./Application/User/main.o
                0x080005cc                task_sampling_bt2
 .text.task_print_pulse_count
                0x0800065c       0x20 ./Application/User/main.o
                0x0800065c                task_print_pulse_count
 .text.UTIL_SEQ_Idle
                0x0800067c        0xc ./Application/User/main.o
                0x0800067c                UTIL_SEQ_Idle
 .text.timer_20s_callback
                0x08000688       0x18 ./Application/User/main.o
                0x08000688                timer_20s_callback
 .text.timer_1ms_callback
                0x080006a0       0x18 ./Application/User/main.o
                0x080006a0                timer_1ms_callback
 .text.timer_3ms_callback
                0x080006b8       0x18 ./Application/User/main.o
                0x080006b8                timer_3ms_callback
 .text.main     0x080006d0      0x118 ./Application/User/main.o
                0x080006d0                main
 .text.SystemClock_Config
                0x080007e8       0xb4 ./Application/User/main.o
                0x080007e8                SystemClock_Config
 .text.EXTI2_IRQHandler_Config
                0x0800089c       0x3e ./Application/User/main.o
 .text.EXTI0_IRQHandler_Config
                0x080008da       0x3e ./Application/User/main.o
 .text.Config_GPIO_ForLP
                0x08000918       0x88 ./Application/User/main.o
                0x08000918                Config_GPIO_ForLP
 .text.HAL_GPIO_EXTI_Callback
                0x080009a0       0x38 ./Application/User/main.o
                0x080009a0                HAL_GPIO_EXTI_Callback
 .text.Error_Handler
                0x080009d8        0x8 ./Application/User/main.o
                0x080009d8                Error_Handler
 .text.UTIL_TIMER_Init
                0x080009e0       0x38 ./Application/User/rtc.o
                0x080009e0                UTIL_TIMER_Init
 .text.UTIL_TIMER_Create
                0x08000a18       0x6c ./Application/User/rtc.o
                0x08000a18                UTIL_TIMER_Create
 .text.UTIL_TIMER_Start
                0x08000a84       0xdc ./Application/User/rtc.o
                0x08000a84                UTIL_TIMER_Start
 .text.UTIL_TIMER_Stop
                0x08000b60       0xe0 ./Application/User/rtc.o
                0x08000b60                UTIL_TIMER_Stop
 .text.UTIL_TIMER_IRQ_Handler
                0x08000c40      0x100 ./Application/User/rtc.o
                0x08000c40                UTIL_TIMER_IRQ_Handler
 .text.TimerExists
                0x08000d40       0x38 ./Application/User/rtc.o
                0x08000d40                TimerExists
 .text.TimerSetTimeout
                0x08000d78       0x54 ./Application/User/rtc.o
                0x08000d78                TimerSetTimeout
 .text.TimerInsertTimer
                0x08000dcc       0x60 ./Application/User/rtc.o
                0x08000dcc                TimerInsertTimer
 .text.TimerInsertNewHeadTimer
                0x08000e2c       0x3c ./Application/User/rtc.o
                0x08000e2c                TimerInsertNewHeadTimer
 .text.UTIL_SEQ_Init
                0x08000e68       0x8c ./Application/User/stm32_seq.o
                0x08000e68                UTIL_SEQ_Init
 .text.UTIL_SEQ_Run
                0x08000ef4      0x1f8 ./Application/User/stm32_seq.o
                0x08000ef4                UTIL_SEQ_Run
 .text.UTIL_SEQ_RegTask
                0x080010ec       0x44 ./Application/User/stm32_seq.o
                0x080010ec                UTIL_SEQ_RegTask
 .text.UTIL_SEQ_SetTask
                0x08001130       0x58 ./Application/User/stm32_seq.o
                0x08001130                UTIL_SEQ_SetTask
 .text.UTIL_SEQ_PreIdle
                0x08001188        0xc ./Application/User/stm32_seq.o
                0x08001188                UTIL_SEQ_PreIdle
 .text.UTIL_SEQ_PostIdle
                0x08001194        0xc ./Application/User/stm32_seq.o
                0x08001194                UTIL_SEQ_PostIdle
 .text.SEQ_BitPosition
                0x080011a0       0x70 ./Application/User/stm32_seq.o
                0x080011a0                SEQ_BitPosition
 .text.HAL_MspInit
                0x08001210        0xc ./Application/User/stm32wlxx_hal_msp.o
                0x08001210                HAL_MspInit
 .text.NMI_Handler
                0x0800121c        0xc ./Application/User/stm32wlxx_it.o
                0x0800121c                NMI_Handler
 .text.HardFault_Handler
                0x08001228        0x8 ./Application/User/stm32wlxx_it.o
                0x08001228                HardFault_Handler
 .text.MemManage_Handler
                0x08001230        0x8 ./Application/User/stm32wlxx_it.o
                0x08001230                MemManage_Handler
 .text.SVC_Handler
                0x08001238        0xc ./Application/User/stm32wlxx_it.o
                0x08001238                SVC_Handler
 .text.DebugMon_Handler
                0x08001244        0xc ./Application/User/stm32wlxx_it.o
                0x08001244                DebugMon_Handler
 .text.PendSV_Handler
                0x08001250        0xc ./Application/User/stm32wlxx_it.o
                0x08001250                PendSV_Handler
 .text.SysTick_Handler
                0x0800125c        0xc ./Application/User/stm32wlxx_it.o
                0x0800125c                SysTick_Handler
 .text.EXTI2_IRQHandler
                0x08001268        0xe ./Application/User/stm32wlxx_it.o
                0x08001268                EXTI2_IRQHandler
 *fill*         0x08001276        0x2 
 .text.RTC_Alarm_IRQHandler
                0x08001278       0x14 ./Application/User/stm32wlxx_it.o
                0x08001278                RTC_Alarm_IRQHandler
 .text.LL_AHB2_GRP1_EnableClock
                0x0800128c       0x30 ./Drivers/BSP/STM32WLxx_Nucleo/stm32wlxx_nucleo.o
 .text.BSP_LED_Init
                0x080012bc       0x74 ./Drivers/BSP/STM32WLxx_Nucleo/stm32wlxx_nucleo.o
                0x080012bc                BSP_LED_Init
 .text.BSP_LED_Toggle
                0x08001330       0x34 ./Drivers/BSP/STM32WLxx_Nucleo/stm32wlxx_nucleo.o
                0x08001330                BSP_LED_Toggle
 .text.SystemInit
                0x08001364        0xc ./Drivers/CMSIS/system_stm32wlxx.o
                0x08001364                SystemInit
 .text.HAL_RTC_Init
                0x08001370      0x1a4 ./Drivers/STM32WLxx_HAL_Driver/Src/stm32wlxx_hal_rtc.o
                0x08001370                HAL_RTC_Init
 .text.HAL_RTC_RegisterCallback
                0x08001514      0x140 ./Drivers/STM32WLxx_HAL_Driver/Src/stm32wlxx_hal_rtc.o
                0x08001514                HAL_RTC_RegisterCallback
 .text.HAL_RTC_GetTime
                0x08001654       0xc4 ./Drivers/STM32WLxx_HAL_Driver/Src/stm32wlxx_hal_rtc.o
                0x08001654                HAL_RTC_GetTime
 .text.HAL_RTC_GetDate
                0x08001718       0x9c ./Drivers/STM32WLxx_HAL_Driver/Src/stm32wlxx_hal_rtc.o
                0x08001718                HAL_RTC_GetDate
 .text.HAL_RTC_SetAlarm_IT
                0x080017b4      0x218 ./Drivers/STM32WLxx_HAL_Driver/Src/stm32wlxx_hal_rtc.o
                0x080017b4                HAL_RTC_SetAlarm_IT
 .text.HAL_RTC_DeactivateAlarm
                0x080019cc       0xb8 ./Drivers/STM32WLxx_HAL_Driver/Src/stm32wlxx_hal_rtc.o
                0x080019cc                HAL_RTC_DeactivateAlarm
 .text.HAL_RTC_AlarmIRQHandler
                0x08001a84       0x58 ./Drivers/STM32WLxx_HAL_Driver/Src/stm32wlxx_hal_rtc.o
                0x08001a84                HAL_RTC_AlarmIRQHandler
 .text.HAL_RTC_WaitForSynchro
                0x08001adc       0x4c ./Drivers/STM32WLxx_HAL_Driver/Src/stm32wlxx_hal_rtc.o
                0x08001adc                HAL_RTC_WaitForSynchro
 .text.RTC_EnterInitMode
                0x08001b28       0x68 ./Drivers/STM32WLxx_HAL_Driver/Src/stm32wlxx_hal_rtc.o
                0x08001b28                RTC_EnterInitMode
 .text.RTC_ExitInitMode
                0x08001b90       0x7c ./Drivers/STM32WLxx_HAL_Driver/Src/stm32wlxx_hal_rtc.o
                0x08001b90                RTC_ExitInitMode
 .text.RTC_ByteToBcd2
                0x08001c0c       0x3e ./Drivers/STM32WLxx_HAL_Driver/Src/stm32wlxx_hal_rtc.o
                0x08001c0c                RTC_ByteToBcd2
 .text.RTC_Bcd2ToByte
                0x08001c4a       0x36 ./Drivers/STM32WLxx_HAL_Driver/Src/stm32wlxx_hal_rtc.o
                0x08001c4a                RTC_Bcd2ToByte
 .text.HAL_RTCEx_TimeStampEventCallback
                0x08001c80       0x12 ./Drivers/STM32WLxx_HAL_Driver/Src/stm32wlxx_hal_rtc_ex.o
                0x08001c80                HAL_RTCEx_TimeStampEventCallback
 .text.HAL_RTCEx_WakeUpTimerEventCallback
                0x08001c92       0x12 ./Drivers/STM32WLxx_HAL_Driver/Src/stm32wlxx_hal_rtc_ex.o
                0x08001c92                HAL_RTCEx_WakeUpTimerEventCallback
 .text.HAL_RTCEx_EnableBypassShadow
                0x08001ca4       0x64 ./Drivers/STM32WLxx_HAL_Driver/Src/stm32wlxx_hal_rtc_ex.o
                0x08001ca4                HAL_RTCEx_EnableBypassShadow
 .text.HAL_RTCEx_SetSSRU_IT
                0x08001d08       0x78 ./Drivers/STM32WLxx_HAL_Driver/Src/stm32wlxx_hal_rtc_ex.o
                0x08001d08                HAL_RTCEx_SetSSRU_IT
 .text.HAL_RTCEx_AlarmBEventCallback
                0x08001d80       0x12 ./Drivers/STM32WLxx_HAL_Driver/Src/stm32wlxx_hal_rtc_ex.o
                0x08001d80                HAL_RTCEx_AlarmBEventCallback
 .text.HAL_RTCEx_Tamper1EventCallback
                0x08001d92       0x12 ./Drivers/STM32WLxx_HAL_Driver/Src/stm32wlxx_hal_rtc_ex.o
                0x08001d92                HAL_RTCEx_Tamper1EventCallback
 .text.HAL_RTCEx_Tamper2EventCallback
                0x08001da4       0x12 ./Drivers/STM32WLxx_HAL_Driver/Src/stm32wlxx_hal_rtc_ex.o
                0x08001da4                HAL_RTCEx_Tamper2EventCallback
 .text.HAL_RTCEx_Tamper3EventCallback
                0x08001db6       0x12 ./Drivers/STM32WLxx_HAL_Driver/Src/stm32wlxx_hal_rtc_ex.o
                0x08001db6                HAL_RTCEx_Tamper3EventCallback
 .text.HAL_RTCEx_InternalTamper3EventCallback
                0x08001dc8       0x12 ./Drivers/STM32WLxx_HAL_Driver/Src/stm32wlxx_hal_rtc_ex.o
                0x08001dc8                HAL_RTCEx_InternalTamper3EventCallback
 .text.HAL_RTCEx_InternalTamper5EventCallback
                0x08001dda       0x12 ./Drivers/STM32WLxx_HAL_Driver/Src/stm32wlxx_hal_rtc_ex.o
                0x08001dda                HAL_RTCEx_InternalTamper5EventCallback
 .text.HAL_RTCEx_InternalTamper6EventCallback
                0x08001dec       0x12 ./Drivers/STM32WLxx_HAL_Driver/Src/stm32wlxx_hal_rtc_ex.o
                0x08001dec                HAL_RTCEx_InternalTamper6EventCallback
 .text.HAL_RTCEx_InternalTamper8EventCallback
                0x08001dfe       0x12 ./Drivers/STM32WLxx_HAL_Driver/Src/stm32wlxx_hal_rtc_ex.o
                0x08001dfe                HAL_RTCEx_InternalTamper8EventCallback
 .text.HAL_RTCEx_BKUPWrite
                0x08001e10       0x30 ./Drivers/STM32WLxx_HAL_Driver/Src/stm32wlxx_hal_rtc_ex.o
                0x08001e10                HAL_RTCEx_BKUPWrite
 .text.HAL_RTCEx_BKUPRead
                0x08001e40       0x2c ./Drivers/STM32WLxx_HAL_Driver/Src/stm32wlxx_hal_rtc_ex.o
                0x08001e40                HAL_RTCEx_BKUPRead
 .text.LL_DBGMCU_EnableDBGStopMode
                0x08001e6c       0x1c ./Drivers/STM32WLxx_HAL_Driver/stm32wlxx_hal.o
 .text.HAL_Init
                0x08001e88       0x40 ./Drivers/STM32WLxx_HAL_Driver/stm32wlxx_hal.o
                0x08001e88                HAL_Init
 .text.HAL_InitTick
                0x08001ec8       0x74 ./Drivers/STM32WLxx_HAL_Driver/stm32wlxx_hal.o
                0x08001ec8                HAL_InitTick
 .text.HAL_IncTick
                0x08001f3c       0x24 ./Drivers/STM32WLxx_HAL_Driver/stm32wlxx_hal.o
                0x08001f3c                HAL_IncTick
 .text.HAL_GetTick
                0x08001f60       0x14 ./Drivers/STM32WLxx_HAL_Driver/stm32wlxx_hal.o
                0x08001f60                HAL_GetTick
 .text.HAL_Delay
                0x08001f74       0x48 ./Drivers/STM32WLxx_HAL_Driver/stm32wlxx_hal.o
                0x08001f74                HAL_Delay
 .text.HAL_SuspendTick
                0x08001fbc       0x1c ./Drivers/STM32WLxx_HAL_Driver/stm32wlxx_hal.o
                0x08001fbc                HAL_SuspendTick
 .text.HAL_ResumeTick
                0x08001fd8       0x1c ./Drivers/STM32WLxx_HAL_Driver/stm32wlxx_hal.o
                0x08001fd8                HAL_ResumeTick
 .text.HAL_DBGMCU_EnableDBGStopMode
                0x08001ff4        0xc ./Drivers/STM32WLxx_HAL_Driver/stm32wlxx_hal.o
                0x08001ff4                HAL_DBGMCU_EnableDBGStopMode
 .text.__NVIC_SetPriorityGrouping
                0x08002000       0x48 ./Drivers/STM32WLxx_HAL_Driver/stm32wlxx_hal_cortex.o
 .text.__NVIC_GetPriorityGrouping
                0x08002048       0x1c ./Drivers/STM32WLxx_HAL_Driver/stm32wlxx_hal_cortex.o
 .text.__NVIC_EnableIRQ
                0x08002064       0x38 ./Drivers/STM32WLxx_HAL_Driver/stm32wlxx_hal_cortex.o
 .text.__NVIC_DisableIRQ
                0x0800209c       0x48 ./Drivers/STM32WLxx_HAL_Driver/stm32wlxx_hal_cortex.o
 .text.__NVIC_SetPriority
                0x080020e4       0x54 ./Drivers/STM32WLxx_HAL_Driver/stm32wlxx_hal_cortex.o
 .text.NVIC_EncodePriority
                0x08002138       0x64 ./Drivers/STM32WLxx_HAL_Driver/stm32wlxx_hal_cortex.o
 .text.SysTick_Config
                0x0800219c       0x44 ./Drivers/STM32WLxx_HAL_Driver/stm32wlxx_hal_cortex.o
 .text.HAL_NVIC_SetPriorityGrouping
                0x080021e0       0x16 ./Drivers/STM32WLxx_HAL_Driver/stm32wlxx_hal_cortex.o
                0x080021e0                HAL_NVIC_SetPriorityGrouping
 .text.HAL_NVIC_SetPriority
                0x080021f6       0x34 ./Drivers/STM32WLxx_HAL_Driver/stm32wlxx_hal_cortex.o
                0x080021f6                HAL_NVIC_SetPriority
 .text.HAL_NVIC_EnableIRQ
                0x0800222a       0x1c ./Drivers/STM32WLxx_HAL_Driver/stm32wlxx_hal_cortex.o
                0x0800222a                HAL_NVIC_EnableIRQ
 .text.HAL_NVIC_DisableIRQ
                0x08002246       0x1c ./Drivers/STM32WLxx_HAL_Driver/stm32wlxx_hal_cortex.o
                0x08002246                HAL_NVIC_DisableIRQ
 .text.HAL_SYSTICK_Config
                0x08002262       0x18 ./Drivers/STM32WLxx_HAL_Driver/stm32wlxx_hal_cortex.o
                0x08002262                HAL_SYSTICK_Config
 *fill*         0x0800227a        0x2 
 .text.HAL_GPIO_Init
                0x0800227c      0x2c0 ./Drivers/STM32WLxx_HAL_Driver/stm32wlxx_hal_gpio.o
                0x0800227c                HAL_GPIO_Init
 .text.HAL_GPIO_ReadPin
                0x0800253c       0x2e ./Drivers/STM32WLxx_HAL_Driver/stm32wlxx_hal_gpio.o
                0x0800253c                HAL_GPIO_ReadPin
 .text.HAL_GPIO_WritePin
                0x0800256a       0x2e ./Drivers/STM32WLxx_HAL_Driver/stm32wlxx_hal_gpio.o
                0x0800256a                HAL_GPIO_WritePin
 .text.HAL_GPIO_TogglePin
                0x08002598       0x32 ./Drivers/STM32WLxx_HAL_Driver/stm32wlxx_hal_gpio.o
                0x08002598                HAL_GPIO_TogglePin
 *fill*         0x080025ca        0x2 
 .text.HAL_GPIO_EXTI_IRQHandler
                0x080025cc       0x30 ./Drivers/STM32WLxx_HAL_Driver/stm32wlxx_hal_gpio.o
                0x080025cc                HAL_GPIO_EXTI_IRQHandler
 .text.HAL_PWR_EnableBkUpAccess
                0x080025fc       0x1c ./Drivers/STM32WLxx_HAL_Driver/stm32wlxx_hal_pwr.o
                0x080025fc                HAL_PWR_EnableBkUpAccess
 .text.HAL_PWR_DisableBkUpAccess
                0x08002618       0x1c ./Drivers/STM32WLxx_HAL_Driver/stm32wlxx_hal_pwr.o
                0x08002618                HAL_PWR_DisableBkUpAccess
 .text.HAL_PWR_EnterSLEEPMode
                0x08002634       0x68 ./Drivers/STM32WLxx_HAL_Driver/stm32wlxx_hal_pwr.o
                0x08002634                HAL_PWR_EnterSLEEPMode
 .text.HAL_PWREx_GetVoltageRange
                0x0800269c       0x18 ./Drivers/STM32WLxx_HAL_Driver/stm32wlxx_hal_pwr_ex.o
                0x0800269c                HAL_PWREx_GetVoltageRange
 .text.HAL_PWREx_EnableLowPowerRunMode
                0x080026b4       0x1c ./Drivers/STM32WLxx_HAL_Driver/stm32wlxx_hal_pwr_ex.o
                0x080026b4                HAL_PWREx_EnableLowPowerRunMode
 .text.HAL_PWREx_DisableLowPowerRunMode
                0x080026d0       0x6c ./Drivers/STM32WLxx_HAL_Driver/stm32wlxx_hal_pwr_ex.o
                0x080026d0                HAL_PWREx_DisableLowPowerRunMode
 .text.HAL_PWREx_EnterSTOP2Mode
                0x0800273c       0x54 ./Drivers/STM32WLxx_HAL_Driver/stm32wlxx_hal_pwr_ex.o
                0x0800273c                HAL_PWREx_EnterSTOP2Mode
 .text.LL_PWR_IsEnabledBkUpAccess
                0x08002790       0x24 ./Drivers/STM32WLxx_HAL_Driver/stm32wlxx_hal_rcc.o
 .text.LL_RCC_HSE_EnableTcxo
                0x080027b4       0x1c ./Drivers/STM32WLxx_HAL_Driver/stm32wlxx_hal_rcc.o
 .text.LL_RCC_HSE_DisableTcxo
                0x080027d0       0x1c ./Drivers/STM32WLxx_HAL_Driver/stm32wlxx_hal_rcc.o
 .text.LL_RCC_HSE_IsEnabledDiv2
                0x080027ec       0x22 ./Drivers/STM32WLxx_HAL_Driver/stm32wlxx_hal_rcc.o
 .text.LL_RCC_HSE_Enable
                0x0800280e       0x1c ./Drivers/STM32WLxx_HAL_Driver/stm32wlxx_hal_rcc.o
 .text.LL_RCC_HSE_Disable
                0x0800282a       0x1c ./Drivers/STM32WLxx_HAL_Driver/stm32wlxx_hal_rcc.o
 .text.LL_RCC_HSE_IsReady
                0x08002846       0x22 ./Drivers/STM32WLxx_HAL_Driver/stm32wlxx_hal_rcc.o
 .text.LL_RCC_HSI_Enable
                0x08002868       0x1c ./Drivers/STM32WLxx_HAL_Driver/stm32wlxx_hal_rcc.o
 .text.LL_RCC_HSI_Disable
                0x08002884       0x1c ./Drivers/STM32WLxx_HAL_Driver/stm32wlxx_hal_rcc.o
 .text.LL_RCC_HSI_IsReady
                0x080028a0       0x22 ./Drivers/STM32WLxx_HAL_Driver/stm32wlxx_hal_rcc.o
 .text.LL_RCC_HSI_SetCalibTrimming
                0x080028c2       0x28 ./Drivers/STM32WLxx_HAL_Driver/stm32wlxx_hal_rcc.o
 .text.LL_RCC_LSE_IsReady
                0x080028ea       0x22 ./Drivers/STM32WLxx_HAL_Driver/stm32wlxx_hal_rcc.o
 .text.LL_RCC_LSI_Enable
                0x0800290c       0x20 ./Drivers/STM32WLxx_HAL_Driver/stm32wlxx_hal_rcc.o
 .text.LL_RCC_LSI_Disable
                0x0800292c       0x20 ./Drivers/STM32WLxx_HAL_Driver/stm32wlxx_hal_rcc.o
 .text.LL_RCC_LSI_IsReady
                0x0800294c       0x22 ./Drivers/STM32WLxx_HAL_Driver/stm32wlxx_hal_rcc.o
 .text.LL_RCC_MSI_Enable
                0x0800296e       0x1c ./Drivers/STM32WLxx_HAL_Driver/stm32wlxx_hal_rcc.o
 .text.LL_RCC_MSI_Disable
                0x0800298a       0x1c ./Drivers/STM32WLxx_HAL_Driver/stm32wlxx_hal_rcc.o
 .text.LL_RCC_MSI_IsReady
                0x080029a6       0x20 ./Drivers/STM32WLxx_HAL_Driver/stm32wlxx_hal_rcc.o
 .text.LL_RCC_MSI_IsEnabledRangeSelect
                0x080029c6       0x20 ./Drivers/STM32WLxx_HAL_Driver/stm32wlxx_hal_rcc.o
 .text.LL_RCC_MSI_GetRange
                0x080029e6       0x16 ./Drivers/STM32WLxx_HAL_Driver/stm32wlxx_hal_rcc.o
 .text.LL_RCC_MSI_GetRangeAfterStandby
                0x080029fc       0x18 ./Drivers/STM32WLxx_HAL_Driver/stm32wlxx_hal_rcc.o
 .text.LL_RCC_MSI_SetCalibTrimming
                0x08002a14       0x28 ./Drivers/STM32WLxx_HAL_Driver/stm32wlxx_hal_rcc.o
 .text.LL_RCC_SetSysClkSource
                0x08002a3c       0x26 ./Drivers/STM32WLxx_HAL_Driver/stm32wlxx_hal_rcc.o
 .text.LL_RCC_GetSysClkSource
                0x08002a62       0x16 ./Drivers/STM32WLxx_HAL_Driver/stm32wlxx_hal_rcc.o
 .text.LL_RCC_SetAHBPrescaler
                0x08002a78       0x26 ./Drivers/STM32WLxx_HAL_Driver/stm32wlxx_hal_rcc.o
 .text.LL_C2_RCC_SetAHBPrescaler
                0x08002a9e       0x2a ./Drivers/STM32WLxx_HAL_Driver/stm32wlxx_hal_rcc.o
 .text.LL_RCC_SetAHB3Prescaler
                0x08002ac8       0x2c ./Drivers/STM32WLxx_HAL_Driver/stm32wlxx_hal_rcc.o
 .text.LL_RCC_SetAPB1Prescaler
                0x08002af4       0x26 ./Drivers/STM32WLxx_HAL_Driver/stm32wlxx_hal_rcc.o
 .text.LL_RCC_SetAPB2Prescaler
                0x08002b1a       0x26 ./Drivers/STM32WLxx_HAL_Driver/stm32wlxx_hal_rcc.o
 .text.LL_RCC_GetAHBPrescaler
                0x08002b40       0x16 ./Drivers/STM32WLxx_HAL_Driver/stm32wlxx_hal_rcc.o
 .text.LL_RCC_GetAHB3Prescaler
                0x08002b56       0x1a ./Drivers/STM32WLxx_HAL_Driver/stm32wlxx_hal_rcc.o
 .text.LL_RCC_PLL_Enable
                0x08002b70       0x1c ./Drivers/STM32WLxx_HAL_Driver/stm32wlxx_hal_rcc.o
 .text.LL_RCC_PLL_Disable
                0x08002b8c       0x1c ./Drivers/STM32WLxx_HAL_Driver/stm32wlxx_hal_rcc.o
 .text.LL_RCC_PLL_IsReady
                0x08002ba8       0x22 ./Drivers/STM32WLxx_HAL_Driver/stm32wlxx_hal_rcc.o
 .text.LL_RCC_PLL_GetN
                0x08002bca       0x18 ./Drivers/STM32WLxx_HAL_Driver/stm32wlxx_hal_rcc.o
 .text.LL_RCC_PLL_GetR
                0x08002be2       0x16 ./Drivers/STM32WLxx_HAL_Driver/stm32wlxx_hal_rcc.o
 .text.LL_RCC_PLL_GetDivider
                0x08002bf8       0x16 ./Drivers/STM32WLxx_HAL_Driver/stm32wlxx_hal_rcc.o
 .text.LL_RCC_PLL_GetMainSource
                0x08002c0e       0x16 ./Drivers/STM32WLxx_HAL_Driver/stm32wlxx_hal_rcc.o
 .text.LL_RCC_IsActiveFlag_HPRE
                0x08002c24       0x22 ./Drivers/STM32WLxx_HAL_Driver/stm32wlxx_hal_rcc.o
 .text.LL_RCC_IsActiveFlag_C2HPRE
                0x08002c46       0x24 ./Drivers/STM32WLxx_HAL_Driver/stm32wlxx_hal_rcc.o
 .text.LL_RCC_IsActiveFlag_SHDHPRE
                0x08002c6a       0x24 ./Drivers/STM32WLxx_HAL_Driver/stm32wlxx_hal_rcc.o
 .text.LL_RCC_IsActiveFlag_PPRE1
                0x08002c8e       0x22 ./Drivers/STM32WLxx_HAL_Driver/stm32wlxx_hal_rcc.o
 .text.LL_RCC_IsActiveFlag_PPRE2
                0x08002cb0       0x22 ./Drivers/STM32WLxx_HAL_Driver/stm32wlxx_hal_rcc.o
 *fill*         0x08002cd2        0x2 
 .text.HAL_RCC_OscConfig
                0x08002cd4      0x704 ./Drivers/STM32WLxx_HAL_Driver/stm32wlxx_hal_rcc.o
                0x08002cd4                HAL_RCC_OscConfig
 .text.HAL_RCC_ClockConfig
                0x080033d8      0x284 ./Drivers/STM32WLxx_HAL_Driver/stm32wlxx_hal_rcc.o
                0x080033d8                HAL_RCC_ClockConfig
 .text.HAL_RCC_GetSysClockFreq
                0x0800365c      0x140 ./Drivers/STM32WLxx_HAL_Driver/stm32wlxx_hal_rcc.o
                0x0800365c                HAL_RCC_GetSysClockFreq
 .text.HAL_RCC_GetHCLKFreq
                0x0800379c       0x28 ./Drivers/STM32WLxx_HAL_Driver/stm32wlxx_hal_rcc.o
                0x0800379c                HAL_RCC_GetHCLKFreq
 .text.RCC_SetFlashLatencyFromMSIRange
                0x080037c4       0x60 ./Drivers/STM32WLxx_HAL_Driver/stm32wlxx_hal_rcc.o
 .text.RCC_SetFlashLatency
                0x08003824      0x104 ./Drivers/STM32WLxx_HAL_Driver/stm32wlxx_hal_rcc.o
 .text.LL_RCC_LSE_IsReady
                0x08003928       0x22 ./Drivers/STM32WLxx_HAL_Driver/stm32wlxx_hal_rcc_ex.o
 .text.LL_RCC_SetUSARTClockSource
                0x0800394a       0x30 ./Drivers/STM32WLxx_HAL_Driver/stm32wlxx_hal_rcc_ex.o
 .text.LL_RCC_SetI2SClockSource
                0x0800397a       0x2a ./Drivers/STM32WLxx_HAL_Driver/stm32wlxx_hal_rcc_ex.o
 .text.LL_RCC_SetLPUARTClockSource
                0x080039a4       0x2a ./Drivers/STM32WLxx_HAL_Driver/stm32wlxx_hal_rcc_ex.o
 .text.LL_RCC_SetI2CClockSource
                0x080039ce       0x38 ./Drivers/STM32WLxx_HAL_Driver/stm32wlxx_hal_rcc_ex.o
 .text.LL_RCC_SetLPTIMClockSource
                0x08003a06       0x32 ./Drivers/STM32WLxx_HAL_Driver/stm32wlxx_hal_rcc_ex.o
 .text.LL_RCC_SetRNGClockSource
                0x08003a38       0x2a ./Drivers/STM32WLxx_HAL_Driver/stm32wlxx_hal_rcc_ex.o
 .text.LL_RCC_SetADCClockSource
                0x08003a62       0x2a ./Drivers/STM32WLxx_HAL_Driver/stm32wlxx_hal_rcc_ex.o
 .text.LL_RCC_SetRTCClockSource
                0x08003a8c       0x2a ./Drivers/STM32WLxx_HAL_Driver/stm32wlxx_hal_rcc_ex.o
 .text.LL_RCC_GetRTCClockSource
                0x08003ab6       0x18 ./Drivers/STM32WLxx_HAL_Driver/stm32wlxx_hal_rcc_ex.o
 .text.LL_RCC_ForceBackupDomainReset
                0x08003ace       0x20 ./Drivers/STM32WLxx_HAL_Driver/stm32wlxx_hal_rcc_ex.o
 .text.LL_RCC_ReleaseBackupDomainReset
                0x08003aee       0x20 ./Drivers/STM32WLxx_HAL_Driver/stm32wlxx_hal_rcc_ex.o
 *fill*         0x08003b0e        0x2 
 .text.HAL_RCCEx_PeriphCLKConfig
                0x08003b10      0x234 ./Drivers/STM32WLxx_HAL_Driver/stm32wlxx_hal_rcc_ex.o
                0x08003b10                HAL_RCCEx_PeriphCLKConfig
 .text.LL_RCC_EnableRTC
                0x08003d44       0x20 ./hal/hal_rtc.o
 .text.LL_RCC_DisableRTC
                0x08003d64       0x20 ./hal/hal_rtc.o
 .text.LL_APB1_GRP1_EnableClock
                0x08003d84       0x30 ./hal/hal_rtc.o
 .text.LL_APB1_GRP1_DisableClock
                0x08003db4       0x24 ./hal/hal_rtc.o
 .text.LL_RTC_EnableWriteProtection
                0x08003dd8       0x18 ./hal/hal_rtc.o
 .text.LL_RTC_DisableWriteProtection
                0x08003df0       0x1e ./hal/hal_rtc.o
 .text.LL_RTC_WAKEUP_SetClock
                0x08003e0e       0x24 ./hal/hal_rtc.o
 *fill*         0x08003e32        0x2 
 .text.hal_rtc_init
                0x08003e34       0xb0 ./hal/hal_rtc.o
                0x08003e34                hal_rtc_init
 .text.RtcSetTimerContext
                0x08003ee4       0x28 ./hal/hal_rtc.o
                0x08003ee4                RtcSetTimerContext
 .text.HAL_RTC_MspInit
                0x08003f0c       0x78 ./hal/hal_rtc.o
                0x08003f0c                HAL_RTC_MspInit
 .text.HAL_RTC_MspDeInit
                0x08003f84       0x38 ./hal/hal_rtc.o
                0x08003f84                HAL_RTC_MspDeInit
 .text.RtcGetCalendarValue
                0x08003fbc      0x138 ./hal/hal_rtc.o
 .text._DoInit  0x080040f4       0xa4 ./segger/SEGGER_RTT.o
 .text._WriteBlocking
                0x08004198       0xb4 ./segger/SEGGER_RTT.o
 .text._WriteNoCheck
                0x0800424c       0x80 ./segger/SEGGER_RTT.o
 .text._GetAvailWriteSpace
                0x080042cc       0x44 ./segger/SEGGER_RTT.o
 .text.SEGGER_RTT_WriteNoLock
                0x08004310       0xa0 ./segger/SEGGER_RTT.o
                0x08004310                SEGGER_RTT_WriteNoLock
 .text.SEGGER_RTT_Write
                0x080043b0       0x48 ./segger/SEGGER_RTT.o
                0x080043b0                SEGGER_RTT_Write
 .text.SEGGER_RTT_Init
                0x080043f8        0xc ./segger/SEGGER_RTT.o
                0x080043f8                SEGGER_RTT_Init
 .text._StoreChar
                0x08004404       0x7c ./segger/SEGGER_RTT_printf.o
 .text._PrintUnsigned
                0x08004480      0x158 ./segger/SEGGER_RTT_printf.o
 .text._PrintInt
                0x080045d8      0x14e ./segger/SEGGER_RTT_printf.o
 *fill*         0x08004726        0x2 
 .text.SEGGER_RTT_vprintf
                0x08004728      0x3ac ./segger/SEGGER_RTT_printf.o
                0x08004728                SEGGER_RTT_vprintf
 .text.SEGGER_RTT_printf
                0x08004ad4       0x30 ./segger/SEGGER_RTT_printf.o
                0x08004ad4                SEGGER_RTT_printf
 .text.UTIL_MEM_set_8
                0x08004b04       0x36 ./stm32_mem.o
                0x08004b04                UTIL_MEM_set_8
 .text.LL_RTC_TIME_GetSubSecond
                0x08004b3a       0x16 ./timer/timer_if.o
 .text.TIMER_IF_Init
                0x08004b50       0x64 ./timer/timer_if.o
                0x08004b50                TIMER_IF_Init
 .text.TIMER_IF_StartTimer
                0x08004bb4       0x70 ./timer/timer_if.o
                0x08004bb4                TIMER_IF_StartTimer
 .text.TIMER_IF_StopTimer
                0x08004c24       0x34 ./timer/timer_if.o
                0x08004c24                TIMER_IF_StopTimer
 .text.TIMER_IF_SetTimerContext
                0x08004c58       0x1c ./timer/timer_if.o
                0x08004c58                TIMER_IF_SetTimerContext
 .text.TIMER_IF_GetTimerContext
                0x08004c74       0x14 ./timer/timer_if.o
                0x08004c74                TIMER_IF_GetTimerContext
 .text.TIMER_IF_GetTimerElapsedTime
                0x08004c88       0x18 ./timer/timer_if.o
                0x08004c88                TIMER_IF_GetTimerElapsedTime
 .text.TIMER_IF_GetTimerValue
                0x08004ca0       0x20 ./timer/timer_if.o
                0x08004ca0                TIMER_IF_GetTimerValue
 .text.TIMER_IF_GetMinimumTimeout
                0x08004cc0        0xe ./timer/timer_if.o
                0x08004cc0                TIMER_IF_GetMinimumTimeout
 .text.TIMER_IF_Convert_ms2Tick
                0x08004cce       0x32 ./timer/timer_if.o
                0x08004cce                TIMER_IF_Convert_ms2Tick
 .text.TIMER_IF_Convert_Tick2ms
                0x08004d00       0x8a ./timer/timer_if.o
                0x08004d00                TIMER_IF_Convert_Tick2ms
 .text.HAL_RTC_AlarmAEventCallback
                0x08004d8a       0x14 ./timer/timer_if.o
                0x08004d8a                HAL_RTC_AlarmAEventCallback
 .text.HAL_RTCEx_SSRUEventCallback
                0x08004d9e       0x20 ./timer/timer_if.o
                0x08004d9e                HAL_RTCEx_SSRUEventCallback
 *fill*         0x08004dbe        0x2 
 .text.TIMER_IF_BkUp_Write_MSBticks
                0x08004dc0       0x20 ./timer/timer_if.o
 .text.TIMER_IF_BkUp_Read_MSBticks
                0x08004de0       0x20 ./timer/timer_if.o
 .text.GetTimerTicks
                0x08004e00       0x18 ./timer/timer_if.o
 .text.UTIL_LPM_DeInit
                0x08004e18        0xc ./tiny_lpm/stm32_lpm.o
                0x08004e18                UTIL_LPM_DeInit
 .text.UTIL_LPM_SetStopMode
                0x08004e24       0x60 ./tiny_lpm/stm32_lpm.o
                0x08004e24                UTIL_LPM_SetStopMode
 .text.UTIL_LPM_SetOffMode
                0x08004e84       0x60 ./tiny_lpm/stm32_lpm.o
                0x08004e84                UTIL_LPM_SetOffMode
 .text.UTIL_LPM_EnterLowPower
                0x08004ee4       0x6c ./tiny_lpm/stm32_lpm.o
                0x08004ee4                UTIL_LPM_EnterLowPower
 .text.LL_PWR_ClearFlag_C1STOP_C1STB
                0x08004f50       0x18 ./tiny_lpm/stm32_lpm_if.o
 .text.PWR_EnterOffMode
                0x08004f68        0xc ./tiny_lpm/stm32_lpm_if.o
                0x08004f68                PWR_EnterOffMode
 .text.PWR_ExitOffMode
                0x08004f74        0xc ./tiny_lpm/stm32_lpm_if.o
                0x08004f74                PWR_ExitOffMode
 .text.PWR_EnterStopMode
                0x08004f80       0x16 ./tiny_lpm/stm32_lpm_if.o
                0x08004f80                PWR_EnterStopMode
 .text.PWR_ExitStopMode
                0x08004f96        0xc ./tiny_lpm/stm32_lpm_if.o
                0x08004f96                PWR_ExitStopMode
 .text.PWR_EnterSleepMode
                0x08004fa2       0x14 ./tiny_lpm/stm32_lpm_if.o
                0x08004fa2                PWR_EnterSleepMode
 .text.PWR_ExitSleepMode
                0x08004fb6        0xc ./tiny_lpm/stm32_lpm_if.o
                0x08004fb6                PWR_ExitSleepMode
 .text.memset   0x08004fc2       0x10 C:/ST/STM32CubeIDE_1.16.1/STM32CubeIDE/plugins/com.st.stm32cube.ide.mcu.externaltools.gnu-tools-for-stm32.12.3.rel1.win32_1.0.200.202406191623/tools/bin/../lib/gcc/arm-none-eabi/12.3.1/../../../../arm-none-eabi/lib/thumb/v7e-m/nofp\libc_nano.a(libc_a-memset.o)
                0x08004fc2                memset
 *fill*         0x08004fd2        0x2 
 .text.__libc_init_array
                0x08004fd4       0x48 C:/ST/STM32CubeIDE_1.16.1/STM32CubeIDE/plugins/com.st.stm32cube.ide.mcu.externaltools.gnu-tools-for-stm32.12.3.rel1.win32_1.0.200.202406191623/tools/bin/../lib/gcc/arm-none-eabi/12.3.1/../../../../arm-none-eabi/lib/thumb/v7e-m/nofp\libc_nano.a(libc_a-init.o)
                0x08004fd4                __libc_init_array
 .text.memcpy   0x0800501c       0x1c C:/ST/STM32CubeIDE_1.16.1/STM32CubeIDE/plugins/com.st.stm32cube.ide.mcu.externaltools.gnu-tools-for-stm32.12.3.rel1.win32_1.0.200.202406191623/tools/bin/../lib/gcc/arm-none-eabi/12.3.1/../../../../arm-none-eabi/lib/thumb/v7e-m/nofp\libc_nano.a(libc_a-memcpy-stub.o)
                0x0800501c                memcpy
 *(.glue_7)
 .glue_7        0x08005038        0x0 linker stubs
 *(.glue_7t)
 .glue_7t       0x08005038        0x0 linker stubs
 *(.eh_frame)
 .eh_frame      0x08005038        0x0 C:/ST/STM32CubeIDE_1.16.1/STM32CubeIDE/plugins/com.st.stm32cube.ide.mcu.externaltools.gnu-tools-for-stm32.12.3.rel1.win32_1.0.200.202406191623/tools/bin/../lib/gcc/arm-none-eabi/12.3.1/thumb/v7e-m/nofp/crtbegin.o
 *(.init)
 .init          0x08005038        0x4 C:/ST/STM32CubeIDE_1.16.1/STM32CubeIDE/plugins/com.st.stm32cube.ide.mcu.externaltools.gnu-tools-for-stm32.12.3.rel1.win32_1.0.200.202406191623/tools/bin/../lib/gcc/arm-none-eabi/12.3.1/thumb/v7e-m/nofp/crti.o
                0x08005038                _init
 .init          0x0800503c        0x8 C:/ST/STM32CubeIDE_1.16.1/STM32CubeIDE/plugins/com.st.stm32cube.ide.mcu.externaltools.gnu-tools-for-stm32.12.3.rel1.win32_1.0.200.202406191623/tools/bin/../lib/gcc/arm-none-eabi/12.3.1/thumb/v7e-m/nofp/crtn.o
 *(.fini)
 .fini          0x08005044        0x4 C:/ST/STM32CubeIDE_1.16.1/STM32CubeIDE/plugins/com.st.stm32cube.ide.mcu.externaltools.gnu-tools-for-stm32.12.3.rel1.win32_1.0.200.202406191623/tools/bin/../lib/gcc/arm-none-eabi/12.3.1/thumb/v7e-m/nofp/crti.o
                0x08005044                _fini
 .fini          0x08005048        0x8 C:/ST/STM32CubeIDE_1.16.1/STM32CubeIDE/plugins/com.st.stm32cube.ide.mcu.externaltools.gnu-tools-for-stm32.12.3.rel1.win32_1.0.200.202406191623/tools/bin/../lib/gcc/arm-none-eabi/12.3.1/thumb/v7e-m/nofp/crtn.o
                0x08005050                        . = ALIGN (0x8)
                0x08005050                        _etext = .

.vfp11_veneer   0x08005050        0x0
 .vfp11_veneer  0x08005050        0x0 linker stubs

.v4_bx          0x08005050        0x0
 .v4_bx         0x08005050        0x0 linker stubs

.iplt           0x08005050        0x0
 .iplt          0x08005050        0x0 C:/ST/STM32CubeIDE_1.16.1/STM32CubeIDE/plugins/com.st.stm32cube.ide.mcu.externaltools.gnu-tools-for-stm32.12.3.rel1.win32_1.0.200.202406191623/tools/bin/../lib/gcc/arm-none-eabi/12.3.1/thumb/v7e-m/nofp/crtbegin.o

.rodata         0x08005050      0x190
                0x08005050                        . = ALIGN (0x8)
 *(.rodata)
 .rodata        0x08005050       0x3d ./Application/User/main.o
 *fill*         0x0800508d        0x3 
 .rodata        0x08005090       0x1c ./Drivers/STM32WLxx_HAL_Driver/stm32wlxx_hal_rcc.o
 .rodata        0x080050ac       0x17 ./segger/SEGGER_RTT.o
 *(.rodata*)
 *fill*         0x080050c3        0x1 
 .rodata.SEQ_clz_table_4bit
                0x080050c4       0x10 ./Application/User/stm32_seq.o
                0x080050c4                SEQ_clz_table_4bit
 .rodata.LED_PIN
                0x080050d4        0x6 ./Drivers/BSP/STM32WLxx_Nucleo/stm32wlxx_nucleo.o
 *fill*         0x080050da        0x2 
 .rodata.AHBPrescTable
                0x080050dc       0x40 ./Drivers/CMSIS/system_stm32wlxx.o
                0x080050dc                AHBPrescTable
 .rodata.MSIRangeTable
                0x0800511c       0x40 ./Drivers/CMSIS/system_stm32wlxx.o
                0x0800511c                MSIRangeTable
 .rodata.sAlarm.0
                0x0800515c       0x2c ./hal/hal_rtc.o
 .rodata._aV2C.1
                0x08005188       0x10 ./segger/SEGGER_RTT_printf.o
 .rodata.UTIL_TimerDriver
                0x08005198       0x2c ./timer/timer_if.o
                0x08005198                UTIL_TimerDriver
 .rodata.UTIL_PowerDriver
                0x080051c4       0x18 ./tiny_lpm/stm32_lpm_if.o
                0x080051c4                UTIL_PowerDriver
                0x080051e0                        . = ALIGN (0x8)
 *fill*         0x080051dc        0x4 

.ARM.extab      0x080051e0        0x0
                0x080051e0                        . = ALIGN (0x8)
 *(.ARM.extab* .gnu.linkonce.armextab.*)
                0x080051e0                        . = ALIGN (0x8)

.ARM            0x080051e0        0x8
                0x080051e0                        . = ALIGN (0x8)
                0x080051e0                        __exidx_start = .
 *(.ARM.exidx*)
 .ARM.exidx     0x080051e0        0x8 C:/ST/STM32CubeIDE_1.16.1/STM32CubeIDE/plugins/com.st.stm32cube.ide.mcu.externaltools.gnu-tools-for-stm32.12.3.rel1.win32_1.0.200.202406191623/tools/bin/../lib/gcc/arm-none-eabi/12.3.1/thumb/v7e-m/nofp\libgcc.a(_udivmoddi4.o)
                0x080051e8                        __exidx_end = .
                0x080051e8                        . = ALIGN (0x8)

.rel.dyn        0x080051e8        0x0
 .rel.iplt      0x080051e8        0x0 C:/ST/STM32CubeIDE_1.16.1/STM32CubeIDE/plugins/com.st.stm32cube.ide.mcu.externaltools.gnu-tools-for-stm32.12.3.rel1.win32_1.0.200.202406191623/tools/bin/../lib/gcc/arm-none-eabi/12.3.1/thumb/v7e-m/nofp/crtbegin.o

.preinit_array  0x080051e8        0x0
                0x080051e8                        . = ALIGN (0x8)
                0x080051e8                        PROVIDE (__preinit_array_start = .)
 *(.preinit_array*)
                0x080051e8                        PROVIDE (__preinit_array_end = .)
                0x080051e8                        . = ALIGN (0x8)

.init_array     0x080051e8        0x8
                0x080051e8                        . = ALIGN (0x8)
                0x080051e8                        PROVIDE (__init_array_start = .)
 *(SORT_BY_NAME(.init_array.*))
 *(.init_array*)
 .init_array    0x080051e8        0x4 C:/ST/STM32CubeIDE_1.16.1/STM32CubeIDE/plugins/com.st.stm32cube.ide.mcu.externaltools.gnu-tools-for-stm32.12.3.rel1.win32_1.0.200.202406191623/tools/bin/../lib/gcc/arm-none-eabi/12.3.1/thumb/v7e-m/nofp/crtbegin.o
                0x080051ec                        PROVIDE (__init_array_end = .)
                0x080051f0                        . = ALIGN (0x8)
 *fill*         0x080051ec        0x4 

.fini_array     0x080051f0        0x8
                0x080051f0                        . = ALIGN (0x8)
                [!provide]                        PROVIDE (__fini_array_start = .)
 *(SORT_BY_NAME(.fini_array.*))
 *(.fini_array*)
 .fini_array    0x080051f0        0x4 C:/ST/STM32CubeIDE_1.16.1/STM32CubeIDE/plugins/com.st.stm32cube.ide.mcu.externaltools.gnu-tools-for-stm32.12.3.rel1.win32_1.0.200.202406191623/tools/bin/../lib/gcc/arm-none-eabi/12.3.1/thumb/v7e-m/nofp/crtbegin.o
                [!provide]                        PROVIDE (__fini_array_end = .)
                0x080051f8                        . = ALIGN (0x8)
 *fill*         0x080051f4        0x4 
                0x080051f8                        _sidata = LOADADDR (.data)

.data           0x20000000       0x20 load address 0x080051f8
                0x20000000                        . = ALIGN (0x8)
                0x20000000                        _sdata = .
 *(.data)
 *(.data*)
 .data.TaskMask
                0x20000000        0x4 ./Application/User/stm32_seq.o
 .data.SuperMask
                0x20000004        0x4 ./Application/User/stm32_seq.o
 .data.LED_PORT
                0x20000008        0xc ./Drivers/BSP/STM32WLxx_Nucleo/stm32wlxx_nucleo.o
 .data.SystemCoreClock
                0x20000014        0x4 ./Drivers/CMSIS/system_stm32wlxx.o
                0x20000014                SystemCoreClock
 .data.uwTickPrio
                0x20000018        0x4 ./Drivers/STM32WLxx_HAL_Driver/stm32wlxx_hal.o
                0x20000018                uwTickPrio
 .data.uwTickFreq
                0x2000001c        0x1 ./Drivers/STM32WLxx_HAL_Driver/stm32wlxx_hal.o
                0x2000001c                uwTickFreq
                0x20000020                        . = ALIGN (0x8)
 *fill*         0x2000001d        0x3 
                0x20000020                        _edata = .
                0x08005218                        _segger_load_ = LOADADDR (.segger)

.igot.plt       0x20000020        0x0 load address 0x08005218
 .igot.plt      0x20000020        0x0 C:/ST/STM32CubeIDE_1.16.1/STM32CubeIDE/plugins/com.st.stm32cube.ide.mcu.externaltools.gnu-tools-for-stm32.12.3.rel1.win32_1.0.200.202406191623/tools/bin/../lib/gcc/arm-none-eabi/12.3.1/thumb/v7e-m/nofp/crtbegin.o

.segger         0x20008000      0x410 load address 0x08005218
                0x20008000                        . = ALIGN (0x8)
                0x20008000                        _segger_addr_ = .
 *(.segger)
 .segger        0x20008000      0x410 ./segger/SEGGER_RTT.o
 *(.segger*)
                0x20008410                        . = ALIGN (0x8)
                0x00000410                        _segger_size_ = SIZEOF (.segger)
                0x20008410                        . = ALIGN (0x8)

.bss            0x20000020      0x318
                0x20000020                        _sbss = .
                0x20000020                        __bss_start__ = _sbss
 *(.bss)
 .bss           0x20000020       0x1c C:/ST/STM32CubeIDE_1.16.1/STM32CubeIDE/plugins/com.st.stm32cube.ide.mcu.externaltools.gnu-tools-for-stm32.12.3.rel1.win32_1.0.200.202406191623/tools/bin/../lib/gcc/arm-none-eabi/12.3.1/thumb/v7e-m/nofp/crtbegin.o
 *(.bss*)
 .bss.pulse_cnt
                0x2000003c        0x4 ./Application/User/main.o
                0x2000003c                pulse_cnt
 .bss.is_sampling
                0x20000040        0x1 ./Application/User/main.o
                0x20000040                is_sampling
 *fill*         0x20000041        0x3 
 .bss.timer_1ms
                0x20000044       0x24 ./Application/User/main.o
 .bss.magnet_cnt
                0x20000068        0x4 ./Application/User/main.o
                0x20000068                magnet_cnt
 .bss.timer_3ms
                0x2000006c       0x24 ./Application/User/main.o
 .bss.pin_set_cnt.4
                0x20000090        0x4 ./Application/User/main.o
 .bss.samples_cnt.3
                0x20000094        0x4 ./Application/User/main.o
 .bss.pin_set_counter.2
                0x20000098        0x4 ./Application/User/main.o
 .bss.samples_counter.1
                0x2000009c        0x4 ./Application/User/main.o
 .bss.timer_20s.0
                0x200000a0       0x24 ./Application/User/main.o
 .bss.TimerListHead
                0x200000c4        0x4 ./Application/User/rtc.o
 .bss.TaskSet   0x200000c8        0x4 ./Application/User/stm32_seq.o
 .bss.EvtSet    0x200000cc        0x4 ./Application/User/stm32_seq.o
 .bss.EvtWaited
                0x200000d0        0x4 ./Application/User/stm32_seq.o
 .bss.CurrentTaskIdx
                0x200000d4        0x4 ./Application/User/stm32_seq.o
 .bss.TaskCb    0x200000d8       0x80 ./Application/User/stm32_seq.o
 .bss.TaskPrio  0x20000158       0x10 ./Application/User/stm32_seq.o
 .bss.uwTick    0x20000168        0x4 ./Drivers/STM32WLxx_HAL_Driver/stm32wlxx_hal.o
                0x20000168                uwTick
 .bss.RtcInitialized
                0x2000016c        0x1 ./hal/hal_rtc.o
 *fill*         0x2000016d        0x3 
 .bss.RtcTimerContext
                0x20000170       0x1c ./hal/hal_rtc.o
 .bss.hrtc      0x2000018c       0x70 ./hal/hal_rtc.o
                0x2000018c                hrtc
 .bss._SEGGER_RTT
                0x200001fc       0xa8 ./segger/SEGGER_RTT.o
                0x200001fc                _SEGGER_RTT
 .bss.acBuffer.0
                0x200002a4       0x80 ./segger/SEGGER_RTT_printf.o
 .bss.RTC_Initialized
                0x20000324        0x1 ./timer/timer_if.o
 *fill*         0x20000325        0x3 
 .bss.RtcTimerContext
                0x20000328        0x4 ./timer/timer_if.o
 .bss.StopModeDisable
                0x2000032c        0x4 ./tiny_lpm/stm32_lpm.o
 .bss.OffModeDisable
                0x20000330        0x4 ./tiny_lpm/stm32_lpm.o
 *(COMMON)
                0x20000338                        . = ALIGN (0x8)
 *fill*         0x20000334        0x4 
                0x20000338                        _ebss = .
                0x20000338                        __bss_end__ = _ebss
                0x20000338                        . = ALIGN (0x8)

RAM1_region     0x20000338        0x0
                0x20000338                        _sRAM1_region = .
 *(.RAM1_region)
                0x20000338                        . = ALIGN (0x8)
                0x20000338                        _eRAM1_region = .
                0x20000338                        . = ALIGN (0x8)

RAM2_region     0x20008410        0x0
                0x20008410                        _sRAM2_region = .
 *(.RAM2_region)
                0x20008410                        . = ALIGN (0x8)
                0x20008410                        _eRAM2_region = .

._user_heap_stack
                0x20000338      0x600
                0x20000338                        . = ALIGN (0x8)
                [!provide]                        PROVIDE (end = .)
                0x20000338                        PROVIDE (_end = .)
                0x20000538                        . = (. + _Min_Heap_Size)
 *fill*         0x20000338      0x200 
                0x20000938                        . = (. + _Min_Stack_Size)
 *fill*         0x20000538      0x400 
                0x20000938                        . = ALIGN (0x8)

/DISCARD/
 libc.a(*)
 libm.a(*)
 libgcc.a(*)

.ARM.attributes
                0x00000000       0x2a
 *(.ARM.attributes)
 .ARM.attributes
                0x00000000       0x1e C:/ST/STM32CubeIDE_1.16.1/STM32CubeIDE/plugins/com.st.stm32cube.ide.mcu.externaltools.gnu-tools-for-stm32.12.3.rel1.win32_1.0.200.202406191623/tools/bin/../lib/gcc/arm-none-eabi/12.3.1/thumb/v7e-m/nofp/crti.o
 .ARM.attributes
                0x0000001e       0x2e C:/ST/STM32CubeIDE_1.16.1/STM32CubeIDE/plugins/com.st.stm32cube.ide.mcu.externaltools.gnu-tools-for-stm32.12.3.rel1.win32_1.0.200.202406191623/tools/bin/../lib/gcc/arm-none-eabi/12.3.1/thumb/v7e-m/nofp/crtbegin.o
 .ARM.attributes
                0x0000004c       0x21 ./Application/Startup/startup_stm32wl55jcix.o
 .ARM.attributes
                0x0000006d       0x2e ./Application/User/main.o
 .ARM.attributes
                0x0000009b       0x2e ./Application/User/rtc.o
 .ARM.attributes
                0x000000c9       0x2e ./Application/User/stm32_seq.o
 .ARM.attributes
                0x000000f7       0x2e ./Application/User/stm32wlxx_hal_msp.o
 .ARM.attributes
                0x00000125       0x2e ./Application/User/stm32wlxx_it.o
 .ARM.attributes
                0x00000153       0x2e ./Drivers/BSP/STM32WLxx_Nucleo/stm32wlxx_nucleo.o
 .ARM.attributes
                0x00000181       0x2e ./Drivers/CMSIS/system_stm32wlxx.o
 .ARM.attributes
                0x000001af       0x2e ./Drivers/STM32WLxx_HAL_Driver/Src/stm32wlxx_hal_rtc.o
 .ARM.attributes
                0x000001dd       0x2e ./Drivers/STM32WLxx_HAL_Driver/Src/stm32wlxx_hal_rtc_ex.o
 .ARM.attributes
                0x0000020b       0x2e ./Drivers/STM32WLxx_HAL_Driver/stm32wlxx_hal.o
 .ARM.attributes
                0x00000239       0x2e ./Drivers/STM32WLxx_HAL_Driver/stm32wlxx_hal_cortex.o
 .ARM.attributes
                0x00000267       0x2e ./Drivers/STM32WLxx_HAL_Driver/stm32wlxx_hal_gpio.o
 .ARM.attributes
                0x00000295       0x2e ./Drivers/STM32WLxx_HAL_Driver/stm32wlxx_hal_pwr.o
 .ARM.attributes
                0x000002c3       0x2e ./Drivers/STM32WLxx_HAL_Driver/stm32wlxx_hal_pwr_ex.o
 .ARM.attributes
                0x000002f1       0x2e ./Drivers/STM32WLxx_HAL_Driver/stm32wlxx_hal_rcc.o
 .ARM.attributes
                0x0000031f       0x2e ./Drivers/STM32WLxx_HAL_Driver/stm32wlxx_hal_rcc_ex.o
 .ARM.attributes
                0x0000034d       0x2e ./hal/hal_rtc.o
 .ARM.attributes
                0x0000037b       0x2e ./segger/SEGGER_RTT.o
 .ARM.attributes
                0x000003a9       0x2e ./segger/SEGGER_RTT_printf.o
 .ARM.attributes
                0x000003d7       0x2e ./stm32_mem.o
 .ARM.attributes
                0x00000405       0x2e ./timer/timer_if.o
 .ARM.attributes
                0x00000433       0x2e ./tiny_lpm/stm32_lpm.o
 .ARM.attributes
                0x00000461       0x2e ./tiny_lpm/stm32_lpm_if.o
 .ARM.attributes
                0x0000048f       0x2e C:/ST/STM32CubeIDE_1.16.1/STM32CubeIDE/plugins/com.st.stm32cube.ide.mcu.externaltools.gnu-tools-for-stm32.12.3.rel1.win32_1.0.200.202406191623/tools/bin/../lib/gcc/arm-none-eabi/12.3.1/../../../../arm-none-eabi/lib/thumb/v7e-m/nofp\libc_nano.a(libc_a-memset.o)
 .ARM.attributes
                0x000004bd       0x2e C:/ST/STM32CubeIDE_1.16.1/STM32CubeIDE/plugins/com.st.stm32cube.ide.mcu.externaltools.gnu-tools-for-stm32.12.3.rel1.win32_1.0.200.202406191623/tools/bin/../lib/gcc/arm-none-eabi/12.3.1/../../../../arm-none-eabi/lib/thumb/v7e-m/nofp\libc_nano.a(libc_a-init.o)
 .ARM.attributes
                0x000004eb       0x2e C:/ST/STM32CubeIDE_1.16.1/STM32CubeIDE/plugins/com.st.stm32cube.ide.mcu.externaltools.gnu-tools-for-stm32.12.3.rel1.win32_1.0.200.202406191623/tools/bin/../lib/gcc/arm-none-eabi/12.3.1/../../../../arm-none-eabi/lib/thumb/v7e-m/nofp\libc_nano.a(libc_a-memcpy-stub.o)
 .ARM.attributes
                0x00000519       0x1e C:/ST/STM32CubeIDE_1.16.1/STM32CubeIDE/plugins/com.st.stm32cube.ide.mcu.externaltools.gnu-tools-for-stm32.12.3.rel1.win32_1.0.200.202406191623/tools/bin/../lib/gcc/arm-none-eabi/12.3.1/thumb/v7e-m/nofp\libgcc.a(_aeabi_uldivmod.o)
 .ARM.attributes
                0x00000537       0x2e C:/ST/STM32CubeIDE_1.16.1/STM32CubeIDE/plugins/com.st.stm32cube.ide.mcu.externaltools.gnu-tools-for-stm32.12.3.rel1.win32_1.0.200.202406191623/tools/bin/../lib/gcc/arm-none-eabi/12.3.1/thumb/v7e-m/nofp\libgcc.a(_udivmoddi4.o)
 .ARM.attributes
                0x00000565       0x1e C:/ST/STM32CubeIDE_1.16.1/STM32CubeIDE/plugins/com.st.stm32cube.ide.mcu.externaltools.gnu-tools-for-stm32.12.3.rel1.win32_1.0.200.202406191623/tools/bin/../lib/gcc/arm-none-eabi/12.3.1/thumb/v7e-m/nofp\libgcc.a(_dvmd_tls.o)
 .ARM.attributes
                0x00000583       0x1e C:/ST/STM32CubeIDE_1.16.1/STM32CubeIDE/plugins/com.st.stm32cube.ide.mcu.externaltools.gnu-tools-for-stm32.12.3.rel1.win32_1.0.200.202406191623/tools/bin/../lib/gcc/arm-none-eabi/12.3.1/thumb/v7e-m/nofp/crtn.o
OUTPUT(GPIO_EXTI.elf elf32-littlearm)
LOAD linker stubs
LOAD C:/ST/STM32CubeIDE_1.16.1/STM32CubeIDE/plugins/com.st.stm32cube.ide.mcu.externaltools.gnu-tools-for-stm32.12.3.rel1.win32_1.0.200.202406191623/tools/bin/../lib/gcc/arm-none-eabi/12.3.1/../../../../arm-none-eabi/lib/thumb/v7e-m/nofp\libc.a
LOAD C:/ST/STM32CubeIDE_1.16.1/STM32CubeIDE/plugins/com.st.stm32cube.ide.mcu.externaltools.gnu-tools-for-stm32.12.3.rel1.win32_1.0.200.202406191623/tools/bin/../lib/gcc/arm-none-eabi/12.3.1/../../../../arm-none-eabi/lib/thumb/v7e-m/nofp\libm.a
LOAD C:/ST/STM32CubeIDE_1.16.1/STM32CubeIDE/plugins/com.st.stm32cube.ide.mcu.externaltools.gnu-tools-for-stm32.12.3.rel1.win32_1.0.200.202406191623/tools/bin/../lib/gcc/arm-none-eabi/12.3.1/thumb/v7e-m/nofp\libgcc.a

.debug_line     0x00000000    0x12e13
 .debug_line    0x00000000       0x7b ./Application/Startup/startup_stm32wl55jcix.o
 .debug_line    0x0000007b      0xf15 ./Application/User/main.o
 .debug_line    0x00000f90      0xb47 ./Application/User/rtc.o
 .debug_line    0x00001ad7      0xbdb ./Application/User/stm32_seq.o
 .debug_line    0x000026b2      0x8c5 ./Application/User/stm32wlxx_hal_msp.o
 .debug_line    0x00002f77      0x984 ./Application/User/stm32wlxx_it.o
 .debug_line    0x000038fb      0xaa8 ./Drivers/BSP/STM32WLxx_Nucleo/stm32wlxx_nucleo.o
 .debug_line    0x000043a3      0x8dd ./Drivers/CMSIS/system_stm32wlxx.o
 .debug_line    0x00004c80     0x1209 ./Drivers/STM32WLxx_HAL_Driver/Src/stm32wlxx_hal_rtc.o
 .debug_line    0x00005e89     0x1533 ./Drivers/STM32WLxx_HAL_Driver/Src/stm32wlxx_hal_rtc_ex.o
 .debug_line    0x000073bc      0xfa2 ./Drivers/STM32WLxx_HAL_Driver/stm32wlxx_hal.o
 .debug_line    0x0000835e      0xddb ./Drivers/STM32WLxx_HAL_Driver/stm32wlxx_hal_cortex.o
 .debug_line    0x00009139      0xc46 ./Drivers/STM32WLxx_HAL_Driver/stm32wlxx_hal_gpio.o
 .debug_line    0x00009d7f      0xa98 ./Drivers/STM32WLxx_HAL_Driver/stm32wlxx_hal_pwr.o
 .debug_line    0x0000a817      0xf4a ./Drivers/STM32WLxx_HAL_Driver/stm32wlxx_hal_pwr_ex.o
 .debug_line    0x0000b761     0x17c8 ./Drivers/STM32WLxx_HAL_Driver/stm32wlxx_hal_rcc.o
 .debug_line    0x0000cf29     0x148a ./Drivers/STM32WLxx_HAL_Driver/stm32wlxx_hal_rcc_ex.o
 .debug_line    0x0000e3b3      0xbdd ./hal/hal_rtc.o
 .debug_line    0x0000ef90      0xe93 ./segger/SEGGER_RTT.o
 .debug_line    0x0000fe23      0x925 ./segger/SEGGER_RTT_printf.o
 .debug_line    0x00010748      0x6d2 ./stm32_mem.o
 .debug_line    0x00010e1a      0xf13 ./timer/timer_if.o
 .debug_line    0x00011d2d      0x7fc ./tiny_lpm/stm32_lpm.o
 .debug_line    0x00012529      0x8ea ./tiny_lpm/stm32_lpm_if.o

.debug_line_str
                0x00000000       0x97
 .debug_line_str
                0x00000000       0x97 ./Application/Startup/startup_stm32wl55jcix.o

.debug_info     0x00000000    0x1032d
 .debug_info    0x00000000       0x30 ./Application/Startup/startup_stm32wl55jcix.o
 .debug_info    0x00000030     0x1692 ./Application/User/main.o
 .debug_info    0x000016c2      0x86b ./Application/User/rtc.o
 .debug_info    0x00001f2d      0x981 ./Application/User/stm32_seq.o
 .debug_info    0x000028ae       0xce ./Application/User/stm32wlxx_hal_msp.o
 .debug_info    0x0000297c      0x55d ./Application/User/stm32wlxx_it.o
 .debug_info    0x00002ed9      0xd0d ./Drivers/BSP/STM32WLxx_Nucleo/stm32wlxx_nucleo.o
 .debug_info    0x00003be6      0x515 ./Drivers/CMSIS/system_stm32wlxx.o
 .debug_info    0x000040fb     0x1173 ./Drivers/STM32WLxx_HAL_Driver/Src/stm32wlxx_hal_rtc.o
 .debug_info    0x0000526e     0x156c ./Drivers/STM32WLxx_HAL_Driver/Src/stm32wlxx_hal_rtc_ex.o
 .debug_info    0x000067da     0x1165 ./Drivers/STM32WLxx_HAL_Driver/stm32wlxx_hal.o
 .debug_info    0x0000793f      0xd39 ./Drivers/STM32WLxx_HAL_Driver/stm32wlxx_hal_cortex.o
 .debug_info    0x00008678      0x708 ./Drivers/STM32WLxx_HAL_Driver/stm32wlxx_hal_gpio.o
 .debug_info    0x00008d80      0x8e8 ./Drivers/STM32WLxx_HAL_Driver/stm32wlxx_hal_pwr.o
 .debug_info    0x00009668      0xde7 ./Drivers/STM32WLxx_HAL_Driver/stm32wlxx_hal_pwr_ex.o
 .debug_info    0x0000a44f     0x13ef ./Drivers/STM32WLxx_HAL_Driver/stm32wlxx_hal_rcc.o
 .debug_info    0x0000b83e      0xf21 ./Drivers/STM32WLxx_HAL_Driver/stm32wlxx_hal_rcc_ex.o
 .debug_info    0x0000c75f     0x1230 ./hal/hal_rtc.o
 .debug_info    0x0000d98f     0x10d1 ./segger/SEGGER_RTT.o
 .debug_info    0x0000ea60      0x413 ./segger/SEGGER_RTT_printf.o
 .debug_info    0x0000ee73      0x1bd ./stm32_mem.o
 .debug_info    0x0000f030      0xbf8 ./timer/timer_if.o
 .debug_info    0x0000fc28      0x3b8 ./tiny_lpm/stm32_lpm.o
 .debug_info    0x0000ffe0      0x34d ./tiny_lpm/stm32_lpm_if.o

.debug_abbrev   0x00000000     0x3518
 .debug_abbrev  0x00000000       0x24 ./Application/Startup/startup_stm32wl55jcix.o
 .debug_abbrev  0x00000024      0x363 ./Application/User/main.o
 .debug_abbrev  0x00000387      0x2f4 ./Application/User/rtc.o
 .debug_abbrev  0x0000067b      0x278 ./Application/User/stm32_seq.o
 .debug_abbrev  0x000008f3       0x7e ./Application/User/stm32wlxx_hal_msp.o
 .debug_abbrev  0x00000971      0x1aa ./Application/User/stm32wlxx_it.o
 .debug_abbrev  0x00000b1b      0x28c ./Drivers/BSP/STM32WLxx_Nucleo/stm32wlxx_nucleo.o
 .debug_abbrev  0x00000da7      0x13e ./Drivers/CMSIS/system_stm32wlxx.o
 .debug_abbrev  0x00000ee5      0x245 ./Drivers/STM32WLxx_HAL_Driver/Src/stm32wlxx_hal_rtc.o
 .debug_abbrev  0x0000112a      0x264 ./Drivers/STM32WLxx_HAL_Driver/Src/stm32wlxx_hal_rtc_ex.o
 .debug_abbrev  0x0000138e      0x344 ./Drivers/STM32WLxx_HAL_Driver/stm32wlxx_hal.o
 .debug_abbrev  0x000016d2      0x2e8 ./Drivers/STM32WLxx_HAL_Driver/stm32wlxx_hal_cortex.o
 .debug_abbrev  0x000019ba      0x1e9 ./Drivers/STM32WLxx_HAL_Driver/stm32wlxx_hal_gpio.o
 .debug_abbrev  0x00001ba3      0x209 ./Drivers/STM32WLxx_HAL_Driver/stm32wlxx_hal_pwr.o
 .debug_abbrev  0x00001dac      0x302 ./Drivers/STM32WLxx_HAL_Driver/stm32wlxx_hal_pwr_ex.o
 .debug_abbrev  0x000020ae      0x32d ./Drivers/STM32WLxx_HAL_Driver/stm32wlxx_hal_rcc.o
 .debug_abbrev  0x000023db      0x2cb ./Drivers/STM32WLxx_HAL_Driver/stm32wlxx_hal_rcc_ex.o
 .debug_abbrev  0x000026a6      0x345 ./hal/hal_rtc.o
 .debug_abbrev  0x000029eb      0x22e ./segger/SEGGER_RTT.o
 .debug_abbrev  0x00002c19      0x1bc ./segger/SEGGER_RTT_printf.o
 .debug_abbrev  0x00002dd5       0xbd ./stm32_mem.o
 .debug_abbrev  0x00002e92      0x320 ./timer/timer_if.o
 .debug_abbrev  0x000031b2      0x1e1 ./tiny_lpm/stm32_lpm.o
 .debug_abbrev  0x00003393      0x185 ./tiny_lpm/stm32_lpm_if.o

.debug_aranges  0x00000000     0x1480
 .debug_aranges
                0x00000000       0x28 ./Application/Startup/startup_stm32wl55jcix.o
 .debug_aranges
                0x00000028       0xa0 ./Application/User/main.o
 .debug_aranges
                0x000000c8       0xb0 ./Application/User/rtc.o
 .debug_aranges
                0x00000178       0xa8 ./Application/User/stm32_seq.o
 .debug_aranges
                0x00000220       0x20 ./Application/User/stm32wlxx_hal_msp.o
 .debug_aranges
                0x00000240       0x60 ./Application/User/stm32wlxx_it.o
 .debug_aranges
                0x000002a0       0x98 ./Drivers/BSP/STM32WLxx_Nucleo/stm32wlxx_nucleo.o
 .debug_aranges
                0x00000338       0x28 ./Drivers/CMSIS/system_stm32wlxx.o
 .debug_aranges
                0x00000360       0xf8 ./Drivers/STM32WLxx_HAL_Driver/Src/stm32wlxx_hal_rtc.o
 .debug_aranges
                0x00000458      0x1b0 ./Drivers/STM32WLxx_HAL_Driver/Src/stm32wlxx_hal_rtc_ex.o
 .debug_aranges
                0x00000608      0x240 ./Drivers/STM32WLxx_HAL_Driver/stm32wlxx_hal.o
 .debug_aranges
                0x00000848      0x128 ./Drivers/STM32WLxx_HAL_Driver/stm32wlxx_hal_cortex.o
 .debug_aranges
                0x00000970       0x60 ./Drivers/STM32WLxx_HAL_Driver/stm32wlxx_hal_gpio.o
 .debug_aranges
                0x000009d0       0xc8 ./Drivers/STM32WLxx_HAL_Driver/stm32wlxx_hal_pwr.o
 .debug_aranges
                0x00000a98      0x200 ./Drivers/STM32WLxx_HAL_Driver/stm32wlxx_hal_pwr_ex.o
 .debug_aranges
                0x00000c98      0x230 ./Drivers/STM32WLxx_HAL_Driver/stm32wlxx_hal_rcc.o
 .debug_aranges
                0x00000ec8      0x1e8 ./Drivers/STM32WLxx_HAL_Driver/stm32wlxx_hal_rcc_ex.o
 .debug_aranges
                0x000010b0       0xc8 ./hal/hal_rtc.o
 .debug_aranges
                0x00001178      0x138 ./segger/SEGGER_RTT.o
 .debug_aranges
                0x000012b0       0x40 ./segger/SEGGER_RTT_printf.o
 .debug_aranges
                0x000012f0       0x30 ./stm32_mem.o
 .debug_aranges
                0x00001320       0xc8 ./timer/timer_if.o
 .debug_aranges
                0x000013e8       0x48 ./tiny_lpm/stm32_lpm.o
 .debug_aranges
                0x00001430       0x50 ./tiny_lpm/stm32_lpm_if.o

.debug_str      0x00000000    0xb801e
 .debug_str     0x00000000       0xb3 ./Application/Startup/startup_stm32wl55jcix.o
 .debug_str     0x000000b3    0xb01e1 ./Application/User/main.o
                              0xb0c6b (size before relaxing)
 .debug_str     0x000b0294      0x349 ./Application/User/rtc.o
                               0x873f (size before relaxing)
 .debug_str     0x000b05dd      0x392 ./Application/User/stm32_seq.o
                               0x8783 (size before relaxing)
 .debug_str     0x000b096f       0x79 ./Application/User/stm32wlxx_hal_msp.o
                              0xaa59d (size before relaxing)
 .debug_str     0x000b09e8      0x149 ./Application/User/stm32wlxx_it.o
                              0xaaa12 (size before relaxing)
 .debug_str     0x000b0b31      0x326 ./Drivers/BSP/STM32WLxx_Nucleo/stm32wlxx_nucleo.o
                              0xaafb3 (size before relaxing)
 .debug_str     0x000b0e57       0xeb ./Drivers/CMSIS/system_stm32wlxx.o
                              0xa9d22 (size before relaxing)
 .debug_str     0x000b0f42      0x5c5 ./Drivers/STM32WLxx_HAL_Driver/Src/stm32wlxx_hal_rtc.o
                              0xaa655 (size before relaxing)
 .debug_str     0x000b1507      0x664 ./Drivers/STM32WLxx_HAL_Driver/Src/stm32wlxx_hal_rtc_ex.o
                              0xaa819 (size before relaxing)
 .debug_str     0x000b1b6b      0x8e3 ./Drivers/STM32WLxx_HAL_Driver/stm32wlxx_hal.o
                              0xaaae0 (size before relaxing)
 .debug_str     0x000b244e      0x3b5 ./Drivers/STM32WLxx_HAL_Driver/stm32wlxx_hal_cortex.o
                              0xaa416 (size before relaxing)
 .debug_str     0x000b2803       0xd1 ./Drivers/STM32WLxx_HAL_Driver/stm32wlxx_hal_gpio.o
                              0xa9d51 (size before relaxing)
 .debug_str     0x000b28d4      0x536 ./Drivers/STM32WLxx_HAL_Driver/stm32wlxx_hal_pwr.o
                              0xaa150 (size before relaxing)
 .debug_str     0x000b2e0a      0x6d8 ./Drivers/STM32WLxx_HAL_Driver/stm32wlxx_hal_pwr_ex.o
                              0xaa4b0 (size before relaxing)
 .debug_str     0x000b34e2      0xad6 ./Drivers/STM32WLxx_HAL_Driver/stm32wlxx_hal_rcc.o
                              0xaaac4 (size before relaxing)
 .debug_str     0x000b3fb8      0x6d5 ./Drivers/STM32WLxx_HAL_Driver/stm32wlxx_hal_rcc_ex.o
                              0xaa61f (size before relaxing)
 .debug_str     0x000b468d     0x21b2 ./hal/hal_rtc.o
                              0xad5ae (size before relaxing)
 .debug_str     0x000b683f      0x70f ./segger/SEGGER_RTT.o
                               0x78e7 (size before relaxing)
 .debug_str     0x000b6f4e      0x178 ./segger/SEGGER_RTT_printf.o
                               0x72f6 (size before relaxing)
 .debug_str     0x000b70c6       0x76 ./stm32_mem.o
                               0x823a (size before relaxing)
 .debug_str     0x000b713c      0xb9c ./timer/timer_if.o
                              0xb1bdb (size before relaxing)
 .debug_str     0x000b7cd8      0x263 ./tiny_lpm/stm32_lpm.o
                               0x8538 (size before relaxing)
 .debug_str     0x000b7f3b       0xe3 ./tiny_lpm/stm32_lpm_if.o
                              0xa9c7b (size before relaxing)

.debug_rnglists
                0x00000000      0xf46
 .debug_rnglists
                0x00000000       0x19 ./Application/Startup/startup_stm32wl55jcix.o
 .debug_rnglists
                0x00000019       0x78 ./Application/User/main.o
 .debug_rnglists
                0x00000091       0x82 ./Application/User/rtc.o
 .debug_rnglists
                0x00000113       0x7c ./Application/User/stm32_seq.o
 .debug_rnglists
                0x0000018f       0x13 ./Application/User/stm32wlxx_hal_msp.o
 .debug_rnglists
                0x000001a2       0x43 ./Application/User/stm32wlxx_it.o
 .debug_rnglists
                0x000001e5       0x6e ./Drivers/BSP/STM32WLxx_Nucleo/stm32wlxx_nucleo.o
 .debug_rnglists
                0x00000253       0x1a ./Drivers/CMSIS/system_stm32wlxx.o
 .debug_rnglists
                0x0000026d       0xc1 ./Drivers/STM32WLxx_HAL_Driver/Src/stm32wlxx_hal_rtc.o
 .debug_rnglists
                0x0000032e      0x14e ./Drivers/STM32WLxx_HAL_Driver/Src/stm32wlxx_hal_rtc_ex.o
 .debug_rnglists
                0x0000047c      0x1ab ./Drivers/STM32WLxx_HAL_Driver/stm32wlxx_hal.o
 .debug_rnglists
                0x00000627       0xd9 ./Drivers/STM32WLxx_HAL_Driver/stm32wlxx_hal_cortex.o
 .debug_rnglists
                0x00000700       0x45 ./Drivers/STM32WLxx_HAL_Driver/stm32wlxx_hal_gpio.o
 .debug_rnglists
                0x00000745       0x91 ./Drivers/STM32WLxx_HAL_Driver/stm32wlxx_hal_pwr.o
 .debug_rnglists
                0x000007d6      0x180 ./Drivers/STM32WLxx_HAL_Driver/stm32wlxx_hal_pwr_ex.o
 .debug_rnglists
                0x00000956      0x1a6 ./Drivers/STM32WLxx_HAL_Driver/stm32wlxx_hal_rcc.o
 .debug_rnglists
                0x00000afc      0x16e ./Drivers/STM32WLxx_HAL_Driver/stm32wlxx_hal_rcc_ex.o
 .debug_rnglists
                0x00000c6a       0x93 ./hal/hal_rtc.o
 .debug_rnglists
                0x00000cfd       0xf5 ./segger/SEGGER_RTT.o
 .debug_rnglists
                0x00000df2       0x3a ./segger/SEGGER_RTT_printf.o
 .debug_rnglists
                0x00000e2c       0x1f ./stm32_mem.o
 .debug_rnglists
                0x00000e4b       0x93 ./timer/timer_if.o
 .debug_rnglists
                0x00000ede       0x31 ./tiny_lpm/stm32_lpm.o
 .debug_rnglists
                0x00000f0f       0x37 ./tiny_lpm/stm32_lpm_if.o

.debug_macro    0x00000000    0x1e776
 .debug_macro   0x00000000      0x4b2 ./Application/User/main.o
 .debug_macro   0x000004b2      0xaba ./Application/User/main.o
 .debug_macro   0x00000f6c      0x11e ./Application/User/main.o
 .debug_macro   0x0000108a       0x2e ./Application/User/main.o
 .debug_macro   0x000010b8       0x3a ./Application/User/main.o
 .debug_macro   0x000010f2       0x22 ./Application/User/main.o
 .debug_macro   0x00001114       0x8e ./Application/User/main.o
 .debug_macro   0x000011a2       0x51 ./Application/User/main.o
 .debug_macro   0x000011f3      0x103 ./Application/User/main.o
 .debug_macro   0x000012f6       0x6a ./Application/User/main.o
 .debug_macro   0x00001360      0x1df ./Application/User/main.o
 .debug_macro   0x0000153f       0x1c ./Application/User/main.o
 .debug_macro   0x0000155b       0x22 ./Application/User/main.o
 .debug_macro   0x0000157d       0xfb ./Application/User/main.o
 .debug_macro   0x00001678     0x1011 ./Application/User/main.o
 .debug_macro   0x00002689      0x11f ./Application/User/main.o
 .debug_macro   0x000027a8     0xf31a ./Application/User/main.o
 .debug_macro   0x00011ac2       0x6d ./Application/User/main.o
 .debug_macro   0x00011b2f     0x341d ./Application/User/main.o
 .debug_macro   0x00014f4c      0x189 ./Application/User/main.o
 .debug_macro   0x000150d5       0x5c ./Application/User/main.o
 .debug_macro   0x00015131      0x416 ./Application/User/main.o
 .debug_macro   0x00015547      0x29c ./Application/User/main.o
 .debug_macro   0x000157e3      0x35a ./Application/User/main.o
 .debug_macro   0x00015b3d      0x196 ./Application/User/main.o
 .debug_macro   0x00015cd3       0x4a ./Application/User/main.o
 .debug_macro   0x00015d1d      0x236 ./Application/User/main.o
 .debug_macro   0x00015f53      0x229 ./Application/User/main.o
 .debug_macro   0x0001617c      0x3fa ./Application/User/main.o
 .debug_macro   0x00016576       0x2e ./Application/User/main.o
 .debug_macro   0x000165a4      0x107 ./Application/User/main.o
 .debug_macro   0x000166ab      0x1ba ./Application/User/main.o
 .debug_macro   0x00016865       0xe6 ./Application/User/main.o
 .debug_macro   0x0001694b      0x283 ./Application/User/main.o
 .debug_macro   0x00016bce      0x133 ./Application/User/main.o
 .debug_macro   0x00016d01      0x36f ./Application/User/main.o
 .debug_macro   0x00017070      0x683 ./Application/User/main.o
 .debug_macro   0x000176f3      0x20e ./Application/User/main.o
 .debug_macro   0x00017901      0xfb4 ./Application/User/main.o
 .debug_macro   0x000188b5      0x136 ./Application/User/main.o
 .debug_macro   0x000189eb      0x2db ./Application/User/main.o
 .debug_macro   0x00018cc6      0x32f ./Application/User/main.o
 .debug_macro   0x00018ff5      0x679 ./Application/User/main.o
 .debug_macro   0x0001966e       0xeb ./Application/User/main.o
 .debug_macro   0x00019759      0x45a ./Application/User/main.o
 .debug_macro   0x00019bb3      0x3c0 ./Application/User/main.o
 .debug_macro   0x00019f73       0x52 ./Application/User/main.o
 .debug_macro   0x00019fc5       0x1c ./Application/User/main.o
 .debug_macro   0x00019fe1      0x13f ./Application/User/main.o
 .debug_macro   0x0001a120       0x16 ./Application/User/main.o
 .debug_macro   0x0001a136       0x22 ./Application/User/main.o
 .debug_macro   0x0001a158       0x22 ./Application/User/main.o
 .debug_macro   0x0001a17a       0x10 ./Application/User/main.o
 .debug_macro   0x0001a18a       0x58 ./Application/User/main.o
 .debug_macro   0x0001a1e2       0x61 ./Application/User/main.o
 .debug_macro   0x0001a243       0x24 ./Application/User/main.o
 .debug_macro   0x0001a267       0x43 ./Application/User/main.o
 .debug_macro   0x0001a2aa       0x34 ./Application/User/main.o
 .debug_macro   0x0001a2de       0x16 ./Application/User/main.o
 .debug_macro   0x0001a2f4       0x43 ./Application/User/main.o
 .debug_macro   0x0001a337       0x34 ./Application/User/main.o
 .debug_macro   0x0001a36b       0x10 ./Application/User/main.o
 .debug_macro   0x0001a37b       0x58 ./Application/User/main.o
 .debug_macro   0x0001a3d3       0x8e ./Application/User/main.o
 .debug_macro   0x0001a461       0x1c ./Application/User/main.o
 .debug_macro   0x0001a47d      0x177 ./Application/User/main.o
 .debug_macro   0x0001a5f4      0x369 ./Application/User/main.o
 .debug_macro   0x0001a95d       0x10 ./Application/User/main.o
 .debug_macro   0x0001a96d       0x35 ./Application/User/main.o
 .debug_macro   0x0001a9a2       0x20 ./Application/User/main.o
 .debug_macro   0x0001a9c2       0xcb ./Application/User/main.o
 .debug_macro   0x0001aa8d       0x16 ./Application/User/main.o
 .debug_macro   0x0001aaa3       0x10 ./Application/User/main.o
 .debug_macro   0x0001aab3       0x10 ./Application/User/main.o
 .debug_macro   0x0001aac3       0x10 ./Application/User/main.o
 .debug_macro   0x0001aad3       0x1c ./Application/User/main.o
 .debug_macro   0x0001aaef       0x52 ./Application/User/main.o
 .debug_macro   0x0001ab41       0x22 ./Application/User/main.o
 .debug_macro   0x0001ab63       0x10 ./Application/User/main.o
 .debug_macro   0x0001ab73       0x52 ./Application/User/main.o
 .debug_macro   0x0001abc5       0xcf ./Application/User/main.o
 .debug_macro   0x0001ac94       0x1c ./Application/User/main.o
 .debug_macro   0x0001acb0       0x3d ./Application/User/main.o
 .debug_macro   0x0001aced       0x35 ./Application/User/main.o
 .debug_macro   0x0001ad22       0xa6 ./Application/User/main.o
 .debug_macro   0x0001adc8       0x49 ./Application/User/main.o
 .debug_macro   0x0001ae11       0x16 ./Application/User/main.o
 .debug_macro   0x0001ae27       0x16 ./Application/User/main.o
 .debug_macro   0x0001ae3d       0x16 ./Application/User/main.o
 .debug_macro   0x0001ae53       0x29 ./Application/User/main.o
 .debug_macro   0x0001ae7c      0x123 ./Application/User/main.o
 .debug_macro   0x0001af9f      0x1a7 ./Application/User/rtc.o
 .debug_macro   0x0001b146      0x1b7 ./Application/User/stm32_seq.o
 .debug_macro   0x0001b2fd       0x1c ./Application/User/stm32_seq.o
 .debug_macro   0x0001b319      0x23a ./Application/User/stm32wlxx_hal_msp.o
 .debug_macro   0x0001b553      0x244 ./Application/User/stm32wlxx_it.o
 .debug_macro   0x0001b797      0x231 ./Drivers/BSP/STM32WLxx_Nucleo/stm32wlxx_nucleo.o
 .debug_macro   0x0001b9c8       0x16 ./Drivers/BSP/STM32WLxx_Nucleo/stm32wlxx_nucleo.o
 .debug_macro   0x0001b9de      0x20a ./Drivers/CMSIS/system_stm32wlxx.o
 .debug_macro   0x0001bbe8      0x20b ./Drivers/STM32WLxx_HAL_Driver/Src/stm32wlxx_hal_rtc.o
 .debug_macro   0x0001bdf3      0x211 ./Drivers/STM32WLxx_HAL_Driver/Src/stm32wlxx_hal_rtc_ex.o
 .debug_macro   0x0001c004      0x22e ./Drivers/STM32WLxx_HAL_Driver/stm32wlxx_hal.o
 .debug_macro   0x0001c232      0x20a ./Drivers/STM32WLxx_HAL_Driver/stm32wlxx_hal_cortex.o
 .debug_macro   0x0001c43c      0x210 ./Drivers/STM32WLxx_HAL_Driver/stm32wlxx_hal_gpio.o
 .debug_macro   0x0001c64c      0x264 ./Drivers/STM32WLxx_HAL_Driver/stm32wlxx_hal_pwr.o
 .debug_macro   0x0001c8b0      0x21c ./Drivers/STM32WLxx_HAL_Driver/stm32wlxx_hal_pwr_ex.o
 .debug_macro   0x0001cacc      0x26a ./Drivers/STM32WLxx_HAL_Driver/stm32wlxx_hal_rcc.o
 .debug_macro   0x0001cd36      0x21c ./Drivers/STM32WLxx_HAL_Driver/stm32wlxx_hal_rcc_ex.o
 .debug_macro   0x0001cf52      0x2c5 ./hal/hal_rtc.o
 .debug_macro   0x0001d217      0x4d0 ./hal/hal_rtc.o
 .debug_macro   0x0001d6e7       0x2a ./hal/hal_rtc.o
 .debug_macro   0x0001d711      0x1b9 ./segger/SEGGER_RTT.o
 .debug_macro   0x0001d8ca      0x11c ./segger/SEGGER_RTT.o
 .debug_macro   0x0001d9e6       0x94 ./segger/SEGGER_RTT.o
 .debug_macro   0x0001da7a       0x16 ./segger/SEGGER_RTT.o
 .debug_macro   0x0001da90      0x145 ./segger/SEGGER_RTT_printf.o
 .debug_macro   0x0001dbd5      0x17e ./stm32_mem.o
 .debug_macro   0x0001dd53      0x468 ./timer/timer_if.o
 .debug_macro   0x0001e1bb      0x19b ./timer/timer_if.o
 .debug_macro   0x0001e356       0x56 ./timer/timer_if.o
 .debug_macro   0x0001e3ac      0x1ac ./tiny_lpm/stm32_lpm.o
 .debug_macro   0x0001e558      0x21e ./tiny_lpm/stm32_lpm_if.o

.comment        0x00000000       0x43
 .comment       0x00000000       0x43 ./Application/User/main.o
                                 0x44 (size before relaxing)
 .comment       0x00000043       0x44 ./Application/User/rtc.o
 .comment       0x00000043       0x44 ./Application/User/stm32_seq.o
 .comment       0x00000043       0x44 ./Application/User/stm32wlxx_hal_msp.o
 .comment       0x00000043       0x44 ./Application/User/stm32wlxx_it.o
 .comment       0x00000043       0x44 ./Drivers/BSP/STM32WLxx_Nucleo/stm32wlxx_nucleo.o
 .comment       0x00000043       0x44 ./Drivers/CMSIS/system_stm32wlxx.o
 .comment       0x00000043       0x44 ./Drivers/STM32WLxx_HAL_Driver/Src/stm32wlxx_hal_rtc.o
 .comment       0x00000043       0x44 ./Drivers/STM32WLxx_HAL_Driver/Src/stm32wlxx_hal_rtc_ex.o
 .comment       0x00000043       0x44 ./Drivers/STM32WLxx_HAL_Driver/stm32wlxx_hal.o
 .comment       0x00000043       0x44 ./Drivers/STM32WLxx_HAL_Driver/stm32wlxx_hal_cortex.o
 .comment       0x00000043       0x44 ./Drivers/STM32WLxx_HAL_Driver/stm32wlxx_hal_gpio.o
 .comment       0x00000043       0x44 ./Drivers/STM32WLxx_HAL_Driver/stm32wlxx_hal_pwr.o
 .comment       0x00000043       0x44 ./Drivers/STM32WLxx_HAL_Driver/stm32wlxx_hal_pwr_ex.o
 .comment       0x00000043       0x44 ./Drivers/STM32WLxx_HAL_Driver/stm32wlxx_hal_rcc.o
 .comment       0x00000043       0x44 ./Drivers/STM32WLxx_HAL_Driver/stm32wlxx_hal_rcc_ex.o
 .comment       0x00000043       0x44 ./hal/hal_rtc.o
 .comment       0x00000043       0x44 ./segger/SEGGER_RTT.o
 .comment       0x00000043       0x44 ./segger/SEGGER_RTT_printf.o
 .comment       0x00000043       0x44 ./stm32_mem.o
 .comment       0x00000043       0x44 ./timer/timer_if.o
 .comment       0x00000043       0x44 ./tiny_lpm/stm32_lpm.o
 .comment       0x00000043       0x44 ./tiny_lpm/stm32_lpm_if.o

.debug_frame    0x00000000     0x5358
 .debug_frame   0x00000000      0x250 ./Application/User/main.o
 .debug_frame   0x00000250      0x2c0 ./Application/User/rtc.o
 .debug_frame   0x00000510      0x2ac ./Application/User/stm32_seq.o
 .debug_frame   0x000007bc       0x30 ./Application/User/stm32wlxx_hal_msp.o
 .debug_frame   0x000007ec      0x114 ./Application/User/stm32wlxx_it.o
 .debug_frame   0x00000900      0x23c ./Drivers/BSP/STM32WLxx_Nucleo/stm32wlxx_nucleo.o
 .debug_frame   0x00000b3c       0x58 ./Drivers/CMSIS/system_stm32wlxx.o
 .debug_frame   0x00000b94      0x448 ./Drivers/STM32WLxx_HAL_Driver/Src/stm32wlxx_hal_rtc.o
 .debug_frame   0x00000fdc      0x7c4 ./Drivers/STM32WLxx_HAL_Driver/Src/stm32wlxx_hal_rtc_ex.o
 .debug_frame   0x000017a0      0x948 ./Drivers/STM32WLxx_HAL_Driver/stm32wlxx_hal.o
 .debug_frame   0x000020e8      0x4e8 ./Drivers/STM32WLxx_HAL_Driver/stm32wlxx_hal_cortex.o
 .debug_frame   0x000025d0      0x174 ./Drivers/STM32WLxx_HAL_Driver/stm32wlxx_hal_gpio.o
 .debug_frame   0x00002744      0x31c ./Drivers/STM32WLxx_HAL_Driver/stm32wlxx_hal_pwr.o
 .debug_frame   0x00002a60      0x894 ./Drivers/STM32WLxx_HAL_Driver/stm32wlxx_hal_pwr_ex.o
 .debug_frame   0x000032f4      0x8fc ./Drivers/STM32WLxx_HAL_Driver/stm32wlxx_hal_rcc.o
 .debug_frame   0x00003bf0      0x7ec ./Drivers/STM32WLxx_HAL_Driver/stm32wlxx_hal_rcc_ex.o
 .debug_frame   0x000043dc      0x32c ./hal/hal_rtc.o
 .debug_frame   0x00004708      0x530 ./segger/SEGGER_RTT.o
 .debug_frame   0x00004c38       0xe0 ./segger/SEGGER_RTT_printf.o
 .debug_frame   0x00004d18       0x88 ./stm32_mem.o
 .debug_frame   0x00004da0      0x318 ./timer/timer_if.o
 .debug_frame   0x000050b8       0xec ./tiny_lpm/stm32_lpm.o
 .debug_frame   0x000051a4       0xe0 ./tiny_lpm/stm32_lpm_if.o
 .debug_frame   0x00005284       0x20 C:/ST/STM32CubeIDE_1.16.1/STM32CubeIDE/plugins/com.st.stm32cube.ide.mcu.externaltools.gnu-tools-for-stm32.12.3.rel1.win32_1.0.200.202406191623/tools/bin/../lib/gcc/arm-none-eabi/12.3.1/../../../../arm-none-eabi/lib/thumb/v7e-m/nofp\libc_nano.a(libc_a-memset.o)
 .debug_frame   0x000052a4       0x2c C:/ST/STM32CubeIDE_1.16.1/STM32CubeIDE/plugins/com.st.stm32cube.ide.mcu.externaltools.gnu-tools-for-stm32.12.3.rel1.win32_1.0.200.202406191623/tools/bin/../lib/gcc/arm-none-eabi/12.3.1/../../../../arm-none-eabi/lib/thumb/v7e-m/nofp\libc_nano.a(libc_a-init.o)
 .debug_frame   0x000052d0       0x28 C:/ST/STM32CubeIDE_1.16.1/STM32CubeIDE/plugins/com.st.stm32cube.ide.mcu.externaltools.gnu-tools-for-stm32.12.3.rel1.win32_1.0.200.202406191623/tools/bin/../lib/gcc/arm-none-eabi/12.3.1/../../../../arm-none-eabi/lib/thumb/v7e-m/nofp\libc_nano.a(libc_a-memcpy-stub.o)
 .debug_frame   0x000052f8       0x2c C:/ST/STM32CubeIDE_1.16.1/STM32CubeIDE/plugins/com.st.stm32cube.ide.mcu.externaltools.gnu-tools-for-stm32.12.3.rel1.win32_1.0.200.202406191623/tools/bin/../lib/gcc/arm-none-eabi/12.3.1/thumb/v7e-m/nofp\libgcc.a(_aeabi_uldivmod.o)
 .debug_frame   0x00005324       0x34 C:/ST/STM32CubeIDE_1.16.1/STM32CubeIDE/plugins/com.st.stm32cube.ide.mcu.externaltools.gnu-tools-for-stm32.12.3.rel1.win32_1.0.200.202406191623/tools/bin/../lib/gcc/arm-none-eabi/12.3.1/thumb/v7e-m/nofp\libgcc.a(_udivmoddi4.o)
